[launcher] physical_gpus=1,3,4,5 nproc=4 local_batch=32 global_batch=128
08/11 [20:21:34] INFO     | >> PyTorch version 2.8.0+cu126          config.py:54
                          available.                                            
08/11 [20:21:34] INFO     | >> PyTorch version 2.8.0+cu126          config.py:54
                          available.                                            
08/11 [20:21:35] INFO     | >> PyTorch version 2.8.0+cu126          config.py:54
                          available.                                            
08/11 [20:21:36] INFO     | >> PyTorch version 2.8.0+cu126          config.py:54
                          available.                                            
[model] SEC284=76,624,896 trainable=76,624,896 LAP6=59,715,104 LaWM=228,286,720 Expert=306,405,632; frozen=LAP6,LaWM,Expert
[train] world=4 local_batch=32 global_batch=128 steps=2000 precision=BF16-autocast samples=24,140
[step] 1/2000 total=2.250000 repr=0.066734 raw=0.053540 white=0.023107 cos=0.038607 dynamic=0.149274 dynamic_cos=0.130307 std_ratio=0.871362 behavior=0.003911 flow=0.004929 grad=107.566383 lr=2.000e-07 step_time=2.23s eta=1.24h peak_cuda_rank0=8.70GiB scales={'repr': 0.06673429906368256, 'behavior': 0.0039109839126467705, 'flow': 0.004929272457957268}
[step] 10/2000 total=2.376089 repr=0.065969 raw=0.052889 white=0.022777 cos=0.038096 dynamic=0.148422 dynamic_cos=0.130198 std_ratio=0.873779 behavior=0.004377 flow=0.005609 grad=105.630532 lr=1.100e-06 step_time=1.11s eta=0.61h peak_cuda_rank0=9.31GiB scales={'repr': 0.06660996468461275, 'behavior': 0.0039873851062519955, 'flow': 0.005045632602572341}
[step] 20/2000 total=2.306612 repr=0.066105 raw=0.053109 white=0.022892 cos=0.038254 dynamic=0.147455 dynamic_cos=0.129414 std_ratio=0.874358 behavior=0.004207 flow=0.005378 grad=116.698210 lr=2.100e-06 step_time=1.10s eta=0.60h peak_cuda_rank0=9.31GiB scales={'repr': 0.06651561968816698, 'behavior': 0.004027812535103513, 'flow': 0.005106330274684609}
[step] 30/2000 total=2.104721 repr=0.066605 raw=0.053489 white=0.023067 cos=0.038541 dynamic=0.148660 dynamic_cos=0.130376 std_ratio=0.873602 behavior=0.003455 flow=0.004741 grad=88.361733 lr=3.100e-06 step_time=1.24s eta=0.68h peak_cuda_rank0=9.31GiB scales={'repr': 0.06653225090390896, 'behavior': 0.003922974657990813, 'flow': 0.005037002908905939}
[step] 40/2000 total=1.977950 repr=0.067886 raw=0.054447 white=0.023520 cos=0.039259 dynamic=0.151795 dynamic_cos=0.134155 std_ratio=0.875706 behavior=0.002871 flow=0.004114 grad=77.299263 lr=4.100e-06 step_time=1.09s eta=0.59h peak_cuda_rank0=9.31GiB scales={'repr': 0.06678290349547786, 'behavior': 0.0037292721147751257, 'flow': 0.004868992896388464}
[step] 50/2000 total=2.132765 repr=0.069174 raw=0.055566 white=0.024072 cos=0.040101 dynamic=0.153134 dynamic_cos=0.134736 std_ratio=0.873249 behavior=0.003262 flow=0.004277 grad=74.913441 lr=5.100e-06 step_time=1.12s eta=0.61h peak_cuda_rank0=9.31GiB scales={'repr': 0.06722054398163933, 'behavior': 0.003639434718517009, 'flow': 0.004754497103329605}
[step] 60/2000 total=2.317781 repr=0.070168 raw=0.056478 white=0.024489 cos=0.040791 dynamic=0.154002 dynamic_cos=0.134628 std_ratio=0.870148 behavior=0.003716 flow=0.004911 grad=80.011841 lr=6.100e-06 step_time=1.05s eta=0.57h peak_cuda_rank0=9.31GiB scales={'repr': 0.06776087321416834, 'behavior': 0.003655205042192123, 'flow': 0.004784823298274508}
[step] 70/2000 total=2.170140 repr=0.070914 raw=0.057001 white=0.024824 cos=0.041185 dynamic=0.155306 dynamic_cos=0.136590 std_ratio=0.872213 behavior=0.003239 flow=0.004471 grad=65.967870 lr=7.100e-06 step_time=1.07s eta=0.58h peak_cuda_rank0=9.31GiB scales={'repr': 0.06833852082081497, 'behavior': 0.0035775401512978355, 'flow': 0.004724997276466104}
[step] 80/2000 total=2.272561 repr=0.070638 raw=0.057050 white=0.025010 cos=0.041203 dynamic=0.150422 dynamic_cos=0.133945 std_ratio=0.879581 behavior=0.003532 flow=0.004809 grad=72.403112 lr=8.100e-06 step_time=1.12s eta=0.60h peak_cuda_rank0=9.31GiB scales={'repr': 0.06876117628142323, 'behavior': 0.0035695239497301056, 'flow': 0.004738671890103327}
[step] 90/2000 total=2.259221 repr=0.072491 raw=0.058356 white=0.025587 cos=0.042179 dynamic=0.156162 dynamic_cos=0.139028 std_ratio=0.877350 behavior=0.003457 flow=0.004525 grad=61.420330 lr=9.100e-06 step_time=1.18s eta=0.63h peak_cuda_rank0=9.31GiB scales={'repr': 0.06944625453954446, 'behavior': 0.0035488547941197354, 'flow': 0.004699244598891892}
[step] 100/2000 total=2.364647 repr=0.072781 raw=0.058848 white=0.025948 cos=0.042555 dynamic=0.152817 dynamic_cos=0.137114 std_ratio=0.882272 behavior=0.003803 flow=0.004866 grad=65.603783 lr=1.000e-05 step_time=1.04s eta=0.55h peak_cuda_rank0=9.31GiB scales={'repr': 0.0700550884606844, 'behavior': 0.0035955736727832687, 'flow': 0.004730046307588174}
[step] 110/2000 total=2.364654 repr=0.073199 raw=0.058939 white=0.025997 cos=0.042602 dynamic=0.156020 dynamic_cos=0.139579 std_ratio=0.879795 behavior=0.003868 flow=0.004854 grad=63.969975 lr=9.999e-06 step_time=1.03s eta=0.54h peak_cuda_rank0=9.31GiB scales={'repr': 0.07063125727300852, 'behavior': 0.0036465570268596073, 'flow': 0.004754895551742477}
[step] 120/2000 total=1.994338 repr=0.073528 raw=0.059289 white=0.026204 cos=0.042864 dynamic=0.155365 dynamic_cos=0.139217 std_ratio=0.880761 behavior=0.002691 flow=0.003752 grad=45.037397 lr=9.998e-06 step_time=0.94s eta=0.49h peak_cuda_rank0=9.31GiB scales={'repr': 0.07115719759255976, 'behavior': 0.0034707162004513777, 'flow': 0.004568583892948642}
[step] 130/2000 total=2.223393 repr=0.073372 raw=0.059189 white=0.026225 cos=0.042791 dynamic=0.154129 dynamic_cos=0.138663 std_ratio=0.883121 behavior=0.003322 flow=0.004289 grad=54.067730 lr=9.994e-06 step_time=0.94s eta=0.49h peak_cuda_rank0=9.31GiB scales={'repr': 0.07156681252941453, 'behavior': 0.0034421586126205436, 'flow': 0.004517345469944117}
[step] 140/2000 total=2.356106 repr=0.073985 raw=0.059798 white=0.026452 cos=0.043229 dynamic=0.154725 dynamic_cos=0.139586 std_ratio=0.884324 behavior=0.003706 flow=0.004578 grad=76.949495 lr=9.990e-06 step_time=1.02s eta=0.53h peak_cuda_rank0=9.31GiB scales={'repr': 0.07200686577919622, 'behavior': 0.003493510791211956, 'flow': 0.0045310636820945285}
[step] 150/2000 total=2.226881 repr=0.074932 raw=0.060389 white=0.026739 cos=0.043681 dynamic=0.158139 dynamic_cos=0.142445 std_ratio=0.882379 behavior=0.003367 flow=0.004081 grad=67.144817 lr=9.985e-06 step_time=1.03s eta=0.53h peak_cuda_rank0=9.31GiB scales={'repr': 0.07253848553542108, 'behavior': 0.0034680748460900364, 'flow': 0.004447029625759104}
[step] 160/2000 total=2.197314 repr=0.074794 raw=0.060491 white=0.026833 cos=0.043741 dynamic=0.155281 dynamic_cos=0.140358 std_ratio=0.885083 behavior=0.003283 flow=0.003866 grad=48.729619 lr=9.978e-06 step_time=1.03s eta=0.52h peak_cuda_rank0=9.31GiB scales={'repr': 0.07294761808998723, 'behavior': 0.0034327023578379235, 'flow': 0.004340546038004203}
[step] 170/2000 total=2.157451 repr=0.074366 raw=0.060270 white=0.026647 cos=0.043597 dynamic=0.154036 dynamic_cos=0.139631 std_ratio=0.886973 behavior=0.003106 flow=0.003920 grad=54.613612 lr=9.970e-06 step_time=1.03s eta=0.53h peak_cuda_rank0=9.31GiB scales={'repr': 0.07320236439248541, 'behavior': 0.0033721188688821003, 'flow': 0.004262656066384259}
[step] 180/2000 total=2.162533 repr=0.074070 raw=0.060033 white=0.026545 cos=0.043377 dynamic=0.153404 dynamic_cos=0.139715 std_ratio=0.889643 behavior=0.003084 flow=0.003975 grad=48.173006 lr=9.961e-06 step_time=0.97s eta=0.49h peak_cuda_rank0=9.31GiB scales={'repr': 0.07335665447125508, 'behavior': 0.003316918080522215, 'flow': 0.004205403158359338}
[step] 190/2000 total=2.176132 repr=0.073364 raw=0.059482 white=0.026295 cos=0.042967 dynamic=0.151801 dynamic_cos=0.138931 std_ratio=0.892869 behavior=0.003058 flow=0.003943 grad=68.560785 lr=9.950e-06 step_time=0.98s eta=0.49h peak_cuda_rank0=9.31GiB scales={'repr': 0.0733630387461269, 'behavior': 0.003275572346806275, 'flow': 0.004165096057688902}
[step] 200/2000 total=2.186332 repr=0.073700 raw=0.059535 white=0.026246 cos=0.043012 dynamic=0.155357 dynamic_cos=0.140540 std_ratio=0.885537 behavior=0.003065 flow=0.003985 grad=56.314537 lr=9.939e-06 step_time=1.10s eta=0.55h peak_cuda_rank0=9.31GiB scales={'repr': 0.07342129150904647, 'behavior': 0.0032374004541816954, 'flow': 0.004131573393643977}
[step] 210/2000 total=2.105431 repr=0.073974 raw=0.059861 white=0.026376 cos=0.043242 dynamic=0.155064 dynamic_cos=0.141041 std_ratio=0.888526 behavior=0.002749 flow=0.003884 grad=56.648375 lr=9.926e-06 step_time=1.11s eta=0.55h peak_cuda_rank0=9.31GiB scales={'repr': 0.07352108954883811, 'behavior': 0.0031481581922270896, 'flow': 0.004084982418072862}
[step] 220/2000 total=2.308363 repr=0.073943 raw=0.059575 white=0.026204 cos=0.043044 dynamic=0.157995 dynamic_cos=0.141991 std_ratio=0.881361 behavior=0.003317 flow=0.004099 grad=57.793948 lr=9.912e-06 step_time=1.20s eta=0.59h peak_cuda_rank0=9.31GiB scales={'repr': 0.07359893481093228, 'behavior': 0.0031816608312028385, 'flow': 0.0040906024873882015}
[step] 230/2000 total=2.232014 repr=0.073344 raw=0.059579 white=0.026227 cos=0.043027 dynamic=0.151765 dynamic_cos=0.139489 std_ratio=0.895188 behavior=0.003107 flow=0.004164 grad=61.412218 lr=9.896e-06 step_time=1.27s eta=0.62h peak_cuda_rank0=9.31GiB scales={'repr': 0.0735488173153731, 'behavior': 0.0031693987115553254, 'flow': 0.004105843763392057}
[step] 240/2000 total=2.234842 repr=0.073325 raw=0.059410 white=0.026207 cos=0.042892 dynamic=0.152691 dynamic_cos=0.139705 std_ratio=0.892406 behavior=0.003198 flow=0.003772 grad=64.007272 lr=9.880e-06 step_time=1.12s eta=0.55h peak_cuda_rank0=9.31GiB scales={'repr': 0.07351026158580179, 'behavior': 0.0031738240957049644, 'flow': 0.004042744091779979}
[step] 250/2000 total=2.196817 repr=0.073599 raw=0.059680 white=0.026372 cos=0.043104 dynamic=0.152319 dynamic_cos=0.138409 std_ratio=0.888843 behavior=0.002986 flow=0.004067 grad=53.381304 lr=9.862e-06 step_time=1.01s eta=0.49h peak_cuda_rank0=9.31GiB scales={'repr': 0.07352267938213047, 'behavior': 0.003138630290923812, 'flow': 0.004046763724661011}
[step] 260/2000 total=2.164647 repr=0.073417 raw=0.059393 white=0.026192 cos=0.042885 dynamic=0.153842 dynamic_cos=0.140036 std_ratio=0.889241 behavior=0.002871 flow=0.003826 grad=53.500965 lr=9.843e-06 step_time=1.03s eta=0.50h peak_cuda_rank0=9.31GiB scales={'repr': 0.07350500586514098, 'behavior': 0.003092716295967223, 'flow': 0.00400842738565662}
[step] 270/2000 total=2.312919 repr=0.074101 raw=0.059944 white=0.026407 cos=0.043299 dynamic=0.155570 dynamic_cos=0.141012 std_ratio=0.886436 behavior=0.003323 flow=0.003960 grad=63.833154 lr=9.823e-06 step_time=1.07s eta=0.51h peak_cuda_rank0=9.31GiB scales={'repr': 0.07361582709262073, 'behavior': 0.0031307944553910943, 'flow': 0.00399583886173176}
[step] 280/2000 total=2.201969 repr=0.074161 raw=0.060044 white=0.026566 cos=0.043386 dynamic=0.154030 dynamic_cos=0.140333 std_ratio=0.889657 behavior=0.003012 flow=0.003629 grad=51.907263 lr=9.802e-06 step_time=1.18s eta=0.57h peak_cuda_rank0=9.31GiB scales={'repr': 0.07371637363401408, 'behavior': 0.0031095658638783507, 'flow': 0.003928443623110317}
[step] 290/2000 total=2.269381 repr=0.074216 raw=0.060062 white=0.026605 cos=0.043384 dynamic=0.154113 dynamic_cos=0.140527 std_ratio=0.890076 behavior=0.003136 flow=0.004031 grad=58.269904 lr=9.780e-06 step_time=1.04s eta=0.49h peak_cuda_rank0=9.31GiB scales={'repr': 0.07381168613646666, 'behavior': 0.003114638344931633, 'flow': 0.003945819891674785}
[step] 300/2000 total=2.212721 repr=0.075009 raw=0.060810 white=0.026879 cos=0.043934 dynamic=0.155286 dynamic_cos=0.140810 std_ratio=0.886768 behavior=0.002958 flow=0.003878 grad=56.310407 lr=9.756e-06 step_time=1.10s eta=0.52h peak_cuda_rank0=9.31GiB scales={'repr': 0.07403684867457798, 'behavior': 0.003084307051918409, 'flow': 0.0039327050679168404}
[step] 310/2000 total=2.275731 repr=0.074266 raw=0.060086 white=0.026548 cos=0.043402 dynamic=0.155050 dynamic_cos=0.141160 std_ratio=0.888983 behavior=0.003114 flow=0.004126 grad=59.721826 lr=9.731e-06 step_time=1.09s eta=0.51h peak_cuda_rank0=9.31GiB scales={'repr': 0.07407440824704493, 'behavior': 0.0030921164635252523, 'flow': 0.0039687402978290645}
[step] 320/2000 total=2.051529 repr=0.074559 raw=0.060295 white=0.026669 cos=0.043572 dynamic=0.155633 dynamic_cos=0.141588 std_ratio=0.888371 behavior=0.002543 flow=0.003257 grad=43.854585 lr=9.706e-06 step_time=1.09s eta=0.51h peak_cuda_rank0=9.31GiB scales={'repr': 0.0741579220092016, 'behavior': 0.002991003345955472, 'flow': 0.003839327006648839}
[step] 330/2000 total=2.088851 repr=0.073909 raw=0.059364 white=0.026150 cos=0.042852 dynamic=0.159343 dynamic_cos=0.143771 std_ratio=0.882895 behavior=0.002581 flow=0.003305 grad=49.709512 lr=9.678e-06 step_time=1.09s eta=0.51h peak_cuda_rank0=9.31GiB scales={'repr': 0.0741121210062003, 'behavior': 0.002915393302142316, 'flow': 0.003740512484498912}
[step] 340/2000 total=2.286587 repr=0.073321 raw=0.059640 white=0.026221 cos=0.043068 dynamic=0.151271 dynamic_cos=0.139207 std_ratio=0.896118 behavior=0.003010 flow=0.004123 grad=59.431335 lr=9.650e-06 step_time=1.01s eta=0.47h peak_cuda_rank0=9.31GiB scales={'repr': 0.07396832107221903, 'behavior': 0.0029307657489064374, 'flow': 0.0038058471027826437}
[step] 350/2000 total=2.217655 repr=0.074878 raw=0.060827 white=0.026754 cos=0.043932 dynamic=0.155135 dynamic_cos=0.142210 std_ratio=0.892664 behavior=0.002846 flow=0.003676 grad=48.443445 lr=9.621e-06 step_time=0.97s eta=0.44h peak_cuda_rank0=9.31GiB scales={'repr': 0.07413242589094404, 'behavior': 0.002911189365150262, 'flow': 0.0037756521245141976}
[step] 360/2000 total=2.343783 repr=0.074454 raw=0.060445 white=0.026695 cos=0.043659 dynamic=0.153537 dynamic_cos=0.141107 std_ratio=0.894656 behavior=0.003221 flow=0.003878 grad=56.150842 lr=9.591e-06 step_time=1.07s eta=0.49h peak_cuda_rank0=9.31GiB scales={'repr': 0.0741917700705362, 'behavior': 0.0029630851794875874, 'flow': 0.003790098708329192}
[step] 370/2000 total=2.362450 repr=0.074926 raw=0.060411 white=0.026854 cos=0.043640 dynamic=0.156843 dynamic_cos=0.141521 std_ratio=0.883693 behavior=0.003262 flow=0.004047 grad=60.602114 lr=9.559e-06 step_time=1.03s eta=0.47h peak_cuda_rank0=9.31GiB scales={'repr': 0.07433134352400501, 'behavior': 0.0030175896763608204, 'flow': 0.003835243776352351}
[step] 380/2000 total=2.269090 repr=0.074493 raw=0.060164 white=0.026860 cos=0.043437 dynamic=0.153790 dynamic_cos=0.140430 std_ratio=0.890956 behavior=0.003090 flow=0.003793 grad=59.261247 lr=9.526e-06 step_time=0.98s eta=0.44h peak_cuda_rank0=9.31GiB scales={'repr': 0.07436232209013363, 'behavior': 0.0030302102682677875, 'flow': 0.003825570540669419}
[step] 390/2000 total=2.037161 repr=0.073908 raw=0.059701 white=0.026594 cos=0.043082 dynamic=0.153092 dynamic_cos=0.140854 std_ratio=0.895377 behavior=0.002454 flow=0.003229 grad=41.992056 lr=9.493e-06 step_time=0.92s eta=0.41h peak_cuda_rank0=9.31GiB scales={'repr': 0.07427951640888779, 'behavior': 0.0029256619668478778, 'flow': 0.0037185522365993443}
[step] 400/2000 total=2.213477 repr=0.074918 raw=0.060707 white=0.026942 cos=0.043830 dynamic=0.154310 dynamic_cos=0.141813 std_ratio=0.894351 behavior=0.002791 flow=0.003831 grad=54.660778 lr=9.458e-06 step_time=0.98s eta=0.43h peak_cuda_rank0=9.31GiB scales={'repr': 0.07440138667298589, 'behavior': 0.0028966081368284767, 'flow': 0.003734111272914495}
[step] 410/2000 total=2.103744 repr=0.074097 raw=0.060025 white=0.026593 cos=0.043316 dynamic=0.153249 dynamic_cos=0.140029 std_ratio=0.891483 behavior=0.002531 flow=0.003282 grad=47.203125 lr=9.422e-06 step_time=0.99s eta=0.44h peak_cuda_rank0=9.31GiB scales={'repr': 0.0743424798493429, 'behavior': 0.002829672543151523, 'flow': 0.003651212934928706}
[step] 420/2000 total=2.228212 repr=0.074251 raw=0.059928 white=0.026510 cos=0.043257 dynamic=0.156142 dynamic_cos=0.142064 std_ratio=0.888236 behavior=0.002764 flow=0.003683 grad=53.741290 lr=9.385e-06 step_time=0.99s eta=0.44h peak_cuda_rank0=9.31GiB scales={'repr': 0.07432474471203417, 'behavior': 0.002816510976690866, 'flow': 0.0036590641665507}
[step] 430/2000 total=2.186461 repr=0.074134 raw=0.060072 white=0.026600 cos=0.043366 dynamic=0.153300 dynamic_cos=0.140468 std_ratio=0.893011 behavior=0.002675 flow=0.003499 grad=58.269122 lr=9.347e-06 step_time=1.10s eta=0.48h peak_cuda_rank0=9.31GiB scales={'repr': 0.07428259796876206, 'behavior': 0.002788557797260527, 'flow': 0.0036262391980760407}
[step] 440/2000 total=2.261517 repr=0.074026 raw=0.060008 white=0.026565 cos=0.043326 dynamic=0.152903 dynamic_cos=0.141189 std_ratio=0.897574 behavior=0.002800 flow=0.003761 grad=64.292345 lr=9.307e-06 step_time=1.07s eta=0.47h peak_cuda_rank0=9.31GiB scales={'repr': 0.07423821831796172, 'behavior': 0.0027922333291426093, 'flow': 0.0036506899255787186}
[step] 450/2000 total=2.345039 repr=0.074298 raw=0.060354 white=0.026664 cos=0.043573 dynamic=0.152781 dynamic_cos=0.140676 std_ratio=0.895928 behavior=0.003044 flow=0.003843 grad=58.072250 lr=9.267e-06 step_time=1.22s eta=0.53h peak_cuda_rank0=9.31GiB scales={'repr': 0.07425278435500698, 'behavior': 0.0028396310879298245, 'flow': 0.0036861671583967434}
[step] 460/2000 total=2.338549 repr=0.075140 raw=0.060914 white=0.026929 cos=0.043996 dynamic=0.155548 dynamic_cos=0.142894 std_ratio=0.893750 behavior=0.003074 flow=0.003934 grad=54.086951 lr=9.226e-06 step_time=1.11s eta=0.47h peak_cuda_rank0=9.31GiB scales={'repr': 0.0744147573038711, 'behavior': 0.0028776096440028694, 'flow': 0.003728031732869178}
[step] 470/2000 total=2.212237 repr=0.074975 raw=0.060716 white=0.026924 cos=0.043847 dynamic=0.155008 dynamic_cos=0.141567 std_ratio=0.890659 behavior=0.002748 flow=0.003726 grad=48.132357 lr=9.184e-06 step_time=1.07s eta=0.46h peak_cuda_rank0=9.31GiB scales={'repr': 0.07451420618352067, 'behavior': 0.0028528636975381984, 'flow': 0.00372407621035397}
[step] 480/2000 total=2.303259 repr=0.074871 raw=0.060536 white=0.026804 cos=0.043710 dynamic=0.156137 dynamic_cos=0.142020 std_ratio=0.888120 behavior=0.002944 flow=0.004033 grad=56.758720 lr=9.141e-06 step_time=1.06s eta=0.45h peak_cuda_rank0=9.31GiB scales={'repr': 0.07458190626024427, 'behavior': 0.0028710056867371453, 'flow': 0.003783708528560294}
[step] 490/2000 total=2.199190 repr=0.074002 raw=0.059966 white=0.026719 cos=0.043276 dynamic=0.151361 dynamic_cos=0.139397 std_ratio=0.896476 behavior=0.002764 flow=0.003570 grad=50.900655 lr=9.096e-06 step_time=1.06s eta=0.44h peak_cuda_rank0=9.31GiB scales={'repr': 0.07447361277167482, 'behavior': 0.0028527802843243983, 'flow': 0.0037471049364709444}
[step] 500/2000 total=2.239531 repr=0.074012 raw=0.059739 white=0.026618 cos=0.043099 dynamic=0.153697 dynamic_cos=0.141342 std_ratio=0.894955 behavior=0.002902 flow=0.003485 grad=54.004136 lr=9.051e-06 step_time=1.07s eta=0.44h peak_cuda_rank0=9.31GiB scales={'repr': 0.07439117756509418, 'behavior': 0.002859570374429824, 'flow': 0.0036972781517829335}
[checkpoint] saved step=500
[step] 510/2000 total=2.215379 repr=0.074032 raw=0.059950 white=0.026588 cos=0.043261 dynamic=0.153065 dynamic_cos=0.140610 std_ratio=0.894485 behavior=0.002810 flow=0.003491 grad=45.559072 lr=9.005e-06 step_time=1.37s eta=0.57h peak_cuda_rank0=9.31GiB scales={'repr': 0.07432512556749525, 'behavior': 0.0028498186115282842, 'flow': 0.0036576453786689}
[step] 520/2000 total=2.203163 repr=0.073564 raw=0.059723 white=0.026436 cos=0.043093 dynamic=0.151117 dynamic_cos=0.139405 std_ratio=0.897561 behavior=0.002758 flow=0.003590 grad=50.698932 lr=8.958e-06 step_time=1.05s eta=0.43h peak_cuda_rank0=9.31GiB scales={'repr': 0.07418577082254536, 'behavior': 0.002831044106877979, 'flow': 0.0036446976814324085}
[step] 530/2000 total=2.206512 repr=0.073680 raw=0.059569 white=0.026331 cos=0.042983 dynamic=0.154152 dynamic_cos=0.141231 std_ratio=0.892643 behavior=0.002773 flow=0.003390 grad=59.036774 lr=8.910e-06 step_time=0.97s eta=0.39h peak_cuda_rank0=9.31GiB scales={'repr': 0.07409559225881199, 'behavior': 0.0028193240358561525, 'flow': 0.003595366287471689}
[step] 540/2000 total=2.236267 repr=0.073691 raw=0.059855 white=0.026379 cos=0.043205 dynamic=0.152245 dynamic_cos=0.140082 std_ratio=0.895678 behavior=0.002828 flow=0.003545 grad=49.852069 lr=8.861e-06 step_time=0.98s eta=0.40h peak_cuda_rank0=9.31GiB scales={'repr': 0.07402012161960593, 'behavior': 0.0028169683030493703, 'flow': 0.0035827062758570115}
[step] 550/2000 total=2.246127 repr=0.073920 raw=0.059829 white=0.026380 cos=0.043202 dynamic=0.154647 dynamic_cos=0.141250 std_ratio=0.890797 behavior=0.002797 flow=0.003572 grad=56.044143 lr=8.811e-06 step_time=0.98s eta=0.40h peak_cuda_rank0=9.31GiB scales={'repr': 0.07400249817416583, 'behavior': 0.0028158023792893127, 'flow': 0.003581428565747609}
[step] 560/2000 total=2.291860 repr=0.073822 raw=0.059953 white=0.026383 cos=0.043268 dynamic=0.152995 dynamic_cos=0.141281 std_ratio=0.897505 behavior=0.002936 flow=0.003617 grad=51.565882 lr=8.760e-06 step_time=1.03s eta=0.41h peak_cuda_rank0=9.31GiB scales={'repr': 0.07396878666051873, 'behavior': 0.0028402609923219354, 'flow': 0.003588058711508153}
[step] 570/2000 total=2.242815 repr=0.073622 raw=0.059771 white=0.026268 cos=0.043133 dynamic=0.153113 dynamic_cos=0.141399 std_ratio=0.897522 behavior=0.002786 flow=0.003805 grad=52.444659 lr=8.708e-06 step_time=1.00s eta=0.40h peak_cuda_rank0=9.31GiB scales={'repr': 0.07390479237882974, 'behavior': 0.002830901207923411, 'flow': 0.003627840323694545}
[step] 580/2000 total=2.168444 repr=0.073510 raw=0.059828 white=0.026380 cos=0.043176 dynamic=0.150572 dynamic_cos=0.139583 std_ratio=0.900552 behavior=0.002603 flow=0.003495 grad=51.842270 lr=8.656e-06 step_time=0.93s eta=0.37h peak_cuda_rank0=9.31GiB scales={'repr': 0.07382839775981073, 'behavior': 0.0027914934948524376, 'flow': 0.003605912576178216}
[step] 590/2000 total=2.247188 repr=0.073746 raw=0.059753 white=0.026311 cos=0.043104 dynamic=0.154031 dynamic_cos=0.141262 std_ratio=0.893233 behavior=0.002769 flow=0.003714 grad=59.202687 lr=8.602e-06 step_time=1.01s eta=0.40h peak_cuda_rank0=9.31GiB scales={'repr': 0.07381055088307605, 'behavior': 0.0027870224768813553, 'flow': 0.0036255630043185902}
[step] 600/2000 total=2.199765 repr=0.073863 raw=0.059712 white=0.026479 cos=0.043055 dynamic=0.153753 dynamic_cos=0.141424 std_ratio=0.895026 behavior=0.002670 flow=0.003447 grad=49.585009 lr=8.548e-06 step_time=1.13s eta=0.44h peak_cuda_rank0=9.31GiB scales={'repr': 0.07381582701950372, 'behavior': 0.002765036470779542, 'flow': 0.0035917164369451563}
[step] 610/2000 total=2.114069 repr=0.073518 raw=0.059614 white=0.026440 cos=0.042989 dynamic=0.151216 dynamic_cos=0.138953 std_ratio=0.895250 behavior=0.002444 flow=0.003145 grad=45.108994 lr=8.493e-06 step_time=1.10s eta=0.43h peak_cuda_rank0=9.31GiB scales={'repr': 0.0737617620533131, 'behavior': 0.0027067869454319594, 'flow': 0.0035113322948032055}
[step] 620/2000 total=2.247674 repr=0.073550 raw=0.059737 white=0.026439 cos=0.043069 dynamic=0.150896 dynamic_cos=0.139382 std_ratio=0.898340 behavior=0.002684 flow=0.003696 grad=50.527103 lr=8.437e-06 step_time=1.00s eta=0.38h peak_cuda_rank0=9.31GiB scales={'repr': 0.07372109718943382, 'behavior': 0.002701176701474094, 'flow': 0.00354274808950136}
[step] 630/2000 total=2.162857 repr=0.073263 raw=0.059438 white=0.026259 cos=0.042862 dynamic=0.151415 dynamic_cos=0.139067 std_ratio=0.895023 behavior=0.002495 flow=0.003351 grad=49.876845 lr=8.380e-06 step_time=0.98s eta=0.37h peak_cuda_rank0=9.31GiB scales={'repr': 0.07363932292689157, 'behavior': 0.002663214775592099, 'flow': 0.0035083395486271976}
W0811 20:34:33.617000 1928974 site-packages/torch/distributed/elastic/agent/server/api.py:723] Received Signals.SIGTERM death signal, shutting down workers
W0811 20:34:33.620000 1928974 site-packages/torch/distributed/elastic/multiprocessing/api.py:900] Sending process 1929013 closing signal SIGTERM
W0811 20:34:33.620000 1928974 site-packages/torch/distributed/elastic/multiprocessing/api.py:900] Sending process 1929014 closing signal SIGTERM
W0811 20:34:33.621000 1928974 site-packages/torch/distributed/elastic/multiprocessing/api.py:900] Sending process 1929016 closing signal SIGTERM
W0811 20:34:33.624000 1928974 site-packages/torch/distributed/elastic/multiprocessing/api.py:900] Sending process 1929017 closing signal SIGTERM
Traceback (most recent call last):
  File "/home/pxchen/miniconda3/envs/flashwam/bin/torchrun", line 6, in <module>
    sys.exit(main())
  File "/home/pxchen/miniconda3/envs/flashwam/lib/python3.10/site-packages/torch/distributed/elastic/multiprocessing/errors/__init__.py", line 357, in wrapper
    return f(*args, **kwargs)
  File "/home/pxchen/miniconda3/envs/flashwam/lib/python3.10/site-packages/torch/distributed/run.py", line 901, in main
    run(args)
  File "/home/pxchen/miniconda3/envs/flashwam/lib/python3.10/site-packages/torch/distributed/run.py", line 892, in run
    elastic_launch(
  File "/home/pxchen/miniconda3/envs/flashwam/lib/python3.10/site-packages/torch/distributed/launcher/api.py", line 143, in __call__
    return launch_agent(self._config, self._entrypoint, list(args))
  File "/home/pxchen/miniconda3/envs/flashwam/lib/python3.10/site-packages/torch/distributed/launcher/api.py", line 268, in launch_agent
    result = agent.run()
  File "/home/pxchen/miniconda3/envs/flashwam/lib/python3.10/site-packages/torch/distributed/elastic/metrics/api.py", line 138, in wrapper
    result = f(*args, **kwargs)
  File "/home/pxchen/miniconda3/envs/flashwam/lib/python3.10/site-packages/torch/distributed/elastic/agent/server/api.py", line 715, in run
    result = self._invoke_run(role)
  File "/home/pxchen/miniconda3/envs/flashwam/lib/python3.10/site-packages/torch/distributed/elastic/agent/server/api.py", line 879, in _invoke_run
    time.sleep(monitor_interval)
  File "/home/pxchen/miniconda3/envs/flashwam/lib/python3.10/site-packages/torch/distributed/elastic/multiprocessing/api.py", line 84, in _terminate_process_handler
    raise SignalException(f"Process {os.getpid()} got signal: {sigval}", sigval=sigval)
torch.distributed.elastic.multiprocessing.api.SignalException: Process 1928974 got signal: 15
