W0812 12:36:05.919000 1988111 site-packages/torch/distributed/run.py:774] 
W0812 12:36:05.919000 1988111 site-packages/torch/distributed/run.py:774] *****************************************
W0812 12:36:05.919000 1988111 site-packages/torch/distributed/run.py:774] Setting OMP_NUM_THREADS environment variable for each process to be 1 in default, to avoid your system being overloaded, please further tune the variable for optimal performance in your application as needed. 
W0812 12:36:05.919000 1988111 site-packages/torch/distributed/run.py:774] *****************************************
[data] full_samples=24,140 world=4 local_batch=8 global_batch=32
[model] trainable=ActionExpert(304,830,464) frozen=SEC284,LAP6,LaWM,enc_vlm
[objective] grid_kd_only uniform_action_weights=True balanced_grid_cycle=True lr=1.000e-07
[training-loss] step=501/2000 grid_kd=0.000210
[train-state] step=501/2000 grid_step=1/10 expert_grad=0.0072 lr=1.000e-07 step_time=5.38s eta=134.4min peak_cuda_rank0=8.22GiB
[training-loss] step=510/2000 grid_kd=0.000944
[train-state] step=510/2000 grid_step=10/10 expert_grad=0.0258 lr=1.000e-07 step_time=4.78s eta=118.6min peak_cuda_rank0=8.22GiB
[training-loss] step=520/2000 grid_kd=0.001045
[train-state] step=520/2000 grid_step=10/10 expert_grad=0.0232 lr=1.000e-07 step_time=4.88s eta=120.4min peak_cuda_rank0=8.22GiB
[training-loss] step=530/2000 grid_kd=0.000801
[train-state] step=530/2000 grid_step=10/10 expert_grad=0.0233 lr=1.000e-07 step_time=4.98s eta=121.9min peak_cuda_rank0=8.22GiB
[training-loss] step=540/2000 grid_kd=0.000807
[train-state] step=540/2000 grid_step=10/10 expert_grad=0.0219 lr=1.000e-07 step_time=4.88s eta=118.7min peak_cuda_rank0=8.22GiB
[training-loss] step=550/2000 grid_kd=0.000951
[train-state] step=550/2000 grid_step=10/10 expert_grad=0.0217 lr=1.000e-07 step_time=4.94s eta=119.4min peak_cuda_rank0=8.22GiB
[training-loss] step=560/2000 grid_kd=0.000850
[train-state] step=560/2000 grid_step=10/10 expert_grad=0.0243 lr=1.000e-07 step_time=4.90s eta=117.6min peak_cuda_rank0=8.22GiB
[training-loss] step=570/2000 grid_kd=0.000795
[train-state] step=570/2000 grid_step=10/10 expert_grad=0.0243 lr=1.000e-07 step_time=4.84s eta=115.3min peak_cuda_rank0=8.22GiB
[training-loss] step=580/2000 grid_kd=0.000994
[train-state] step=580/2000 grid_step=10/10 expert_grad=0.0250 lr=1.000e-07 step_time=4.85s eta=114.8min peak_cuda_rank0=8.22GiB
[training-loss] step=590/2000 grid_kd=0.000866
[train-state] step=590/2000 grid_step=10/10 expert_grad=0.0217 lr=1.000e-07 step_time=4.90s eta=115.1min peak_cuda_rank0=8.22GiB
[training-loss] step=600/2000 grid_kd=0.000965
[train-state] step=600/2000 grid_step=10/10 expert_grad=0.0261 lr=1.000e-07 step_time=4.90s eta=114.3min peak_cuda_rank0=8.22GiB
[training-loss] step=610/2000 grid_kd=0.000778
[train-state] step=610/2000 grid_step=10/10 expert_grad=0.0239 lr=1.000e-07 step_time=4.93s eta=114.3min peak_cuda_rank0=8.22GiB
[training-loss] step=620/2000 grid_kd=0.000852
[train-state] step=620/2000 grid_step=10/10 expert_grad=0.0228 lr=1.000e-07 step_time=4.92s eta=113.1min peak_cuda_rank0=8.22GiB
[training-loss] step=630/2000 grid_kd=0.001031
[train-state] step=630/2000 grid_step=10/10 expert_grad=0.0286 lr=1.000e-07 step_time=4.92s eta=112.3min peak_cuda_rank0=8.22GiB
[training-loss] step=640/2000 grid_kd=0.000997
[train-state] step=640/2000 grid_step=10/10 expert_grad=0.0242 lr=1.000e-07 step_time=5.11s eta=115.9min peak_cuda_rank0=8.22GiB
[training-loss] step=650/2000 grid_kd=0.000871
[train-state] step=650/2000 grid_step=10/10 expert_grad=0.0227 lr=1.000e-07 step_time=4.97s eta=111.8min peak_cuda_rank0=8.22GiB
[training-loss] step=660/2000 grid_kd=0.000795
[train-state] step=660/2000 grid_step=10/10 expert_grad=0.0235 lr=1.000e-07 step_time=5.02s eta=112.1min peak_cuda_rank0=8.22GiB
[training-loss] step=670/2000 grid_kd=0.000910
[train-state] step=670/2000 grid_step=10/10 expert_grad=0.0258 lr=1.000e-07 step_time=4.87s eta=107.9min peak_cuda_rank0=8.22GiB
[training-loss] step=680/2000 grid_kd=0.000882
[train-state] step=680/2000 grid_step=10/10 expert_grad=0.0238 lr=1.000e-07 step_time=4.84s eta=106.5min peak_cuda_rank0=8.22GiB
[training-loss] step=690/2000 grid_kd=0.000750
[train-state] step=690/2000 grid_step=10/10 expert_grad=0.0245 lr=1.000e-07 step_time=4.76s eta=103.8min peak_cuda_rank0=8.22GiB
[training-loss] step=700/2000 grid_kd=0.000779
[train-state] step=700/2000 grid_step=10/10 expert_grad=0.0208 lr=1.000e-07 step_time=5.04s eta=109.2min peak_cuda_rank0=8.22GiB
[training-loss] step=710/2000 grid_kd=0.000837
[train-state] step=710/2000 grid_step=10/10 expert_grad=0.0249 lr=1.000e-07 step_time=4.81s eta=103.5min peak_cuda_rank0=8.22GiB
[training-loss] step=720/2000 grid_kd=0.000944
[train-state] step=720/2000 grid_step=10/10 expert_grad=0.0292 lr=1.000e-07 step_time=5.01s eta=106.8min peak_cuda_rank0=8.22GiB
[training-loss] step=730/2000 grid_kd=0.000857
[train-state] step=730/2000 grid_step=10/10 expert_grad=0.0222 lr=1.000e-07 step_time=4.75s eta=100.4min peak_cuda_rank0=8.22GiB
[training-loss] step=740/2000 grid_kd=0.000916
[train-state] step=740/2000 grid_step=10/10 expert_grad=0.0221 lr=1.000e-07 step_time=4.75s eta=99.8min peak_cuda_rank0=8.22GiB
[training-loss] step=750/2000 grid_kd=0.000938
[train-state] step=750/2000 grid_step=10/10 expert_grad=0.0218 lr=1.000e-07 step_time=4.77s eta=99.4min peak_cuda_rank0=8.22GiB
[training-loss] step=760/2000 grid_kd=0.000750
[train-state] step=760/2000 grid_step=10/10 expert_grad=0.0219 lr=1.000e-07 step_time=4.81s eta=99.5min peak_cuda_rank0=8.22GiB
[training-loss] step=770/2000 grid_kd=0.000741
[train-state] step=770/2000 grid_step=10/10 expert_grad=0.0215 lr=1.000e-07 step_time=4.82s eta=98.8min peak_cuda_rank0=8.22GiB
[training-loss] step=780/2000 grid_kd=0.001099
[train-state] step=780/2000 grid_step=10/10 expert_grad=0.0278 lr=1.000e-07 step_time=4.73s eta=96.2min peak_cuda_rank0=8.22GiB
[training-loss] step=790/2000 grid_kd=0.000951
[train-state] step=790/2000 grid_step=10/10 expert_grad=0.0246 lr=1.000e-07 step_time=4.72s eta=95.3min peak_cuda_rank0=8.22GiB
[training-loss] step=800/2000 grid_kd=0.000823
[train-state] step=800/2000 grid_step=10/10 expert_grad=0.0233 lr=1.000e-07 step_time=4.69s eta=93.8min peak_cuda_rank0=8.22GiB
[training-loss] step=810/2000 grid_kd=0.000904
[train-state] step=810/2000 grid_step=10/10 expert_grad=0.0209 lr=1.000e-07 step_time=4.69s eta=92.9min peak_cuda_rank0=8.22GiB
[training-loss] step=820/2000 grid_kd=0.001025
[train-state] step=820/2000 grid_step=10/10 expert_grad=0.0213 lr=1.000e-07 step_time=4.68s eta=92.0min peak_cuda_rank0=8.22GiB
[training-loss] step=830/2000 grid_kd=0.000900
[train-state] step=830/2000 grid_step=10/10 expert_grad=0.0234 lr=1.000e-07 step_time=4.70s eta=91.6min peak_cuda_rank0=8.22GiB
[training-loss] step=840/2000 grid_kd=0.000829
[train-state] step=840/2000 grid_step=10/10 expert_grad=0.0203 lr=1.000e-07 step_time=4.74s eta=91.6min peak_cuda_rank0=8.22GiB
[training-loss] step=850/2000 grid_kd=0.000898
[train-state] step=850/2000 grid_step=10/10 expert_grad=0.0224 lr=1.000e-07 step_time=4.75s eta=91.0min peak_cuda_rank0=8.22GiB
[training-loss] step=860/2000 grid_kd=0.000880
[train-state] step=860/2000 grid_step=10/10 expert_grad=0.0211 lr=1.000e-07 step_time=4.76s eta=90.4min peak_cuda_rank0=8.22GiB
[training-loss] step=870/2000 grid_kd=0.000846
[train-state] step=870/2000 grid_step=10/10 expert_grad=0.0232 lr=1.000e-07 step_time=4.81s eta=90.6min peak_cuda_rank0=8.22GiB
[training-loss] step=880/2000 grid_kd=0.000810
[train-state] step=880/2000 grid_step=10/10 expert_grad=0.0227 lr=1.000e-07 step_time=4.77s eta=89.0min peak_cuda_rank0=8.22GiB
[training-loss] step=890/2000 grid_kd=0.000816
[train-state] step=890/2000 grid_step=10/10 expert_grad=0.0223 lr=1.000e-07 step_time=4.79s eta=88.6min peak_cuda_rank0=8.22GiB
[training-loss] step=900/2000 grid_kd=0.000726
[train-state] step=900/2000 grid_step=10/10 expert_grad=0.0200 lr=1.000e-07 step_time=4.81s eta=88.1min peak_cuda_rank0=8.22GiB
[training-loss] step=910/2000 grid_kd=0.000702
[train-state] step=910/2000 grid_step=10/10 expert_grad=0.0221 lr=1.000e-07 step_time=5.23s eta=95.0min peak_cuda_rank0=8.22GiB
[training-loss] step=920/2000 grid_kd=0.000835
[train-state] step=920/2000 grid_step=10/10 expert_grad=0.0198 lr=1.000e-07 step_time=5.00s eta=90.0min peak_cuda_rank0=8.22GiB
[training-loss] step=930/2000 grid_kd=0.000860
[train-state] step=930/2000 grid_step=10/10 expert_grad=0.0228 lr=1.000e-07 step_time=5.08s eta=90.6min peak_cuda_rank0=8.22GiB
[training-loss] step=940/2000 grid_kd=0.000805
[train-state] step=940/2000 grid_step=10/10 expert_grad=0.0208 lr=1.000e-07 step_time=5.08s eta=89.7min peak_cuda_rank0=8.22GiB
[training-loss] step=950/2000 grid_kd=0.000923
[train-state] step=950/2000 grid_step=10/10 expert_grad=0.0229 lr=1.000e-07 step_time=5.04s eta=88.1min peak_cuda_rank0=8.22GiB
[training-loss] step=960/2000 grid_kd=0.000900
[train-state] step=960/2000 grid_step=10/10 expert_grad=0.0241 lr=1.000e-07 step_time=5.23s eta=90.6min peak_cuda_rank0=8.22GiB
[training-loss] step=970/2000 grid_kd=0.000986
[train-state] step=970/2000 grid_step=10/10 expert_grad=0.0323 lr=1.000e-07 step_time=4.81s eta=82.6min peak_cuda_rank0=8.22GiB
[training-loss] step=980/2000 grid_kd=0.000879
[train-state] step=980/2000 grid_step=10/10 expert_grad=0.0256 lr=1.000e-07 step_time=5.14s eta=87.4min peak_cuda_rank0=8.22GiB
[training-loss] step=990/2000 grid_kd=0.000829
[train-state] step=990/2000 grid_step=10/10 expert_grad=0.0246 lr=1.000e-07 step_time=5.10s eta=85.9min peak_cuda_rank0=8.22GiB
[training-loss] step=1000/2000 grid_kd=0.000836
[train-state] step=1000/2000 grid_step=10/10 expert_grad=0.0252 lr=1.000e-07 step_time=4.94s eta=82.4min peak_cuda_rank0=8.22GiB
[checkpoint] saved step=1000
[training-loss] step=1010/2000 grid_kd=0.001062
[train-state] step=1010/2000 grid_step=10/10 expert_grad=0.0280 lr=1.000e-07 step_time=5.30s eta=87.5min peak_cuda_rank0=8.22GiB
[training-loss] step=1020/2000 grid_kd=0.000974
[train-state] step=1020/2000 grid_step=10/10 expert_grad=0.0270 lr=1.000e-07 step_time=4.85s eta=79.2min peak_cuda_rank0=8.22GiB
[training-loss] step=1030/2000 grid_kd=0.001047
[train-state] step=1030/2000 grid_step=10/10 expert_grad=0.0277 lr=1.000e-07 step_time=4.72s eta=76.3min peak_cuda_rank0=8.22GiB
[training-loss] step=1040/2000 grid_kd=0.000865
[train-state] step=1040/2000 grid_step=10/10 expert_grad=0.0213 lr=1.000e-07 step_time=4.68s eta=74.9min peak_cuda_rank0=8.22GiB
[training-loss] step=1050/2000 grid_kd=0.000887
[train-state] step=1050/2000 grid_step=10/10 expert_grad=0.0241 lr=1.000e-07 step_time=4.66s eta=73.7min peak_cuda_rank0=8.22GiB
[training-loss] step=1060/2000 grid_kd=0.000855
[train-state] step=1060/2000 grid_step=10/10 expert_grad=0.0233 lr=1.000e-07 step_time=4.66s eta=73.0min peak_cuda_rank0=8.22GiB
[training-loss] step=1070/2000 grid_kd=0.000878
[train-state] step=1070/2000 grid_step=10/10 expert_grad=0.0249 lr=1.000e-07 step_time=4.68s eta=72.5min peak_cuda_rank0=8.22GiB
[training-loss] step=1080/2000 grid_kd=0.000963
[train-state] step=1080/2000 grid_step=10/10 expert_grad=0.0227 lr=1.000e-07 step_time=4.73s eta=72.6min peak_cuda_rank0=8.22GiB
[training-loss] step=1090/2000 grid_kd=0.000969
[train-state] step=1090/2000 grid_step=10/10 expert_grad=0.0243 lr=1.000e-07 step_time=4.61s eta=69.9min peak_cuda_rank0=8.22GiB
[training-loss] step=1100/2000 grid_kd=0.000926
[train-state] step=1100/2000 grid_step=10/10 expert_grad=0.0242 lr=1.000e-07 step_time=4.54s eta=68.1min peak_cuda_rank0=8.22GiB
[training-loss] step=1110/2000 grid_kd=0.000866
[train-state] step=1110/2000 grid_step=10/10 expert_grad=0.0231 lr=1.000e-07 step_time=4.58s eta=68.0min peak_cuda_rank0=8.22GiB
[training-loss] step=1120/2000 grid_kd=0.000783
[train-state] step=1120/2000 grid_step=10/10 expert_grad=0.0234 lr=1.000e-07 step_time=4.61s eta=67.6min peak_cuda_rank0=8.22GiB
[training-loss] step=1130/2000 grid_kd=0.000878
[train-state] step=1130/2000 grid_step=10/10 expert_grad=0.0222 lr=1.000e-07 step_time=4.53s eta=65.7min peak_cuda_rank0=8.22GiB
[training-loss] step=1140/2000 grid_kd=0.000918
[train-state] step=1140/2000 grid_step=10/10 expert_grad=0.0265 lr=1.000e-07 step_time=4.57s eta=65.5min peak_cuda_rank0=8.22GiB
[training-loss] step=1150/2000 grid_kd=0.000855
[train-state] step=1150/2000 grid_step=10/10 expert_grad=0.0226 lr=1.000e-07 step_time=4.51s eta=63.9min peak_cuda_rank0=8.22GiB
[training-loss] step=1160/2000 grid_kd=0.000965
[train-state] step=1160/2000 grid_step=10/10 expert_grad=0.0246 lr=1.000e-07 step_time=4.66s eta=65.3min peak_cuda_rank0=8.22GiB
[training-loss] step=1170/2000 grid_kd=0.000984
[train-state] step=1170/2000 grid_step=10/10 expert_grad=0.0240 lr=1.000e-07 step_time=4.60s eta=63.7min peak_cuda_rank0=8.22GiB
[training-loss] step=1180/2000 grid_kd=0.000805
[train-state] step=1180/2000 grid_step=10/10 expert_grad=0.0236 lr=1.000e-07 step_time=4.63s eta=63.2min peak_cuda_rank0=8.22GiB
[training-loss] step=1190/2000 grid_kd=0.000774
[train-state] step=1190/2000 grid_step=10/10 expert_grad=0.0258 lr=1.000e-07 step_time=4.83s eta=65.2min peak_cuda_rank0=8.22GiB
[training-loss] step=1200/2000 grid_kd=0.000892
[train-state] step=1200/2000 grid_step=10/10 expert_grad=0.0242 lr=1.000e-07 step_time=4.80s eta=64.0min peak_cuda_rank0=8.22GiB
[training-loss] step=1210/2000 grid_kd=0.000839
[train-state] step=1210/2000 grid_step=10/10 expert_grad=0.0247 lr=1.000e-07 step_time=4.86s eta=64.0min peak_cuda_rank0=8.22GiB
[training-loss] step=1220/2000 grid_kd=0.001019
[train-state] step=1220/2000 grid_step=10/10 expert_grad=0.0262 lr=1.000e-07 step_time=4.86s eta=63.1min peak_cuda_rank0=8.22GiB
[training-loss] step=1230/2000 grid_kd=0.000904
[train-state] step=1230/2000 grid_step=10/10 expert_grad=0.0266 lr=1.000e-07 step_time=4.92s eta=63.1min peak_cuda_rank0=8.22GiB
[training-loss] step=1240/2000 grid_kd=0.000910
[train-state] step=1240/2000 grid_step=10/10 expert_grad=0.0244 lr=1.000e-07 step_time=4.98s eta=63.1min peak_cuda_rank0=8.22GiB
[training-loss] step=1250/2000 grid_kd=0.000864
[train-state] step=1250/2000 grid_step=10/10 expert_grad=0.0209 lr=1.000e-07 step_time=4.97s eta=62.2min peak_cuda_rank0=8.22GiB
[training-loss] step=1260/2000 grid_kd=0.000857
[train-state] step=1260/2000 grid_step=10/10 expert_grad=0.0240 lr=1.000e-07 step_time=5.00s eta=61.6min peak_cuda_rank0=8.22GiB
[training-loss] step=1270/2000 grid_kd=0.000917
[train-state] step=1270/2000 grid_step=10/10 expert_grad=0.0242 lr=1.000e-07 step_time=4.86s eta=59.1min peak_cuda_rank0=8.22GiB
[training-loss] step=1280/2000 grid_kd=0.000734
[train-state] step=1280/2000 grid_step=10/10 expert_grad=0.0215 lr=1.000e-07 step_time=4.80s eta=57.6min peak_cuda_rank0=8.22GiB
[training-loss] step=1290/2000 grid_kd=0.000851
[train-state] step=1290/2000 grid_step=10/10 expert_grad=0.0213 lr=1.000e-07 step_time=4.82s eta=57.1min peak_cuda_rank0=8.22GiB
[training-loss] step=1300/2000 grid_kd=0.000860
[train-state] step=1300/2000 grid_step=10/10 expert_grad=0.0198 lr=1.000e-07 step_time=4.78s eta=55.7min peak_cuda_rank0=8.22GiB
[training-loss] step=1310/2000 grid_kd=0.000807
[train-state] step=1310/2000 grid_step=10/10 expert_grad=0.0239 lr=1.000e-07 step_time=4.82s eta=55.4min peak_cuda_rank0=8.22GiB
[training-loss] step=1320/2000 grid_kd=0.000791
[train-state] step=1320/2000 grid_step=10/10 expert_grad=0.0204 lr=1.000e-07 step_time=4.84s eta=54.8min peak_cuda_rank0=8.22GiB
[training-loss] step=1330/2000 grid_kd=0.000727
[train-state] step=1330/2000 grid_step=10/10 expert_grad=0.0228 lr=1.000e-07 step_time=4.80s eta=53.6min peak_cuda_rank0=8.22GiB
[training-loss] step=1340/2000 grid_kd=0.000973
[train-state] step=1340/2000 grid_step=10/10 expert_grad=0.0241 lr=1.000e-07 step_time=4.78s eta=52.5min peak_cuda_rank0=8.22GiB
[training-loss] step=1350/2000 grid_kd=0.000849
[train-state] step=1350/2000 grid_step=10/10 expert_grad=0.0215 lr=1.000e-07 step_time=4.89s eta=53.0min peak_cuda_rank0=8.22GiB
[training-loss] step=1360/2000 grid_kd=0.000861
[train-state] step=1360/2000 grid_step=10/10 expert_grad=0.0259 lr=1.000e-07 step_time=4.77s eta=50.9min peak_cuda_rank0=8.22GiB
[training-loss] step=1370/2000 grid_kd=0.000955
[train-state] step=1370/2000 grid_step=10/10 expert_grad=0.0228 lr=1.000e-07 step_time=4.83s eta=50.7min peak_cuda_rank0=8.22GiB
[training-loss] step=1380/2000 grid_kd=0.000832
[train-state] step=1380/2000 grid_step=10/10 expert_grad=0.0237 lr=1.000e-07 step_time=4.96s eta=51.3min peak_cuda_rank0=8.22GiB
[training-loss] step=1390/2000 grid_kd=0.000757
[train-state] step=1390/2000 grid_step=10/10 expert_grad=0.0203 lr=1.000e-07 step_time=4.95s eta=50.3min peak_cuda_rank0=8.22GiB
[training-loss] step=1400/2000 grid_kd=0.000842
[train-state] step=1400/2000 grid_step=10/10 expert_grad=0.0261 lr=1.000e-07 step_time=4.89s eta=48.9min peak_cuda_rank0=8.22GiB
[training-loss] step=1410/2000 grid_kd=0.000952
[train-state] step=1410/2000 grid_step=10/10 expert_grad=0.0240 lr=1.000e-07 step_time=4.87s eta=47.9min peak_cuda_rank0=8.22GiB
[training-loss] step=1420/2000 grid_kd=0.001063
[train-state] step=1420/2000 grid_step=10/10 expert_grad=0.0296 lr=1.000e-07 step_time=4.97s eta=48.0min peak_cuda_rank0=8.22GiB
[training-loss] step=1430/2000 grid_kd=0.000910
[train-state] step=1430/2000 grid_step=10/10 expert_grad=0.0258 lr=1.000e-07 step_time=4.96s eta=47.2min peak_cuda_rank0=8.22GiB
[training-loss] step=1440/2000 grid_kd=0.000944
[train-state] step=1440/2000 grid_step=10/10 expert_grad=0.0253 lr=1.000e-07 step_time=4.95s eta=46.2min peak_cuda_rank0=8.22GiB
[training-loss] step=1450/2000 grid_kd=0.000821
[train-state] step=1450/2000 grid_step=10/10 expert_grad=0.0234 lr=1.000e-07 step_time=4.97s eta=45.5min peak_cuda_rank0=8.22GiB
[training-loss] step=1460/2000 grid_kd=0.001037
[train-state] step=1460/2000 grid_step=10/10 expert_grad=0.0245 lr=1.000e-07 step_time=4.93s eta=44.4min peak_cuda_rank0=8.22GiB
[training-loss] step=1470/2000 grid_kd=0.000842
[train-state] step=1470/2000 grid_step=10/10 expert_grad=0.0211 lr=1.000e-07 step_time=5.01s eta=44.2min peak_cuda_rank0=8.22GiB
[training-loss] step=1480/2000 grid_kd=0.000957
[train-state] step=1480/2000 grid_step=10/10 expert_grad=0.0257 lr=1.000e-07 step_time=5.00s eta=43.3min peak_cuda_rank0=8.22GiB
[training-loss] step=1490/2000 grid_kd=0.000998
[train-state] step=1490/2000 grid_step=10/10 expert_grad=0.0269 lr=1.000e-07 step_time=4.98s eta=42.3min peak_cuda_rank0=8.22GiB
[training-loss] step=1500/2000 grid_kd=0.000841
[train-state] step=1500/2000 grid_step=10/10 expert_grad=0.0212 lr=1.000e-07 step_time=4.97s eta=41.5min peak_cuda_rank0=8.22GiB
[checkpoint] saved step=1500
[training-loss] step=1510/2000 grid_kd=0.000930
[train-state] step=1510/2000 grid_step=10/10 expert_grad=0.0257 lr=1.000e-07 step_time=5.21s eta=42.5min peak_cuda_rank0=8.22GiB
[training-loss] step=1520/2000 grid_kd=0.000976
[train-state] step=1520/2000 grid_step=10/10 expert_grad=0.0235 lr=1.000e-07 step_time=4.94s eta=39.6min peak_cuda_rank0=8.22GiB
[training-loss] step=1530/2000 grid_kd=0.000848
[train-state] step=1530/2000 grid_step=10/10 expert_grad=0.0270 lr=1.000e-07 step_time=4.91s eta=38.5min peak_cuda_rank0=8.22GiB
[training-loss] step=1540/2000 grid_kd=0.000917
[train-state] step=1540/2000 grid_step=10/10 expert_grad=0.0245 lr=1.000e-07 step_time=4.89s eta=37.5min peak_cuda_rank0=8.22GiB
[training-loss] step=1550/2000 grid_kd=0.000807
[train-state] step=1550/2000 grid_step=10/10 expert_grad=0.0218 lr=1.000e-07 step_time=4.89s eta=36.7min peak_cuda_rank0=8.22GiB
[training-loss] step=1560/2000 grid_kd=0.000880
[train-state] step=1560/2000 grid_step=10/10 expert_grad=0.0253 lr=1.000e-07 step_time=4.80s eta=35.2min peak_cuda_rank0=8.22GiB
[training-loss] step=1570/2000 grid_kd=0.000761
[train-state] step=1570/2000 grid_step=10/10 expert_grad=0.0207 lr=1.000e-07 step_time=4.68s eta=33.5min peak_cuda_rank0=8.22GiB
[training-loss] step=1580/2000 grid_kd=0.000756
[train-state] step=1580/2000 grid_step=10/10 expert_grad=0.0192 lr=1.000e-07 step_time=4.72s eta=33.1min peak_cuda_rank0=8.22GiB
[training-loss] step=1590/2000 grid_kd=0.000917
[train-state] step=1590/2000 grid_step=10/10 expert_grad=0.0201 lr=1.000e-07 step_time=4.72s eta=32.2min peak_cuda_rank0=8.22GiB
[training-loss] step=1600/2000 grid_kd=0.000964
[train-state] step=1600/2000 grid_step=10/10 expert_grad=0.0293 lr=1.000e-07 step_time=4.74s eta=31.6min peak_cuda_rank0=8.22GiB
[training-loss] step=1610/2000 grid_kd=0.000958
[train-state] step=1610/2000 grid_step=10/10 expert_grad=0.0230 lr=1.000e-07 step_time=4.75s eta=30.9min peak_cuda_rank0=8.22GiB
[training-loss] step=1620/2000 grid_kd=0.000960
[train-state] step=1620/2000 grid_step=10/10 expert_grad=0.0245 lr=1.000e-07 step_time=4.75s eta=30.1min peak_cuda_rank0=8.22GiB
[training-loss] step=1630/2000 grid_kd=0.000794
[train-state] step=1630/2000 grid_step=10/10 expert_grad=0.0220 lr=1.000e-07 step_time=4.74s eta=29.2min peak_cuda_rank0=8.22GiB
[training-loss] step=1640/2000 grid_kd=0.000767
[train-state] step=1640/2000 grid_step=10/10 expert_grad=0.0239 lr=1.000e-07 step_time=4.74s eta=28.5min peak_cuda_rank0=8.22GiB
[training-loss] step=1650/2000 grid_kd=0.000987
[train-state] step=1650/2000 grid_step=10/10 expert_grad=0.0271 lr=1.000e-07 step_time=4.79s eta=27.9min peak_cuda_rank0=8.22GiB
[training-loss] step=1660/2000 grid_kd=0.000807
[train-state] step=1660/2000 grid_step=10/10 expert_grad=0.0213 lr=1.000e-07 step_time=4.85s eta=27.5min peak_cuda_rank0=8.22GiB
[training-loss] step=1670/2000 grid_kd=0.000903
[train-state] step=1670/2000 grid_step=10/10 expert_grad=0.0262 lr=1.000e-07 step_time=4.88s eta=26.8min peak_cuda_rank0=8.22GiB
[training-loss] step=1680/2000 grid_kd=0.000764
[train-state] step=1680/2000 grid_step=10/10 expert_grad=0.0219 lr=1.000e-07 step_time=4.83s eta=25.7min peak_cuda_rank0=8.22GiB
[training-loss] step=1690/2000 grid_kd=0.000697
[train-state] step=1690/2000 grid_step=10/10 expert_grad=0.0198 lr=1.000e-07 step_time=4.84s eta=25.0min peak_cuda_rank0=8.22GiB
[training-loss] step=1700/2000 grid_kd=0.000829
[train-state] step=1700/2000 grid_step=10/10 expert_grad=0.0223 lr=1.000e-07 step_time=4.77s eta=23.8min peak_cuda_rank0=8.22GiB
[training-loss] step=1710/2000 grid_kd=0.000941
[train-state] step=1710/2000 grid_step=10/10 expert_grad=0.0264 lr=1.000e-07 step_time=4.68s eta=22.6min peak_cuda_rank0=8.22GiB
[training-loss] step=1720/2000 grid_kd=0.000867
[train-state] step=1720/2000 grid_step=10/10 expert_grad=0.0250 lr=1.000e-07 step_time=4.72s eta=22.0min peak_cuda_rank0=8.22GiB
[training-loss] step=1730/2000 grid_kd=0.000789
[train-state] step=1730/2000 grid_step=10/10 expert_grad=0.0200 lr=1.000e-07 step_time=4.73s eta=21.3min peak_cuda_rank0=8.22GiB
[training-loss] step=1740/2000 grid_kd=0.000983
[train-state] step=1740/2000 grid_step=10/10 expert_grad=0.0242 lr=1.000e-07 step_time=4.72s eta=20.4min peak_cuda_rank0=8.22GiB
[training-loss] step=1750/2000 grid_kd=0.000801
[train-state] step=1750/2000 grid_step=10/10 expert_grad=0.0228 lr=1.000e-07 step_time=4.73s eta=19.7min peak_cuda_rank0=8.22GiB
[training-loss] step=1760/2000 grid_kd=0.000835
[train-state] step=1760/2000 grid_step=10/10 expert_grad=0.0239 lr=1.000e-07 step_time=4.73s eta=18.9min peak_cuda_rank0=8.22GiB
[training-loss] step=1770/2000 grid_kd=0.000848
[train-state] step=1770/2000 grid_step=10/10 expert_grad=0.0205 lr=1.000e-07 step_time=4.73s eta=18.1min peak_cuda_rank0=8.22GiB
[training-loss] step=1780/2000 grid_kd=0.000774
[train-state] step=1780/2000 grid_step=10/10 expert_grad=0.0223 lr=1.000e-07 step_time=4.77s eta=17.5min peak_cuda_rank0=8.22GiB
[training-loss] step=1790/2000 grid_kd=0.000974
[train-state] step=1790/2000 grid_step=10/10 expert_grad=0.0270 lr=1.000e-07 step_time=4.85s eta=17.0min peak_cuda_rank0=8.22GiB
[training-loss] step=1800/2000 grid_kd=0.000781
[train-state] step=1800/2000 grid_step=10/10 expert_grad=0.0219 lr=1.000e-07 step_time=4.86s eta=16.2min peak_cuda_rank0=8.22GiB
[training-loss] step=1810/2000 grid_kd=0.000839
[train-state] step=1810/2000 grid_step=10/10 expert_grad=0.0203 lr=1.000e-07 step_time=4.81s eta=15.2min peak_cuda_rank0=8.22GiB
[training-loss] step=1820/2000 grid_kd=0.000865
[train-state] step=1820/2000 grid_step=10/10 expert_grad=0.0239 lr=1.000e-07 step_time=4.82s eta=14.5min peak_cuda_rank0=8.22GiB
[training-loss] step=1830/2000 grid_kd=0.000764
[train-state] step=1830/2000 grid_step=10/10 expert_grad=0.0231 lr=1.000e-07 step_time=4.88s eta=13.8min peak_cuda_rank0=8.22GiB
[training-loss] step=1840/2000 grid_kd=0.001017
[train-state] step=1840/2000 grid_step=10/10 expert_grad=0.0258 lr=1.000e-07 step_time=4.85s eta=12.9min peak_cuda_rank0=8.22GiB
[training-loss] step=1850/2000 grid_kd=0.001055
[train-state] step=1850/2000 grid_step=10/10 expert_grad=0.0264 lr=1.000e-07 step_time=4.81s eta=12.0min peak_cuda_rank0=8.22GiB
[training-loss] step=1860/2000 grid_kd=0.000913
[train-state] step=1860/2000 grid_step=10/10 expert_grad=0.0267 lr=1.000e-07 step_time=4.86s eta=11.3min peak_cuda_rank0=8.22GiB
[training-loss] step=1870/2000 grid_kd=0.000823
[train-state] step=1870/2000 grid_step=10/10 expert_grad=0.0218 lr=1.000e-07 step_time=4.88s eta=10.6min peak_cuda_rank0=8.22GiB
[training-loss] step=1880/2000 grid_kd=0.000826
[train-state] step=1880/2000 grid_step=10/10 expert_grad=0.0230 lr=1.000e-07 step_time=4.79s eta=9.6min peak_cuda_rank0=8.22GiB
[training-loss] step=1890/2000 grid_kd=0.000752
[train-state] step=1890/2000 grid_step=10/10 expert_grad=0.0219 lr=1.000e-07 step_time=4.88s eta=8.9min peak_cuda_rank0=8.22GiB
[training-loss] step=1900/2000 grid_kd=0.000876
[train-state] step=1900/2000 grid_step=10/10 expert_grad=0.0299 lr=1.000e-07 step_time=4.91s eta=8.2min peak_cuda_rank0=8.22GiB
[training-loss] step=1910/2000 grid_kd=0.000889
[train-state] step=1910/2000 grid_step=10/10 expert_grad=0.0205 lr=1.000e-07 step_time=4.86s eta=7.3min peak_cuda_rank0=8.22GiB
[training-loss] step=1920/2000 grid_kd=0.000850
[train-state] step=1920/2000 grid_step=10/10 expert_grad=0.0234 lr=1.000e-07 step_time=4.75s eta=6.3min peak_cuda_rank0=8.22GiB
[training-loss] step=1930/2000 grid_kd=0.000924
[train-state] step=1930/2000 grid_step=10/10 expert_grad=0.0218 lr=1.000e-07 step_time=4.67s eta=5.4min peak_cuda_rank0=8.22GiB
[training-loss] step=1940/2000 grid_kd=0.000829
[train-state] step=1940/2000 grid_step=10/10 expert_grad=0.0226 lr=1.000e-07 step_time=4.73s eta=4.7min peak_cuda_rank0=8.22GiB
[training-loss] step=1950/2000 grid_kd=0.000964
[train-state] step=1950/2000 grid_step=10/10 expert_grad=0.0252 lr=1.000e-07 step_time=4.73s eta=3.9min peak_cuda_rank0=8.22GiB
[training-loss] step=1960/2000 grid_kd=0.001030
[train-state] step=1960/2000 grid_step=10/10 expert_grad=0.0283 lr=1.000e-07 step_time=4.79s eta=3.2min peak_cuda_rank0=8.22GiB
[training-loss] step=1970/2000 grid_kd=0.000811
[train-state] step=1970/2000 grid_step=10/10 expert_grad=0.0185 lr=1.000e-07 step_time=4.85s eta=2.4min peak_cuda_rank0=8.22GiB
[training-loss] step=1980/2000 grid_kd=0.001007
[train-state] step=1980/2000 grid_step=10/10 expert_grad=0.0238 lr=1.000e-07 step_time=4.76s eta=1.6min peak_cuda_rank0=8.22GiB
[training-loss] step=1990/2000 grid_kd=0.000793
[train-state] step=1990/2000 grid_step=10/10 expert_grad=0.0219 lr=1.000e-07 step_time=4.75s eta=0.8min peak_cuda_rank0=8.22GiB
[training-loss] step=2000/2000 grid_kd=0.000908
[train-state] step=2000/2000 grid_step=10/10 expert_grad=0.0228 lr=1.000e-07 step_time=4.76s eta=0.0min peak_cuda_rank0=8.22GiB
[checkpoint] saved step=2000
