[launcher] physical_gpus=1,3,4,5 nproc=4 local_batch=32 global_batch=128
08/11 [20:36:18] INFO     | >> PyTorch version 2.8.0+cu126          config.py:54
                          available.                                            
08/11 [20:36:18] INFO     | >> PyTorch version 2.8.0+cu126          config.py:54
                          available.                                            
08/11 [20:36:19] INFO     | >> PyTorch version 2.8.0+cu126          config.py:54
                          available.                                            
08/11 [20:36:19] INFO     | >> PyTorch version 2.8.0+cu126          config.py:54
                          available.                                            
[model] SEC284=76,624,896 trainable=76,624,896 LAP6=59,715,104 LaWM=228,286,720 Expert=306,405,632; frozen=LAP6,LaWM,Expert
[train] world=4 local_batch=32 global_batch=128 steps=2000 precision=BF16-autocast samples=24,140
[training-loss] step=1/2000 total=0.066737 repr=0.066734 behavior_kd=0.003911 flow_monitor=0.004929 raw_mse=0.053540 white_mse=0.023107 cosine=0.038607 dynamic=0.149274 std_ratio=0.871362
[train-state] step=1/2000 lambda_behavior=0.000643 condition_grad_repr=0.000451 condition_grad_behavior=0.001753 condition_grad_cos=0.014549 sec_grad=0.099712 lr=2.000e-07 step_time=2.26s eta=1.25h peak_cuda_rank0=8.71GiB
[training-loss] step=10/2000 total=0.065682 repr=0.065665 behavior_kd=0.004660 flow_monitor=0.005820 raw_mse=0.052863 white_mse=0.022762 cosine=0.038075 dynamic=0.145682 std_ratio=0.882819
[train-state] step=10/2000 lambda_behavior=0.003535 condition_grad_repr=0.000446 condition_grad_behavior=0.003101 condition_grad_cos=0.011518 sec_grad=0.078896 lr=1.100e-06 step_time=1.43s eta=0.79h peak_cuda_rank0=9.34GiB
[training-loss] step=20/2000 total=0.065365 repr=0.065323 behavior_kd=0.004809 flow_monitor=0.005959 raw_mse=0.053259 white_mse=0.022922 cosine=0.038325 dynamic=0.138562 std_ratio=0.907830
[train-state] step=20/2000 lambda_behavior=0.008611 condition_grad_repr=0.000442 condition_grad_behavior=0.002347 condition_grad_cos=0.013676 sec_grad=0.071042 lr=2.100e-06 step_time=1.57s eta=0.86h peak_cuda_rank0=9.34GiB
[training-loss] step=30/2000 total=0.065041 repr=0.064988 behavior_kd=0.004153 flow_monitor=0.005567 raw_mse=0.052982 white_mse=0.022795 cosine=0.038083 dynamic=0.137983 std_ratio=0.911157
[train-state] step=30/2000 lambda_behavior=0.012725 condition_grad_repr=0.000441 condition_grad_behavior=0.002405 condition_grad_cos=0.011792 sec_grad=0.066688 lr=3.100e-06 step_time=1.51s eta=0.83h peak_cuda_rank0=9.34GiB
[training-loss] step=40/2000 total=0.065165 repr=0.065091 behavior_kd=0.003701 flow_monitor=0.005199 raw_mse=0.052904 white_mse=0.022744 cosine=0.037984 dynamic=0.139953 std_ratio=0.913522
[train-state] step=40/2000 lambda_behavior=0.020018 condition_grad_repr=0.000442 condition_grad_behavior=0.002491 condition_grad_cos=0.012153 sec_grad=0.063609 lr=4.100e-06 step_time=1.53s eta=0.83h peak_cuda_rank0=9.34GiB
[training-loss] step=50/2000 total=0.065199 repr=0.065095 behavior_kd=0.003869 flow_monitor=0.005279 raw_mse=0.053000 white_mse=0.022793 cosine=0.038039 dynamic=0.139004 std_ratio=0.915193
[train-state] step=50/2000 lambda_behavior=0.027012 condition_grad_repr=0.000442 condition_grad_behavior=0.001948 condition_grad_cos=0.012986 sec_grad=0.069851 lr=5.100e-06 step_time=1.43s eta=0.78h peak_cuda_rank0=9.34GiB
[training-loss] step=60/2000 total=0.065408 repr=0.065265 behavior_kd=0.004431 flow_monitor=0.005736 raw_mse=0.053314 white_mse=0.022913 cosine=0.038275 dynamic=0.137814 std_ratio=0.916639
[train-state] step=60/2000 lambda_behavior=0.032194 condition_grad_repr=0.000441 condition_grad_behavior=0.002631 condition_grad_cos=0.011546 sec_grad=0.078090 lr=6.100e-06 step_time=1.39s eta=0.75h peak_cuda_rank0=9.34GiB
[training-loss] step=70/2000 total=0.065682 repr=0.065529 behavior_kd=0.004465 flow_monitor=0.005930 raw_mse=0.053431 white_mse=0.022966 cosine=0.038365 dynamic=0.139298 std_ratio=0.916074
[train-state] step=70/2000 lambda_behavior=0.034394 condition_grad_repr=0.000443 condition_grad_behavior=0.002557 condition_grad_cos=0.012329 sec_grad=0.080066 lr=7.100e-06 step_time=1.41s eta=0.76h peak_cuda_rank0=9.34GiB
[training-loss] step=80/2000 total=0.064852 repr=0.064657 behavior_kd=0.004577 flow_monitor=0.006282 raw_mse=0.052895 white_mse=0.022744 cosine=0.037952 dynamic=0.135677 std_ratio=0.917900
[train-state] step=80/2000 lambda_behavior=0.042536 condition_grad_repr=0.000439 condition_grad_behavior=0.002038 condition_grad_cos=0.013066 sec_grad=0.081804 lr=8.100e-06 step_time=1.48s eta=0.79h peak_cuda_rank0=9.34GiB
[training-loss] step=90/2000 total=0.065645 repr=0.065444 behavior_kd=0.003982 flow_monitor=0.005402 raw_mse=0.053368 white_mse=0.022901 cosine=0.038296 dynamic=0.139445 std_ratio=0.917022
[train-state] step=90/2000 lambda_behavior=0.050579 condition_grad_repr=0.000442 condition_grad_behavior=0.002365 condition_grad_cos=0.012441 sec_grad=0.086048 lr=9.100e-06 step_time=1.32s eta=0.70h peak_cuda_rank0=9.34GiB
[training-loss] step=100/2000 total=0.065314 repr=0.065088 behavior_kd=0.004046 flow_monitor=0.005639 raw_mse=0.053271 white_mse=0.022901 cosine=0.038232 dynamic=0.136404 std_ratio=0.918023
[train-state] step=100/2000 lambda_behavior=0.055861 condition_grad_repr=0.000440 condition_grad_behavior=0.002102 condition_grad_cos=0.012381 sec_grad=0.085814 lr=1.000e-05 step_time=1.43s eta=0.76h peak_cuda_rank0=9.34GiB
[training-loss] step=110/2000 total=0.065710 repr=0.065442 behavior_kd=0.004579 flow_monitor=0.006233 raw_mse=0.053401 white_mse=0.022920 cosine=0.038318 dynamic=0.139048 std_ratio=0.917124
[train-state] step=110/2000 lambda_behavior=0.059307 condition_grad_repr=0.000442 condition_grad_behavior=0.002898 condition_grad_cos=0.011845 sec_grad=0.094669 lr=9.999e-06 step_time=1.22s eta=0.64h peak_cuda_rank0=9.34GiB
[training-loss] step=120/2000 total=0.065970 repr=0.065768 behavior_kd=0.003852 flow_monitor=0.005203 raw_mse=0.053757 white_mse=0.023110 cosine=0.038590 dynamic=0.138504 std_ratio=0.917325
[train-state] step=120/2000 lambda_behavior=0.052545 condition_grad_repr=0.000443 condition_grad_behavior=0.002380 condition_grad_cos=0.010659 sec_grad=0.097680 lr=9.998e-06 step_time=1.43s eta=0.75h peak_cuda_rank0=9.34GiB
[training-loss] step=130/2000 total=0.065497 repr=0.065256 behavior_kd=0.004342 flow_monitor=0.005789 raw_mse=0.053364 white_mse=0.022956 cosine=0.038300 dynamic=0.137036 std_ratio=0.918910
[train-state] step=130/2000 lambda_behavior=0.055895 condition_grad_repr=0.000441 condition_grad_behavior=0.001860 condition_grad_cos=0.013625 sec_grad=0.098757 lr=9.994e-06 step_time=1.32s eta=0.69h peak_cuda_rank0=9.34GiB
[training-loss] step=140/2000 total=0.065582 repr=0.065358 behavior_kd=0.003935 flow_monitor=0.005272 raw_mse=0.053425 white_mse=0.022996 cosine=0.038345 dynamic=0.137324 std_ratio=0.917695
[train-state] step=140/2000 lambda_behavior=0.056869 condition_grad_repr=0.000442 condition_grad_behavior=0.002150 condition_grad_cos=0.012304 sec_grad=0.098459 lr=9.990e-06 step_time=1.41s eta=0.73h peak_cuda_rank0=9.34GiB
[training-loss] step=150/2000 total=0.065718 repr=0.065473 behavior_kd=0.004349 flow_monitor=0.005642 raw_mse=0.053387 white_mse=0.022941 cosine=0.038302 dynamic=0.139228 std_ratio=0.917820
[train-state] step=150/2000 lambda_behavior=0.056481 condition_grad_repr=0.000443 condition_grad_behavior=0.002159 condition_grad_cos=0.012913 sec_grad=0.097141 lr=9.985e-06 step_time=1.22s eta=0.63h peak_cuda_rank0=9.34GiB
[training-loss] step=160/2000 total=0.065506 repr=0.065257 behavior_kd=0.004414 flow_monitor=0.005605 raw_mse=0.053384 white_mse=0.022948 cosine=0.038305 dynamic=0.137014 std_ratio=0.918674
[train-state] step=160/2000 lambda_behavior=0.056539 condition_grad_repr=0.000441 condition_grad_behavior=0.002310 condition_grad_cos=0.012866 sec_grad=0.091768 lr=9.978e-06 step_time=1.47s eta=0.75h peak_cuda_rank0=9.34GiB
[training-loss] step=170/2000 total=0.065423 repr=0.065172 behavior_kd=0.004368 flow_monitor=0.005578 raw_mse=0.053371 white_mse=0.022956 cosine=0.038319 dynamic=0.136144 std_ratio=0.919128
[train-state] step=170/2000 lambda_behavior=0.057585 condition_grad_repr=0.000440 condition_grad_behavior=0.002233 condition_grad_cos=0.013224 sec_grad=0.090648 lr=9.970e-06 step_time=1.32s eta=0.67h peak_cuda_rank0=9.34GiB
[training-loss] step=180/2000 total=0.065052 repr=0.064838 behavior_kd=0.003887 flow_monitor=0.005492 raw_mse=0.053013 white_mse=0.022799 cosine=0.038040 dynamic=0.136296 std_ratio=0.918968
[train-state] step=180/2000 lambda_behavior=0.054928 condition_grad_repr=0.000440 condition_grad_behavior=0.002388 condition_grad_cos=0.011780 sec_grad=0.103840 lr=9.961e-06 step_time=1.45s eta=0.73h peak_cuda_rank0=9.34GiB
[training-loss] step=190/2000 total=0.064785 repr=0.064560 behavior_kd=0.003954 flow_monitor=0.005317 raw_mse=0.052804 white_mse=0.022707 cosine=0.037885 dynamic=0.135570 std_ratio=0.919326
[train-state] step=190/2000 lambda_behavior=0.056848 condition_grad_repr=0.000439 condition_grad_behavior=0.002281 condition_grad_cos=0.011916 sec_grad=0.092125 lr=9.950e-06 step_time=1.32s eta=0.66h peak_cuda_rank0=9.34GiB
[training-loss] step=200/2000 total=0.065233 repr=0.065011 behavior_kd=0.004210 flow_monitor=0.005768 raw_mse=0.053126 white_mse=0.022817 cosine=0.038116 dynamic=0.137249 std_ratio=0.919080
[train-state] step=200/2000 lambda_behavior=0.052900 condition_grad_repr=0.000441 condition_grad_behavior=0.003143 condition_grad_cos=0.010083 sec_grad=0.093152 lr=9.939e-06 step_time=1.64s eta=0.82h peak_cuda_rank0=9.34GiB
[training-loss] step=210/2000 total=0.065301 repr=0.065141 behavior_kd=0.003508 flow_monitor=0.004981 raw_mse=0.053219 white_mse=0.022891 cosine=0.038187 dynamic=0.137309 std_ratio=0.919178
[train-state] step=210/2000 lambda_behavior=0.045785 condition_grad_repr=0.000441 condition_grad_behavior=0.003481 condition_grad_cos=0.008565 sec_grad=0.088090 lr=9.926e-06 step_time=1.65s eta=0.82h peak_cuda_rank0=9.34GiB
[training-loss] step=220/2000 total=0.065297 repr=0.065096 behavior_kd=0.004244 flow_monitor=0.005374 raw_mse=0.053069 white_mse=0.022816 cosine=0.038078 dynamic=0.138416 std_ratio=0.918075
[train-state] step=220/2000 lambda_behavior=0.047364 condition_grad_repr=0.000441 condition_grad_behavior=0.003076 condition_grad_cos=0.010941 sec_grad=0.094538 lr=9.912e-06 step_time=1.58s eta=0.78h peak_cuda_rank0=9.34GiB
[training-loss] step=230/2000 total=0.065008 repr=0.064803 behavior_kd=0.004137 flow_monitor=0.005551 raw_mse=0.053036 white_mse=0.022788 cosine=0.038045 dynamic=0.135952 std_ratio=0.920111
[train-state] step=230/2000 lambda_behavior=0.049413 condition_grad_repr=0.000439 condition_grad_behavior=0.002539 condition_grad_cos=0.012412 sec_grad=0.096919 lr=9.896e-06 step_time=1.80s eta=0.89h peak_cuda_rank0=9.34GiB
[training-loss] step=240/2000 total=0.064843 repr=0.064653 behavior_kd=0.003837 flow_monitor=0.005080 raw_mse=0.052833 white_mse=0.022724 cosine=0.037905 dynamic=0.136174 std_ratio=0.919407
[train-state] step=240/2000 lambda_behavior=0.049669 condition_grad_repr=0.000439 condition_grad_behavior=0.002438 condition_grad_cos=0.012143 sec_grad=0.084903 lr=9.880e-06 step_time=1.44s eta=0.70h peak_cuda_rank0=9.34GiB
[training-loss] step=250/2000 total=0.064960 repr=0.064747 behavior_kd=0.003968 flow_monitor=0.005664 raw_mse=0.053051 white_mse=0.022823 cosine=0.038067 dynamic=0.134953 std_ratio=0.919896
[train-state] step=250/2000 lambda_behavior=0.053692 condition_grad_repr=0.000439 condition_grad_behavior=0.004183 condition_grad_cos=0.010785 sec_grad=0.089642 lr=9.862e-06 step_time=1.36s eta=0.66h peak_cuda_rank0=9.34GiB
[training-loss] step=260/2000 total=0.065040 repr=0.064815 behavior_kd=0.004194 flow_monitor=0.005406 raw_mse=0.052972 white_mse=0.022772 cosine=0.038005 dynamic=0.136566 std_ratio=0.919180
[train-state] step=260/2000 lambda_behavior=0.054164 condition_grad_repr=0.000440 condition_grad_behavior=0.002715 condition_grad_cos=0.012585 sec_grad=0.093629 lr=9.843e-06 step_time=1.46s eta=0.71h peak_cuda_rank0=9.34GiB
[training-loss] step=270/2000 total=0.065181 repr=0.064960 behavior_kd=0.003983 flow_monitor=0.005190 raw_mse=0.053099 white_mse=0.022810 cosine=0.038090 dynamic=0.136959 std_ratio=0.919276
[train-state] step=270/2000 lambda_behavior=0.055489 condition_grad_repr=0.000440 condition_grad_behavior=0.002106 condition_grad_cos=0.013100 sec_grad=0.101186 lr=9.823e-06 step_time=1.35s eta=0.65h peak_cuda_rank0=9.34GiB
[training-loss] step=280/2000 total=0.064720 repr=0.064515 behavior_kd=0.003391 flow_monitor=0.004590 raw_mse=0.052738 white_mse=0.022683 cosine=0.037836 dynamic=0.135711 std_ratio=0.920473
[train-state] step=280/2000 lambda_behavior=0.060839 condition_grad_repr=0.000439 condition_grad_behavior=0.001836 condition_grad_cos=0.011820 sec_grad=0.092171 lr=9.802e-06 step_time=1.50s eta=0.72h peak_cuda_rank0=9.34GiB
[training-loss] step=290/2000 total=0.064922 repr=0.064682 behavior_kd=0.004203 flow_monitor=0.005596 raw_mse=0.052868 white_mse=0.022745 cosine=0.037929 dynamic=0.136074 std_ratio=0.919415
[train-state] step=290/2000 lambda_behavior=0.057128 condition_grad_repr=0.000439 condition_grad_behavior=0.002380 condition_grad_cos=0.012451 sec_grad=0.094706 lr=9.780e-06 step_time=1.27s eta=0.60h peak_cuda_rank0=9.34GiB
[training-loss] step=300/2000 total=0.065230 repr=0.064978 behavior_kd=0.004449 flow_monitor=0.005897 raw_mse=0.053194 white_mse=0.022900 cosine=0.038165 dynamic=0.135720 std_ratio=0.919621
[train-state] step=300/2000 lambda_behavior=0.056975 condition_grad_repr=0.000440 condition_grad_behavior=0.002056 condition_grad_cos=0.012741 sec_grad=0.109068 lr=9.756e-06 step_time=1.46s eta=0.69h peak_cuda_rank0=9.34GiB
[training-loss] step=310/2000 total=0.064860 repr=0.064611 behavior_kd=0.004215 flow_monitor=0.005530 raw_mse=0.052771 white_mse=0.022667 cosine=0.037846 dynamic=0.136650 std_ratio=0.919353
[train-state] step=310/2000 lambda_behavior=0.059274 condition_grad_repr=0.000439 condition_grad_behavior=0.002239 condition_grad_cos=0.012372 sec_grad=0.095854 lr=9.731e-06 step_time=1.21s eta=0.57h peak_cuda_rank0=9.34GiB
[training-loss] step=320/2000 total=0.065095 repr=0.064881 behavior_kd=0.003766 flow_monitor=0.004990 raw_mse=0.053021 white_mse=0.022802 cosine=0.038040 dynamic=0.136659 std_ratio=0.919914
[train-state] step=320/2000 lambda_behavior=0.056799 condition_grad_repr=0.000440 condition_grad_behavior=0.002184 condition_grad_cos=0.012130 sec_grad=0.094477 lr=9.706e-06 step_time=1.47s eta=0.68h peak_cuda_rank0=9.34GiB
[training-loss] step=330/2000 total=0.065040 repr=0.064813 behavior_kd=0.003681 flow_monitor=0.004672 raw_mse=0.052704 white_mse=0.022605 cosine=0.037797 dynamic=0.139659 std_ratio=0.918644
[train-state] step=330/2000 lambda_behavior=0.061783 condition_grad_repr=0.000441 condition_grad_behavior=0.001838 condition_grad_cos=0.012405 sec_grad=0.104657 lr=9.678e-06 step_time=1.25s eta=0.58h peak_cuda_rank0=9.34GiB
[training-loss] step=340/2000 total=0.064701 repr=0.064448 behavior_kd=0.004160 flow_monitor=0.005689 raw_mse=0.052767 white_mse=0.022695 cosine=0.037858 dynamic=0.134770 std_ratio=0.920465
[train-state] step=340/2000 lambda_behavior=0.061111 condition_grad_repr=0.000438 condition_grad_behavior=0.002031 condition_grad_cos=0.014045 sec_grad=0.093269 lr=9.650e-06 step_time=1.37s eta=0.63h peak_cuda_rank0=9.34GiB
[training-loss] step=350/2000 total=0.065188 repr=0.064945 behavior_kd=0.003969 flow_monitor=0.005308 raw_mse=0.053089 white_mse=0.022825 cosine=0.038077 dynamic=0.136713 std_ratio=0.919822
[train-state] step=350/2000 lambda_behavior=0.061663 condition_grad_repr=0.000440 condition_grad_behavior=0.001856 condition_grad_cos=0.013164 sec_grad=0.098052 lr=9.621e-06 step_time=1.34s eta=0.61h peak_cuda_rank0=9.34GiB
[training-loss] step=360/2000 total=0.064957 repr=0.064731 behavior_kd=0.004008 flow_monitor=0.005379 raw_mse=0.052903 white_mse=0.022763 cosine=0.037953 dynamic=0.136185 std_ratio=0.919827
[train-state] step=360/2000 lambda_behavior=0.056500 condition_grad_repr=0.000440 condition_grad_behavior=0.003041 condition_grad_cos=0.011288 sec_grad=0.099100 lr=9.591e-06 step_time=1.32s eta=0.60h peak_cuda_rank0=9.34GiB
[training-loss] step=370/2000 total=0.065098 repr=0.064886 behavior_kd=0.003963 flow_monitor=0.005416 raw_mse=0.053056 white_mse=0.022817 cosine=0.038069 dynamic=0.136373 std_ratio=0.919641
[train-state] step=370/2000 lambda_behavior=0.053480 condition_grad_repr=0.000440 condition_grad_behavior=0.002511 condition_grad_cos=0.011089 sec_grad=0.093260 lr=9.559e-06 step_time=1.34s eta=0.61h peak_cuda_rank0=9.34GiB
[training-loss] step=380/2000 total=0.064665 repr=0.064451 behavior_kd=0.003797 flow_monitor=0.004932 raw_mse=0.052755 white_mse=0.022678 cosine=0.037833 dynamic=0.135043 std_ratio=0.920224
[train-state] step=380/2000 lambda_behavior=0.056395 condition_grad_repr=0.000438 condition_grad_behavior=0.002018 condition_grad_cos=0.012567 sec_grad=0.086961 lr=9.526e-06 step_time=1.31s eta=0.59h peak_cuda_rank0=9.34GiB
[training-loss] step=390/2000 total=0.064267 repr=0.064071 behavior_kd=0.003324 flow_monitor=0.004489 raw_mse=0.052340 white_mse=0.022506 cosine=0.037528 dynamic=0.135189 std_ratio=0.920888
[train-state] step=390/2000 lambda_behavior=0.059088 condition_grad_repr=0.000438 condition_grad_behavior=0.002243 condition_grad_cos=0.011322 sec_grad=0.089140 lr=9.493e-06 step_time=1.37s eta=0.61h peak_cuda_rank0=9.34GiB
[training-loss] step=400/2000 total=0.064726 repr=0.064527 behavior_kd=0.003638 flow_monitor=0.005014 raw_mse=0.052754 white_mse=0.022706 cosine=0.037842 dynamic=0.135518 std_ratio=0.920288
[train-state] step=400/2000 lambda_behavior=0.054781 condition_grad_repr=0.000439 condition_grad_behavior=0.002778 condition_grad_cos=0.010276 sec_grad=0.098980 lr=9.458e-06 step_time=1.29s eta=0.57h peak_cuda_rank0=9.34GiB
[training-loss] step=410/2000 total=0.064289 repr=0.064079 behavior_kd=0.003691 flow_monitor=0.004858 raw_mse=0.052434 white_mse=0.022544 cosine=0.037606 dynamic=0.134375 std_ratio=0.920840
[train-state] step=410/2000 lambda_behavior=0.056985 condition_grad_repr=0.000437 condition_grad_behavior=0.002496 condition_grad_cos=0.012058 sec_grad=0.100316 lr=9.422e-06 step_time=1.38s eta=0.61h peak_cuda_rank0=9.34GiB
[training-loss] step=420/2000 total=0.064389 repr=0.064166 behavior_kd=0.003818 flow_monitor=0.005479 raw_mse=0.052351 white_mse=0.022504 cosine=0.037535 dynamic=0.136096 std_ratio=0.920432
[train-state] step=420/2000 lambda_behavior=0.058345 condition_grad_repr=0.000438 condition_grad_behavior=0.002082 condition_grad_cos=0.012646 sec_grad=0.093365 lr=9.385e-06 step_time=1.30s eta=0.57h peak_cuda_rank0=9.34GiB
[training-loss] step=430/2000 total=0.064660 repr=0.064460 behavior_kd=0.003768 flow_monitor=0.004936 raw_mse=0.052756 white_mse=0.022687 cosine=0.037846 dynamic=0.135025 std_ratio=0.920951
[train-state] step=430/2000 lambda_behavior=0.053653 condition_grad_repr=0.000438 condition_grad_behavior=0.002400 condition_grad_cos=0.011419 sec_grad=0.095229 lr=9.347e-06 step_time=1.45s eta=0.63h peak_cuda_rank0=9.34GiB
[training-loss] step=440/2000 total=0.064534 repr=0.064336 behavior_kd=0.003743 flow_monitor=0.005239 raw_mse=0.052565 white_mse=0.022605 cosine=0.037701 dynamic=0.135640 std_ratio=0.919956
[train-state] step=440/2000 lambda_behavior=0.052961 condition_grad_repr=0.000438 condition_grad_behavior=0.002734 condition_grad_cos=0.011923 sec_grad=0.094776 lr=9.307e-06 step_time=1.21s eta=0.52h peak_cuda_rank0=9.34GiB
[training-loss] step=450/2000 total=0.064637 repr=0.064447 behavior_kd=0.003695 flow_monitor=0.005045 raw_mse=0.052762 white_mse=0.022692 cosine=0.037840 dynamic=0.134818 std_ratio=0.920952
[train-state] step=450/2000 lambda_behavior=0.051232 condition_grad_repr=0.000438 condition_grad_behavior=0.002185 condition_grad_cos=0.011940 sec_grad=0.093210 lr=9.267e-06 step_time=1.46s eta=0.63h peak_cuda_rank0=9.34GiB
[training-loss] step=460/2000 total=0.065153 repr=0.064972 behavior_kd=0.003592 flow_monitor=0.004962 raw_mse=0.053059 white_mse=0.022826 cosine=0.038068 dynamic=0.137134 std_ratio=0.919187
[train-state] step=460/2000 lambda_behavior=0.050589 condition_grad_repr=0.000441 condition_grad_behavior=0.002646 condition_grad_cos=0.011236 sec_grad=0.092285 lr=9.226e-06 step_time=1.08s eta=0.46h peak_cuda_rank0=9.34GiB
[training-loss] step=470/2000 total=0.064747 repr=0.064556 behavior_kd=0.003773 flow_monitor=0.005506 raw_mse=0.052808 white_mse=0.022713 cosine=0.037874 dynamic=0.135449 std_ratio=0.920791
[train-state] step=470/2000 lambda_behavior=0.050498 condition_grad_repr=0.000439 condition_grad_behavior=0.003534 condition_grad_cos=0.009688 sec_grad=0.097523 lr=9.184e-06 step_time=1.47s eta=0.62h peak_cuda_rank0=9.34GiB
[training-loss] step=480/2000 total=0.064736 repr=0.064556 behavior_kd=0.003595 flow_monitor=0.004929 raw_mse=0.052777 white_mse=0.022690 cosine=0.037852 dynamic=0.135850 std_ratio=0.920430
[train-state] step=480/2000 lambda_behavior=0.050615 condition_grad_repr=0.000439 condition_grad_behavior=0.003770 condition_grad_cos=0.011780 sec_grad=0.092706 lr=9.141e-06 step_time=1.16s eta=0.49h peak_cuda_rank0=9.34GiB
[training-loss] step=490/2000 total=0.064077 repr=0.063884 behavior_kd=0.003267 flow_monitor=0.004635 raw_mse=0.052310 white_mse=0.022519 cosine=0.037508 dynamic=0.133340 std_ratio=0.921629
[train-state] step=490/2000 lambda_behavior=0.058899 condition_grad_repr=0.000436 condition_grad_behavior=0.002532 condition_grad_cos=0.011436 sec_grad=0.089175 lr=9.096e-06 step_time=1.48s eta=0.62h peak_cuda_rank0=9.34GiB
[training-loss] step=500/2000 total=0.064379 repr=0.064160 behavior_kd=0.004002 flow_monitor=0.004780 raw_mse=0.052367 white_mse=0.022522 cosine=0.037557 dynamic=0.135772 std_ratio=0.920140
[train-state] step=500/2000 lambda_behavior=0.054868 condition_grad_repr=0.000438 condition_grad_behavior=0.002234 condition_grad_cos=0.012218 sec_grad=0.094706 lr=9.051e-06 step_time=1.22s eta=0.51h peak_cuda_rank0=9.34GiB
[checkpoint] saved step=500
[training-loss] step=510/2000 total=0.064645 repr=0.064414 behavior_kd=0.003997 flow_monitor=0.004853 raw_mse=0.052720 white_mse=0.022653 cosine=0.037815 dynamic=0.135100 std_ratio=0.920824
[train-state] step=510/2000 lambda_behavior=0.057817 condition_grad_repr=0.000438 condition_grad_behavior=0.001940 condition_grad_cos=0.014248 sec_grad=0.097013 lr=9.005e-06 step_time=1.69s eta=0.70h peak_cuda_rank0=9.34GiB
[training-loss] step=520/2000 total=0.064355 repr=0.064120 behavior_kd=0.004163 flow_monitor=0.005289 raw_mse=0.052524 white_mse=0.022591 cosine=0.037668 dynamic=0.133836 std_ratio=0.921451
[train-state] step=520/2000 lambda_behavior=0.056447 condition_grad_repr=0.000437 condition_grad_behavior=0.002262 condition_grad_cos=0.012356 sec_grad=0.100575 lr=8.958e-06 step_time=1.29s eta=0.53h peak_cuda_rank0=9.34GiB
[training-loss] step=530/2000 total=0.064519 repr=0.064309 behavior_kd=0.004069 flow_monitor=0.005191 raw_mse=0.052509 white_mse=0.022606 cosine=0.037662 dynamic=0.135656 std_ratio=0.920401
[train-state] step=530/2000 lambda_behavior=0.051839 condition_grad_repr=0.000438 condition_grad_behavior=0.002607 condition_grad_cos=0.010746 sec_grad=0.095502 lr=8.910e-06 step_time=1.38s eta=0.56h peak_cuda_rank0=9.34GiB
[training-loss] step=540/2000 total=0.064320 repr=0.064124 behavior_kd=0.003362 flow_monitor=0.004532 raw_mse=0.052498 white_mse=0.022559 cosine=0.037645 dynamic=0.134341 std_ratio=0.921241
[train-state] step=540/2000 lambda_behavior=0.058246 condition_grad_repr=0.000437 condition_grad_behavior=0.001870 condition_grad_cos=0.012009 sec_grad=0.084493 lr=8.861e-06 step_time=1.33s eta=0.54h peak_cuda_rank0=9.34GiB
[training-loss] step=550/2000 total=0.064564 repr=0.064374 behavior_kd=0.003414 flow_monitor=0.004679 raw_mse=0.052598 white_mse=0.022630 cosine=0.037727 dynamic=0.135594 std_ratio=0.920413
[train-state] step=550/2000 lambda_behavior=0.055614 condition_grad_repr=0.000438 condition_grad_behavior=0.002179 condition_grad_cos=0.011535 sec_grad=0.094407 lr=8.811e-06 step_time=1.34s eta=0.54h peak_cuda_rank0=9.34GiB
[training-loss] step=560/2000 total=0.064400 repr=0.064189 behavior_kd=0.003941 flow_monitor=0.005230 raw_mse=0.052442 white_mse=0.022554 cosine=0.037605 dynamic=0.135330 std_ratio=0.920522
[train-state] step=560/2000 lambda_behavior=0.053721 condition_grad_repr=0.000438 condition_grad_behavior=0.002134 condition_grad_cos=0.012238 sec_grad=0.094332 lr=8.760e-06 step_time=1.38s eta=0.55h peak_cuda_rank0=9.34GiB
[training-loss] step=570/2000 total=0.064149 repr=0.063950 behavior_kd=0.003731 flow_monitor=0.005343 raw_mse=0.052257 white_mse=0.022448 cosine=0.037465 dynamic=0.135010 std_ratio=0.920926
[train-state] step=570/2000 lambda_behavior=0.053382 condition_grad_repr=0.000437 condition_grad_behavior=0.002172 condition_grad_cos=0.011632 sec_grad=0.094938 lr=8.708e-06 step_time=1.28s eta=0.51h peak_cuda_rank0=9.34GiB
[training-loss] step=580/2000 total=0.064087 repr=0.063900 behavior_kd=0.003151 flow_monitor=0.004603 raw_mse=0.052330 white_mse=0.022539 cosine=0.037523 dynamic=0.133196 std_ratio=0.922054
[train-state] step=580/2000 lambda_behavior=0.059425 condition_grad_repr=0.000436 condition_grad_behavior=0.001848 condition_grad_cos=0.011217 sec_grad=0.084467 lr=8.656e-06 step_time=1.42s eta=0.56h peak_cuda_rank0=9.34GiB
[training-loss] step=590/2000 total=0.064416 repr=0.064227 behavior_kd=0.003363 flow_monitor=0.004782 raw_mse=0.052500 white_mse=0.022570 cosine=0.037645 dynamic=0.135250 std_ratio=0.920277
[train-state] step=590/2000 lambda_behavior=0.056730 condition_grad_repr=0.000438 condition_grad_behavior=0.002170 condition_grad_cos=0.011031 sec_grad=0.082984 lr=8.602e-06 step_time=1.18s eta=0.46h peak_cuda_rank0=9.34GiB
[training-loss] step=600/2000 total=0.064463 repr=0.064269 behavior_kd=0.003473 flow_monitor=0.004749 raw_mse=0.052481 white_mse=0.022583 cosine=0.037625 dynamic=0.135648 std_ratio=0.920844
[train-state] step=600/2000 lambda_behavior=0.056250 condition_grad_repr=0.000438 condition_grad_behavior=0.001906 condition_grad_cos=0.014044 sec_grad=0.089690 lr=8.548e-06 step_time=1.47s eta=0.57h peak_cuda_rank0=9.34GiB
[training-loss] step=610/2000 total=0.064089 repr=0.063861 behavior_kd=0.003530 flow_monitor=0.004878 raw_mse=0.052324 white_mse=0.022505 cosine=0.037521 dynamic=0.133180 std_ratio=0.921616
[train-state] step=610/2000 lambda_behavior=0.064650 condition_grad_repr=0.000436 condition_grad_behavior=0.001898 condition_grad_cos=0.012506 sec_grad=0.097400 lr=8.493e-06 step_time=1.09s eta=0.42h peak_cuda_rank0=9.34GiB
[training-loss] step=620/2000 total=0.064164 repr=0.063955 behavior_kd=0.003706 flow_monitor=0.005105 raw_mse=0.052381 white_mse=0.022549 cosine=0.037559 dynamic=0.133372 std_ratio=0.921743
[train-state] step=620/2000 lambda_behavior=0.056465 condition_grad_repr=0.000437 condition_grad_behavior=0.002323 condition_grad_cos=0.011638 sec_grad=0.090781 lr=8.437e-06 step_time=1.29s eta=0.50h peak_cuda_rank0=9.34GiB
[training-loss] step=630/2000 total=0.063781 repr=0.063578 behavior_kd=0.003681 flow_monitor=0.005037 raw_mse=0.052073 white_mse=0.022396 cosine=0.037335 dynamic=0.132790 std_ratio=0.921618
[train-state] step=630/2000 lambda_behavior=0.055267 condition_grad_repr=0.000435 condition_grad_behavior=0.002339 condition_grad_cos=0.011374 sec_grad=0.104245 lr=8.380e-06 step_time=1.32s eta=0.50h peak_cuda_rank0=9.34GiB
[training-loss] step=640/2000 total=0.063720 repr=0.063517 behavior_kd=0.003846 flow_monitor=0.005121 raw_mse=0.051887 white_mse=0.022332 cosine=0.037202 dynamic=0.133817 std_ratio=0.921871
[train-state] step=640/2000 lambda_behavior=0.053039 condition_grad_repr=0.000436 condition_grad_behavior=0.002191 condition_grad_cos=0.011879 sec_grad=0.089298 lr=8.322e-06 step_time=1.17s eta=0.44h peak_cuda_rank0=9.34GiB
[training-loss] step=650/2000 total=0.064447 repr=0.064260 behavior_kd=0.003641 flow_monitor=0.005223 raw_mse=0.052660 white_mse=0.022660 cosine=0.037767 dynamic=0.133815 std_ratio=0.920919
[train-state] step=650/2000 lambda_behavior=0.051281 condition_grad_repr=0.000437 condition_grad_behavior=0.002769 condition_grad_cos=0.010943 sec_grad=0.099395 lr=8.264e-06 step_time=1.49s eta=0.56h peak_cuda_rank0=9.34GiB
[training-loss] step=660/2000 total=0.063867 repr=0.063681 behavior_kd=0.003547 flow_monitor=0.004700 raw_mse=0.052139 white_mse=0.022430 cosine=0.037391 dynamic=0.133115 std_ratio=0.921519
[train-state] step=660/2000 lambda_behavior=0.052438 condition_grad_repr=0.000436 condition_grad_behavior=0.002249 condition_grad_cos=0.011124 sec_grad=0.096689 lr=8.205e-06 step_time=1.15s eta=0.43h peak_cuda_rank0=9.34GiB
[training-loss] step=670/2000 total=0.064068 repr=0.063874 behavior_kd=0.003899 flow_monitor=0.005533 raw_mse=0.052216 white_mse=0.022450 cosine=0.037428 dynamic=0.134440 std_ratio=0.921683
[train-state] step=670/2000 lambda_behavior=0.049997 condition_grad_repr=0.000437 condition_grad_behavior=0.002954 condition_grad_cos=0.011006 sec_grad=0.098880 lr=8.145e-06 step_time=1.41s eta=0.52h peak_cuda_rank0=9.34GiB
[training-loss] step=680/2000 total=0.063632 repr=0.063418 behavior_kd=0.003864 flow_monitor=0.005386 raw_mse=0.051809 white_mse=0.022281 cosine=0.037145 dynamic=0.133753 std_ratio=0.921748
[train-state] step=680/2000 lambda_behavior=0.055853 condition_grad_repr=0.000435 condition_grad_behavior=0.005993 condition_grad_cos=0.011788 sec_grad=0.110161 lr=8.084e-06 step_time=1.31s eta=0.48h peak_cuda_rank0=9.34GiB
[training-loss] step=690/2000 total=0.064271 repr=0.064043 behavior_kd=0.004306 flow_monitor=0.005328 raw_mse=0.052221 white_mse=0.022470 cosine=0.037439 dynamic=0.135898 std_ratio=0.920909
[train-state] step=690/2000 lambda_behavior=0.053332 condition_grad_repr=0.000438 condition_grad_behavior=0.004164 condition_grad_cos=0.011348 sec_grad=0.110977 lr=8.023e-06 step_time=1.43s eta=0.52h peak_cuda_rank0=9.34GiB
[training-loss] step=700/2000 total=0.063760 repr=0.063576 behavior_kd=0.003130 flow_monitor=0.004368 raw_mse=0.051987 white_mse=0.022335 cosine=0.037265 dynamic=0.133844 std_ratio=0.921812
[train-state] step=700/2000 lambda_behavior=0.058870 condition_grad_repr=0.000436 condition_grad_behavior=0.002436 condition_grad_cos=0.011071 sec_grad=0.091572 lr=7.961e-06 step_time=1.12s eta=0.40h peak_cuda_rank0=9.34GiB
[training-loss] step=710/2000 total=0.064336 repr=0.064126 behavior_kd=0.003873 flow_monitor=0.005725 raw_mse=0.052463 white_mse=0.022598 cosine=0.037626 dynamic=0.134150 std_ratio=0.921071
[train-state] step=710/2000 lambda_behavior=0.054263 condition_grad_repr=0.000437 condition_grad_behavior=0.003374 condition_grad_cos=0.010535 sec_grad=0.088378 lr=7.899e-06 step_time=1.38s eta=0.49h peak_cuda_rank0=9.34GiB
[training-loss] step=720/2000 total=0.063869 repr=0.063690 behavior_kd=0.003435 flow_monitor=0.004910 raw_mse=0.051986 white_mse=0.022353 cosine=0.037267 dynamic=0.134805 std_ratio=0.921128
[train-state] step=720/2000 lambda_behavior=0.051968 condition_grad_repr=0.000436 condition_grad_behavior=0.003247 condition_grad_cos=0.011011 sec_grad=0.090511 lr=7.835e-06 step_time=1.25s eta=0.44h peak_cuda_rank0=9.34GiB
[training-loss] step=730/2000 total=0.063949 repr=0.063790 behavior_kd=0.003168 flow_monitor=0.004611 raw_mse=0.052098 white_mse=0.022407 cosine=0.037359 dynamic=0.134652 std_ratio=0.921777
[train-state] step=730/2000 lambda_behavior=0.050610 condition_grad_repr=0.000437 condition_grad_behavior=0.004915 condition_grad_cos=0.007642 sec_grad=0.094074 lr=7.771e-06 step_time=1.29s eta=0.46h peak_cuda_rank0=9.34GiB
[training-loss] step=740/2000 total=0.064075 repr=0.063909 behavior_kd=0.003562 flow_monitor=0.005143 raw_mse=0.052237 white_mse=0.022459 cosine=0.037444 dynamic=0.134594 std_ratio=0.921162
[train-state] step=740/2000 lambda_behavior=0.046534 condition_grad_repr=0.000437 condition_grad_behavior=0.002737 condition_grad_cos=0.011457 sec_grad=0.091308 lr=7.707e-06 step_time=1.33s eta=0.47h peak_cuda_rank0=9.34GiB
[training-loss] step=750/2000 total=0.063964 repr=0.063775 behavior_kd=0.003613 flow_monitor=0.005020 raw_mse=0.052200 white_mse=0.022465 cosine=0.037426 dynamic=0.133379 std_ratio=0.921664
[train-state] step=750/2000 lambda_behavior=0.052523 condition_grad_repr=0.000436 condition_grad_behavior=0.002306 condition_grad_cos=0.010615 sec_grad=0.089296 lr=7.642e-06 step_time=1.37s eta=0.47h peak_cuda_rank0=9.34GiB
[training-loss] step=760/2000 total=0.063746 repr=0.063557 behavior_kd=0.003709 flow_monitor=0.004795 raw_mse=0.051942 white_mse=0.022347 cosine=0.037235 dynamic=0.133780 std_ratio=0.921453
[train-state] step=760/2000 lambda_behavior=0.051355 condition_grad_repr=0.000436 condition_grad_behavior=0.002254 condition_grad_cos=0.011169 sec_grad=0.093144 lr=7.576e-06 step_time=1.28s eta=0.44h peak_cuda_rank0=9.34GiB
[training-loss] step=770/2000 total=0.063839 repr=0.063621 behavior_kd=0.003542 flow_monitor=0.005242 raw_mse=0.051958 white_mse=0.022365 cosine=0.037239 dynamic=0.134157 std_ratio=0.921458
[train-state] step=770/2000 lambda_behavior=0.061757 condition_grad_repr=0.000436 condition_grad_behavior=0.002094 condition_grad_cos=0.011656 sec_grad=0.090770 lr=7.510e-06 step_time=1.44s eta=0.49h peak_cuda_rank0=9.34GiB
[training-loss] step=780/2000 total=0.063824 repr=0.063638 behavior_kd=0.003335 flow_monitor=0.004554 raw_mse=0.051971 white_mse=0.022381 cosine=0.037265 dynamic=0.134082 std_ratio=0.921895
[train-state] step=780/2000 lambda_behavior=0.055512 condition_grad_repr=0.000436 condition_grad_behavior=0.002301 condition_grad_cos=0.010595 sec_grad=0.088629 lr=7.443e-06 step_time=1.21s eta=0.41h peak_cuda_rank0=9.34GiB
[training-loss] step=790/2000 total=0.063468 repr=0.063293 behavior_kd=0.003200 flow_monitor=0.004607 raw_mse=0.051765 white_mse=0.022276 cosine=0.037106 dynamic=0.132799 std_ratio=0.922316
[train-state] step=790/2000 lambda_behavior=0.054665 condition_grad_repr=0.000435 condition_grad_behavior=0.001986 condition_grad_cos=0.010776 sec_grad=0.090349 lr=7.376e-06 step_time=1.42s eta=0.48h peak_cuda_rank0=9.34GiB
[training-loss] step=800/2000 total=0.063846 repr=0.063656 behavior_kd=0.003314 flow_monitor=0.004451 raw_mse=0.052104 white_mse=0.022412 cosine=0.037361 dynamic=0.133238 std_ratio=0.922132
[train-state] step=800/2000 lambda_behavior=0.057872 condition_grad_repr=0.000436 condition_grad_behavior=0.001936 condition_grad_cos=0.012599 sec_grad=0.091874 lr=7.308e-06 step_time=1.10s eta=0.37h peak_cuda_rank0=9.34GiB
[training-loss] step=810/2000 total=0.063537 repr=0.063357 behavior_kd=0.003226 flow_monitor=0.004758 raw_mse=0.051861 white_mse=0.022327 cosine=0.037182 dynamic=0.132407 std_ratio=0.921723
[train-state] step=810/2000 lambda_behavior=0.056133 condition_grad_repr=0.000435 condition_grad_behavior=0.003271 condition_grad_cos=0.009203 sec_grad=0.083492 lr=7.239e-06 step_time=1.45s eta=0.48h peak_cuda_rank0=9.34GiB
[training-loss] step=820/2000 total=0.063332 repr=0.063138 behavior_kd=0.003895 flow_monitor=0.005469 raw_mse=0.051623 white_mse=0.022197 cosine=0.036996 dynamic=0.132793 std_ratio=0.922481
[train-state] step=820/2000 lambda_behavior=0.049797 condition_grad_repr=0.000434 condition_grad_behavior=0.003039 condition_grad_cos=0.011934 sec_grad=0.105927 lr=7.170e-06 step_time=1.25s eta=0.41h peak_cuda_rank0=9.34GiB
[training-loss] step=830/2000 total=0.063642 repr=0.063432 behavior_kd=0.004018 flow_monitor=0.005337 raw_mse=0.051868 white_mse=0.022297 cosine=0.037177 dynamic=0.133416 std_ratio=0.921937
[train-state] step=830/2000 lambda_behavior=0.052228 condition_grad_repr=0.000435 condition_grad_behavior=0.002297 condition_grad_cos=0.012185 sec_grad=0.099502 lr=7.101e-06 step_time=1.42s eta=0.46h peak_cuda_rank0=9.34GiB
[training-loss] step=840/2000 total=0.063864 repr=0.063690 behavior_kd=0.003030 flow_monitor=0.004223 raw_mse=0.052059 white_mse=0.022421 cosine=0.037317 dynamic=0.133735 std_ratio=0.921895
[train-state] step=840/2000 lambda_behavior=0.057307 condition_grad_repr=0.000436 condition_grad_behavior=0.001673 condition_grad_cos=0.012468 sec_grad=0.097143 lr=7.031e-06 step_time=1.32s eta=0.42h peak_cuda_rank0=9.34GiB
[training-loss] step=850/2000 total=0.063636 repr=0.063435 behavior_kd=0.003479 flow_monitor=0.004755 raw_mse=0.051952 white_mse=0.022373 cosine=0.037241 dynamic=0.132238 std_ratio=0.922318
[train-state] step=850/2000 lambda_behavior=0.058001 condition_grad_repr=0.000435 condition_grad_behavior=0.002291 condition_grad_cos=0.011058 sec_grad=0.094527 lr=6.961e-06 step_time=1.36s eta=0.43h peak_cuda_rank0=9.34GiB
[training-loss] step=860/2000 total=0.063394 repr=0.063231 behavior_kd=0.002688 flow_monitor=0.003924 raw_mse=0.051702 white_mse=0.022254 cosine=0.037061 dynamic=0.132731 std_ratio=0.921906
[train-state] step=860/2000 lambda_behavior=0.060593 condition_grad_repr=0.000434 condition_grad_behavior=0.002070 condition_grad_cos=0.009695 sec_grad=0.089496 lr=6.891e-06 step_time=1.37s eta=0.44h peak_cuda_rank0=9.34GiB
[training-loss] step=870/2000 total=0.063552 repr=0.063350 behavior_kd=0.003195 flow_monitor=0.004462 raw_mse=0.051784 white_mse=0.022259 cosine=0.037110 dynamic=0.133429 std_ratio=0.922276
[train-state] step=870/2000 lambda_behavior=0.063640 condition_grad_repr=0.000435 condition_grad_behavior=0.001757 condition_grad_cos=0.012603 sec_grad=0.091268 lr=6.820e-06 step_time=1.32s eta=0.42h peak_cuda_rank0=9.34GiB
[training-loss] step=880/2000 total=0.063769 repr=0.063550 behavior_kd=0.003305 flow_monitor=0.004611 raw_mse=0.051951 white_mse=0.022357 cosine=0.037242 dynamic=0.133547 std_ratio=0.921901
[train-state] step=880/2000 lambda_behavior=0.066636 condition_grad_repr=0.000436 condition_grad_behavior=0.001807 condition_grad_cos=0.012443 sec_grad=0.096265 lr=6.748e-06 step_time=1.39s eta=0.43h peak_cuda_rank0=9.34GiB
[training-loss] step=890/2000 total=0.063818 repr=0.063617 behavior_kd=0.003166 flow_monitor=0.004562 raw_mse=0.051972 white_mse=0.022365 cosine=0.037257 dynamic=0.134026 std_ratio=0.921648
[train-state] step=890/2000 lambda_behavior=0.063716 condition_grad_repr=0.000436 condition_grad_behavior=0.001747 condition_grad_cos=0.013302 sec_grad=0.090300 lr=6.677e-06 step_time=1.29s eta=0.40h peak_cuda_rank0=9.34GiB
[training-loss] step=900/2000 total=0.063940 repr=0.063714 behavior_kd=0.003446 flow_monitor=0.004936 raw_mse=0.052076 white_mse=0.022406 cosine=0.037342 dynamic=0.134031 std_ratio=0.921300
[train-state] step=900/2000 lambda_behavior=0.066166 condition_grad_repr=0.000436 condition_grad_behavior=0.001891 condition_grad_cos=0.013470 sec_grad=0.090810 lr=6.605e-06 step_time=1.46s eta=0.45h peak_cuda_rank0=9.34GiB
[training-loss] step=910/2000 total=0.063566 repr=0.063320 behavior_kd=0.003744 flow_monitor=0.005061 raw_mse=0.051917 white_mse=0.022324 cosine=0.037208 dynamic=0.131769 std_ratio=0.922703
[train-state] step=910/2000 lambda_behavior=0.065610 condition_grad_repr=0.000434 condition_grad_behavior=0.002027 condition_grad_cos=0.012190 sec_grad=0.093834 lr=6.532e-06 step_time=1.20s eta=0.36h peak_cuda_rank0=9.34GiB
[training-loss] step=920/2000 total=0.063458 repr=0.063240 behavior_kd=0.003351 flow_monitor=0.004361 raw_mse=0.051759 white_mse=0.022275 cosine=0.037110 dynamic=0.132303 std_ratio=0.922038
[train-state] step=920/2000 lambda_behavior=0.065135 condition_grad_repr=0.000434 condition_grad_behavior=0.001714 condition_grad_cos=0.013483 sec_grad=0.090069 lr=6.460e-06 step_time=1.46s eta=0.44h peak_cuda_rank0=9.34GiB
[training-loss] step=930/2000 total=0.063655 repr=0.063458 behavior_kd=0.002930 flow_monitor=0.004243 raw_mse=0.051886 white_mse=0.022319 cosine=0.037189 dynamic=0.133369 std_ratio=0.922280
[train-state] step=930/2000 lambda_behavior=0.067545 condition_grad_repr=0.000435 condition_grad_behavior=0.002068 condition_grad_cos=0.012020 sec_grad=0.089178 lr=6.387e-06 step_time=1.18s eta=0.35h peak_cuda_rank0=9.34GiB
[training-loss] step=940/2000 total=0.063269 repr=0.063085 behavior_kd=0.003227 flow_monitor=0.004605 raw_mse=0.051540 white_mse=0.022176 cosine=0.036930 dynamic=0.132921 std_ratio=0.922330
[train-state] step=940/2000 lambda_behavior=0.056967 condition_grad_repr=0.000434 condition_grad_behavior=0.002685 condition_grad_cos=0.010131 sec_grad=0.082462 lr=6.314e-06 step_time=1.47s eta=0.43h peak_cuda_rank0=9.34GiB
[training-loss] step=950/2000 total=0.063296 repr=0.063118 behavior_kd=0.003152 flow_monitor=0.004266 raw_mse=0.051616 white_mse=0.022221 cosine=0.036995 dynamic=0.132396 std_ratio=0.922379
[train-state] step=950/2000 lambda_behavior=0.056411 condition_grad_repr=0.000434 condition_grad_behavior=0.001896 condition_grad_cos=0.011376 sec_grad=0.078010 lr=6.241e-06 step_time=1.22s eta=0.36h peak_cuda_rank0=9.34GiB
[training-loss] step=960/2000 total=0.063386 repr=0.063213 behavior_kd=0.002917 flow_monitor=0.004127 raw_mse=0.051673 white_mse=0.022248 cosine=0.037040 dynamic=0.132765 std_ratio=0.922355
[train-state] step=960/2000 lambda_behavior=0.059687 condition_grad_repr=0.000434 condition_grad_behavior=0.002052 condition_grad_cos=0.010977 sec_grad=0.087472 lr=6.167e-06 step_time=1.42s eta=0.41h peak_cuda_rank0=9.34GiB
[training-loss] step=970/2000 total=0.063494 repr=0.063298 behavior_kd=0.003142 flow_monitor=0.004441 raw_mse=0.051746 white_mse=0.022248 cosine=0.037081 dynamic=0.133231 std_ratio=0.922414
[train-state] step=970/2000 lambda_behavior=0.062453 condition_grad_repr=0.000435 condition_grad_behavior=0.001712 condition_grad_cos=0.011841 sec_grad=0.092216 lr=6.094e-06 step_time=1.32s eta=0.38h peak_cuda_rank0=9.34GiB
[training-loss] step=980/2000 total=0.063393 repr=0.063199 behavior_kd=0.003109 flow_monitor=0.004284 raw_mse=0.051651 white_mse=0.022239 cosine=0.037020 dynamic=0.132833 std_ratio=0.922433
[train-state] step=980/2000 lambda_behavior=0.062489 condition_grad_repr=0.000435 condition_grad_behavior=0.001830 condition_grad_cos=0.011814 sec_grad=0.085886 lr=6.020e-06 step_time=1.38s eta=0.39h peak_cuda_rank0=9.34GiB
[training-loss] step=990/2000 total=0.063046 repr=0.062854 behavior_kd=0.003200 flow_monitor=0.004725 raw_mse=0.051395 white_mse=0.022107 cosine=0.036832 dynamic=0.132086 std_ratio=0.922626
[train-state] step=990/2000 lambda_behavior=0.059954 condition_grad_repr=0.000433 condition_grad_behavior=0.002129 condition_grad_cos=0.011229 sec_grad=0.089797 lr=5.946e-06 step_time=1.36s eta=0.38h peak_cuda_rank0=9.34GiB
[training-loss] step=1000/2000 total=0.063039 repr=0.062853 behavior_kd=0.002983 flow_monitor=0.004308 raw_mse=0.051513 white_mse=0.022181 cosine=0.036920 dynamic=0.130698 std_ratio=0.923068
[train-state] step=1000/2000 lambda_behavior=0.062409 condition_grad_repr=0.000433 condition_grad_behavior=0.001749 condition_grad_cos=0.012066 sec_grad=0.085653 lr=5.872e-06 step_time=1.32s eta=0.37h peak_cuda_rank0=9.34GiB
[checkpoint] saved step=1000
[training-loss] step=1010/2000 total=0.063631 repr=0.063426 behavior_kd=0.003200 flow_monitor=0.004619 raw_mse=0.051743 white_mse=0.022250 cosine=0.037080 dynamic=0.134496 std_ratio=0.921502
[train-state] step=1010/2000 lambda_behavior=0.064448 condition_grad_repr=0.000436 condition_grad_behavior=0.002115 condition_grad_cos=0.010702 sec_grad=0.081567 lr=5.797e-06 step_time=1.91s eta=0.53h peak_cuda_rank0=9.34GiB
[training-loss] step=1020/2000 total=0.063009 repr=0.062829 behavior_kd=0.003176 flow_monitor=0.004693 raw_mse=0.051267 white_mse=0.022062 cosine=0.036735 dynamic=0.132967 std_ratio=0.922648
[train-state] step=1020/2000 lambda_behavior=0.056662 condition_grad_repr=0.000434 condition_grad_behavior=0.002601 condition_grad_cos=0.009190 sec_grad=0.085261 lr=5.723e-06 step_time=1.36s eta=0.37h peak_cuda_rank0=9.34GiB
[training-loss] step=1030/2000 total=0.063035 repr=0.062870 behavior_kd=0.002997 flow_monitor=0.004345 raw_mse=0.051359 white_mse=0.022123 cosine=0.036813 dynamic=0.132264 std_ratio=0.922833
[train-state] step=1030/2000 lambda_behavior=0.055375 condition_grad_repr=0.000434 condition_grad_behavior=0.002770 condition_grad_cos=0.011409 sec_grad=0.083557 lr=5.649e-06 step_time=1.31s eta=0.35h peak_cuda_rank0=9.34GiB
[training-loss] step=1040/2000 total=0.063242 repr=0.063044 behavior_kd=0.003462 flow_monitor=0.004825 raw_mse=0.051617 white_mse=0.022219 cosine=0.036985 dynamic=0.131669 std_ratio=0.922900
[train-state] step=1040/2000 lambda_behavior=0.057567 condition_grad_repr=0.000434 condition_grad_behavior=0.002246 condition_grad_cos=0.010597 sec_grad=0.085835 lr=5.574e-06 step_time=1.37s eta=0.36h peak_cuda_rank0=9.34GiB
[training-loss] step=1050/2000 total=0.063106 repr=0.062933 behavior_kd=0.003313 flow_monitor=0.004655 raw_mse=0.051461 white_mse=0.022139 cosine=0.036872 dynamic=0.132192 std_ratio=0.922453
[train-state] step=1050/2000 lambda_behavior=0.052448 condition_grad_repr=0.000433 condition_grad_behavior=0.002627 condition_grad_cos=0.010186 sec_grad=0.075882 lr=5.500e-06 step_time=1.31s eta=0.35h peak_cuda_rank0=9.34GiB
[training-loss] step=1060/2000 total=0.063302 repr=0.063117 behavior_kd=0.003454 flow_monitor=0.004907 raw_mse=0.051622 white_mse=0.022222 cosine=0.037003 dynamic=0.132340 std_ratio=0.922312
[train-state] step=1060/2000 lambda_behavior=0.054046 condition_grad_repr=0.000434 condition_grad_behavior=0.002269 condition_grad_cos=0.011085 sec_grad=0.091601 lr=5.426e-06 step_time=1.30s eta=0.34h peak_cuda_rank0=9.34GiB
[training-loss] step=1070/2000 total=0.063691 repr=0.063490 behavior_kd=0.003348 flow_monitor=0.004484 raw_mse=0.051789 white_mse=0.022300 cosine=0.037122 dynamic=0.134398 std_ratio=0.922199
[train-state] step=1070/2000 lambda_behavior=0.060219 condition_grad_repr=0.000436 condition_grad_behavior=0.001900 condition_grad_cos=0.011933 sec_grad=0.093878 lr=5.351e-06 step_time=1.31s eta=0.34h peak_cuda_rank0=9.34GiB
[training-loss] step=1080/2000 total=0.063456 repr=0.063281 behavior_kd=0.002814 flow_monitor=0.004080 raw_mse=0.051708 white_mse=0.022255 cosine=0.037056 dynamic=0.133193 std_ratio=0.922269
[train-state] step=1080/2000 lambda_behavior=0.062168 condition_grad_repr=0.000435 condition_grad_behavior=0.001906 condition_grad_cos=0.011323 sec_grad=0.087717 lr=5.277e-06 step_time=1.31s eta=0.33h peak_cuda_rank0=9.34GiB
[training-loss] step=1090/2000 total=0.063568 repr=0.063355 behavior_kd=0.003782 flow_monitor=0.005037 raw_mse=0.051706 white_mse=0.022249 cosine=0.037054 dynamic=0.134003 std_ratio=0.921815
[train-state] step=1090/2000 lambda_behavior=0.056517 condition_grad_repr=0.000435 condition_grad_behavior=0.002282 condition_grad_cos=0.011633 sec_grad=0.090037 lr=5.203e-06 step_time=1.39s eta=0.35h peak_cuda_rank0=9.34GiB
[training-loss] step=1100/2000 total=0.062962 repr=0.062774 behavior_kd=0.003354 flow_monitor=0.004494 raw_mse=0.051405 white_mse=0.022123 cosine=0.036846 dynamic=0.131063 std_ratio=0.923330
[train-state] step=1100/2000 lambda_behavior=0.055732 condition_grad_repr=0.000433 condition_grad_behavior=0.001925 condition_grad_cos=0.011829 sec_grad=0.080236 lr=5.128e-06 step_time=1.43s eta=0.36h peak_cuda_rank0=9.34GiB
[training-loss] step=1110/2000 total=0.063143 repr=0.062959 behavior_kd=0.003219 flow_monitor=0.004728 raw_mse=0.051551 white_mse=0.022194 cosine=0.036943 dynamic=0.131421 std_ratio=0.922715
[train-state] step=1110/2000 lambda_behavior=0.057289 condition_grad_repr=0.000433 condition_grad_behavior=0.002527 condition_grad_cos=0.010211 sec_grad=0.071909 lr=5.054e-06 step_time=1.42s eta=0.35h peak_cuda_rank0=9.34GiB
[training-loss] step=1120/2000 total=0.063079 repr=0.062892 behavior_kd=0.003527 flow_monitor=0.005136 raw_mse=0.051333 white_mse=0.022074 cosine=0.036783 dynamic=0.133126 std_ratio=0.922665
[train-state] step=1120/2000 lambda_behavior=0.053136 condition_grad_repr=0.000434 condition_grad_behavior=0.002225 condition_grad_cos=0.011308 sec_grad=0.086816 lr=4.980e-06 step_time=1.48s eta=0.36h peak_cuda_rank0=9.34GiB
[training-loss] step=1130/2000 total=0.063258 repr=0.063074 behavior_kd=0.003263 flow_monitor=0.004521 raw_mse=0.051586 white_mse=0.022208 cosine=0.036965 dynamic=0.132249 std_ratio=0.922314
[train-state] step=1130/2000 lambda_behavior=0.056100 condition_grad_repr=0.000434 condition_grad_behavior=0.002005 condition_grad_cos=0.011262 sec_grad=0.082169 lr=4.906e-06 step_time=1.42s eta=0.34h peak_cuda_rank0=9.34GiB
[training-loss] step=1140/2000 total=0.063219 repr=0.063043 behavior_kd=0.002949 flow_monitor=0.004537 raw_mse=0.051408 white_mse=0.022124 cosine=0.036837 dynamic=0.133727 std_ratio=0.922005
[train-state] step=1140/2000 lambda_behavior=0.059863 condition_grad_repr=0.000435 condition_grad_behavior=0.001913 condition_grad_cos=0.011153 sec_grad=0.084771 lr=4.833e-06 step_time=1.36s eta=0.33h peak_cuda_rank0=9.34GiB
[training-loss] step=1150/2000 total=0.062675 repr=0.062485 behavior_kd=0.002941 flow_monitor=0.004133 raw_mse=0.051069 white_mse=0.021964 cosine=0.036580 dynamic=0.131572 std_ratio=0.923496
[train-state] step=1150/2000 lambda_behavior=0.064853 condition_grad_repr=0.000432 condition_grad_behavior=0.001587 condition_grad_cos=0.013061 sec_grad=0.084708 lr=4.759e-06 step_time=1.53s eta=0.36h peak_cuda_rank0=9.34GiB
[training-loss] step=1160/2000 total=0.062863 repr=0.062668 behavior_kd=0.002939 flow_monitor=0.004319 raw_mse=0.051183 white_mse=0.022043 cosine=0.036674 dynamic=0.131997 std_ratio=0.922664
[train-state] step=1160/2000 lambda_behavior=0.066406 condition_grad_repr=0.000433 condition_grad_behavior=0.001719 condition_grad_cos=0.012519 sec_grad=0.080470 lr=4.686e-06 step_time=1.22s eta=0.28h peak_cuda_rank0=9.34GiB
[training-loss] step=1170/2000 total=0.062905 repr=0.062724 behavior_kd=0.002759 flow_monitor=0.004204 raw_mse=0.051168 white_mse=0.022031 cosine=0.036658 dynamic=0.132762 std_ratio=0.922661
[train-state] step=1170/2000 lambda_behavior=0.065654 condition_grad_repr=0.000433 condition_grad_behavior=0.001995 condition_grad_cos=0.010468 sec_grad=0.078196 lr=4.613e-06 step_time=1.48s eta=0.34h peak_cuda_rank0=9.34GiB
[training-loss] step=1180/2000 total=0.063006 repr=0.062809 behavior_kd=0.003036 flow_monitor=0.004241 raw_mse=0.051443 white_mse=0.022157 cosine=0.036874 dynamic=0.130874 std_ratio=0.923190
[train-state] step=1180/2000 lambda_behavior=0.064828 condition_grad_repr=0.000433 condition_grad_behavior=0.001765 condition_grad_cos=0.012337 sec_grad=0.080774 lr=4.540e-06 step_time=1.26s eta=0.29h peak_cuda_rank0=9.34GiB
[training-loss] step=1190/2000 total=0.062846 repr=0.062658 behavior_kd=0.002857 flow_monitor=0.004171 raw_mse=0.051321 white_mse=0.022094 cosine=0.036769 dynamic=0.130648 std_ratio=0.923325
[train-state] step=1190/2000 lambda_behavior=0.065985 condition_grad_repr=0.000432 condition_grad_behavior=0.001706 condition_grad_cos=0.011676 sec_grad=0.085135 lr=4.468e-06 step_time=1.41s eta=0.32h peak_cuda_rank0=9.34GiB
[training-loss] step=1200/2000 total=0.062903 repr=0.062708 behavior_kd=0.003043 flow_monitor=0.004218 raw_mse=0.051140 white_mse=0.022029 cosine=0.036646 dynamic=0.132762 std_ratio=0.922736
[train-state] step=1200/2000 lambda_behavior=0.064224 condition_grad_repr=0.000433 condition_grad_behavior=0.001838 condition_grad_cos=0.012410 sec_grad=0.085274 lr=4.395e-06 step_time=1.37s eta=0.30h peak_cuda_rank0=9.34GiB
[training-loss] step=1210/2000 total=0.062855 repr=0.062666 behavior_kd=0.003039 flow_monitor=0.004487 raw_mse=0.051363 white_mse=0.022103 cosine=0.036806 dynamic=0.130408 std_ratio=0.923419
[train-state] step=1210/2000 lambda_behavior=0.062157 condition_grad_repr=0.000432 condition_grad_behavior=0.001815 condition_grad_cos=0.011506 sec_grad=0.086426 lr=4.323e-06 step_time=1.34s eta=0.29h peak_cuda_rank0=9.34GiB
[training-loss] step=1220/2000 total=0.063153 repr=0.062975 behavior_kd=0.002915 flow_monitor=0.004214 raw_mse=0.051469 white_mse=0.022136 cosine=0.036878 dynamic=0.132597 std_ratio=0.922103
[train-state] step=1220/2000 lambda_behavior=0.061315 condition_grad_repr=0.000434 condition_grad_behavior=0.002390 condition_grad_cos=0.009543 sec_grad=0.079326 lr=4.252e-06 step_time=1.40s eta=0.30h peak_cuda_rank0=9.34GiB
[training-loss] step=1230/2000 total=0.062901 repr=0.062704 behavior_kd=0.003295 flow_monitor=0.004502 raw_mse=0.051350 white_mse=0.022115 cosine=0.036793 dynamic=0.130744 std_ratio=0.923551
[train-state] step=1230/2000 lambda_behavior=0.060186 condition_grad_repr=0.000432 condition_grad_behavior=0.001674 condition_grad_cos=0.011883 sec_grad=0.079435 lr=4.180e-06 step_time=1.31s eta=0.28h peak_cuda_rank0=9.34GiB
[training-loss] step=1240/2000 total=0.062704 repr=0.062523 behavior_kd=0.002919 flow_monitor=0.004540 raw_mse=0.051126 white_mse=0.021996 cosine=0.036631 dynamic=0.131326 std_ratio=0.923314
[train-state] step=1240/2000 lambda_behavior=0.061936 condition_grad_repr=0.000432 condition_grad_behavior=0.002532 condition_grad_cos=0.011373 sec_grad=0.087965 lr=4.109e-06 step_time=1.39s eta=0.29h peak_cuda_rank0=9.34GiB
[training-loss] step=1250/2000 total=0.062759 repr=0.062574 behavior_kd=0.002859 flow_monitor=0.003926 raw_mse=0.051219 white_mse=0.022047 cosine=0.036701 dynamic=0.130821 std_ratio=0.923399
[train-state] step=1250/2000 lambda_behavior=0.065231 condition_grad_repr=0.000432 condition_grad_behavior=0.002142 condition_grad_cos=0.010761 sec_grad=0.077149 lr=4.039e-06 step_time=1.13s eta=0.24h peak_cuda_rank0=9.34GiB
[training-loss] step=1260/2000 total=0.063105 repr=0.062900 behavior_kd=0.003382 flow_monitor=0.005043 raw_mse=0.051452 white_mse=0.022127 cosine=0.036876 dynamic=0.132027 std_ratio=0.922866
[train-state] step=1260/2000 lambda_behavior=0.060582 condition_grad_repr=0.000433 condition_grad_behavior=0.002576 condition_grad_cos=0.010758 sec_grad=0.081015 lr=3.969e-06 step_time=1.42s eta=0.29h peak_cuda_rank0=9.34GiB
[training-loss] step=1270/2000 total=0.062854 repr=0.062684 behavior_kd=0.002942 flow_monitor=0.004495 raw_mse=0.051289 white_mse=0.022095 cosine=0.036755 dynamic=0.131069 std_ratio=0.923352
[train-state] step=1270/2000 lambda_behavior=0.058205 condition_grad_repr=0.000432 condition_grad_behavior=0.001886 condition_grad_cos=0.011197 sec_grad=0.084288 lr=3.899e-06 step_time=1.06s eta=0.21h peak_cuda_rank0=9.34GiB
[training-loss] step=1280/2000 total=0.063191 repr=0.063003 behavior_kd=0.003104 flow_monitor=0.004378 raw_mse=0.051551 white_mse=0.022190 cosine=0.036946 dynamic=0.131900 std_ratio=0.922798
[train-state] step=1280/2000 lambda_behavior=0.060648 condition_grad_repr=0.000434 condition_grad_behavior=0.002094 condition_grad_cos=0.011172 sec_grad=0.092474 lr=3.830e-06 step_time=1.44s eta=0.29h peak_cuda_rank0=9.34GiB
[training-loss] step=1290/2000 total=0.063031 repr=0.062841 behavior_kd=0.003095 flow_monitor=0.004630 raw_mse=0.051319 white_mse=0.022102 cosine=0.036771 dynamic=0.132403 std_ratio=0.922502
[train-state] step=1290/2000 lambda_behavior=0.061731 condition_grad_repr=0.000433 condition_grad_behavior=0.001849 condition_grad_cos=0.011520 sec_grad=0.079545 lr=3.761e-06 step_time=1.20s eta=0.24h peak_cuda_rank0=9.34GiB
[training-loss] step=1300/2000 total=0.062980 repr=0.062795 behavior_kd=0.002868 flow_monitor=0.004203 raw_mse=0.051253 white_mse=0.022050 cosine=0.036714 dynamic=0.132835 std_ratio=0.923221
[train-state] step=1300/2000 lambda_behavior=0.064675 condition_grad_repr=0.000433 condition_grad_behavior=0.001666 condition_grad_cos=0.012317 sec_grad=0.080004 lr=3.692e-06 step_time=1.35s eta=0.26h peak_cuda_rank0=9.34GiB
[training-loss] step=1310/2000 total=0.062756 repr=0.062573 behavior_kd=0.002965 flow_monitor=0.004222 raw_mse=0.051294 white_mse=0.022088 cosine=0.036755 dynamic=0.130008 std_ratio=0.923262
[train-state] step=1310/2000 lambda_behavior=0.061783 condition_grad_repr=0.000432 condition_grad_behavior=0.002134 condition_grad_cos=0.010250 sec_grad=0.077994 lr=3.624e-06 step_time=1.31s eta=0.25h peak_cuda_rank0=9.34GiB
[training-loss] step=1320/2000 total=0.062994 repr=0.062804 behavior_kd=0.003036 flow_monitor=0.004565 raw_mse=0.051384 white_mse=0.022140 cosine=0.036827 dynamic=0.131307 std_ratio=0.922859
[train-state] step=1320/2000 lambda_behavior=0.062589 condition_grad_repr=0.000433 condition_grad_behavior=0.001834 condition_grad_cos=0.010762 sec_grad=0.079530 lr=3.557e-06 step_time=1.24s eta=0.23h peak_cuda_rank0=9.34GiB
[training-loss] step=1330/2000 total=0.062788 repr=0.062575 behavior_kd=0.003452 flow_monitor=0.004844 raw_mse=0.051217 white_mse=0.022066 cosine=0.036697 dynamic=0.130660 std_ratio=0.923725
[train-state] step=1330/2000 lambda_behavior=0.061715 condition_grad_repr=0.000432 condition_grad_behavior=0.002153 condition_grad_cos=0.011588 sec_grad=0.083388 lr=3.490e-06 step_time=1.39s eta=0.26h peak_cuda_rank0=9.34GiB
[training-loss] step=1340/2000 total=0.062390 repr=0.062200 behavior_kd=0.002958 flow_monitor=0.004179 raw_mse=0.050945 white_mse=0.021925 cosine=0.036495 dynamic=0.129773 std_ratio=0.923816
[train-state] step=1340/2000 lambda_behavior=0.064643 condition_grad_repr=0.000431 condition_grad_behavior=0.001715 condition_grad_cos=0.011835 sec_grad=0.075005 lr=3.424e-06 step_time=1.35s eta=0.25h peak_cuda_rank0=9.34GiB
[training-loss] step=1350/2000 total=0.062623 repr=0.062453 behavior_kd=0.002672 flow_monitor=0.004150 raw_mse=0.051000 white_mse=0.021921 cosine=0.036527 dynamic=0.132060 std_ratio=0.922880
[train-state] step=1350/2000 lambda_behavior=0.063574 condition_grad_repr=0.000432 condition_grad_behavior=0.001834 condition_grad_cos=0.011151 sec_grad=0.073270 lr=3.358e-06 step_time=1.32s eta=0.24h peak_cuda_rank0=9.34GiB
[training-loss] step=1360/2000 total=0.062493 repr=0.062305 behavior_kd=0.002905 flow_monitor=0.004355 raw_mse=0.051005 white_mse=0.021969 cosine=0.036538 dynamic=0.130069 std_ratio=0.923571
[train-state] step=1360/2000 lambda_behavior=0.065133 condition_grad_repr=0.000431 condition_grad_behavior=0.001909 condition_grad_cos=0.011242 sec_grad=0.072474 lr=3.293e-06 step_time=1.43s eta=0.25h peak_cuda_rank0=9.34GiB
[training-loss] step=1370/2000 total=0.062834 repr=0.062664 behavior_kd=0.002645 flow_monitor=0.003913 raw_mse=0.051307 white_mse=0.022081 cosine=0.036770 dynamic=0.130907 std_ratio=0.923098
[train-state] step=1370/2000 lambda_behavior=0.064920 condition_grad_repr=0.000432 condition_grad_behavior=0.001651 condition_grad_cos=0.011589 sec_grad=0.077588 lr=3.229e-06 step_time=1.35s eta=0.24h peak_cuda_rank0=9.34GiB
[training-loss] step=1380/2000 total=0.063101 repr=0.062923 behavior_kd=0.002955 flow_monitor=0.004272 raw_mse=0.051396 white_mse=0.022142 cosine=0.036825 dynamic=0.132424 std_ratio=0.922691
[train-state] step=1380/2000 lambda_behavior=0.060315 condition_grad_repr=0.000434 condition_grad_behavior=0.002246 condition_grad_cos=0.010125 sec_grad=0.070806 lr=3.165e-06 step_time=1.40s eta=0.24h peak_cuda_rank0=9.34GiB
[training-loss] step=1390/2000 total=0.062382 repr=0.062183 behavior_kd=0.003451 flow_monitor=0.004722 raw_mse=0.050916 white_mse=0.021947 cosine=0.036481 dynamic=0.129543 std_ratio=0.924209
[train-state] step=1390/2000 lambda_behavior=0.058170 condition_grad_repr=0.000431 condition_grad_behavior=0.002532 condition_grad_cos=0.009984 sec_grad=0.067389 lr=3.101e-06 step_time=1.31s eta=0.22h peak_cuda_rank0=9.34GiB
[training-loss] step=1400/2000 total=0.062016 repr=0.061858 behavior_kd=0.002614 flow_monitor=0.004290 raw_mse=0.050778 white_mse=0.021863 cosine=0.036374 dynamic=0.127873 std_ratio=0.924757
[train-state] step=1400/2000 lambda_behavior=0.060142 condition_grad_repr=0.000429 condition_grad_behavior=0.001817 condition_grad_cos=0.011349 sec_grad=0.075408 lr=3.039e-06 step_time=1.40s eta=0.23h peak_cuda_rank0=9.34GiB
[training-loss] step=1410/2000 total=0.062327 repr=0.062143 behavior_kd=0.002841 flow_monitor=0.004140 raw_mse=0.050905 white_mse=0.021901 cosine=0.036459 dynamic=0.129667 std_ratio=0.924251
[train-state] step=1410/2000 lambda_behavior=0.065021 condition_grad_repr=0.000430 condition_grad_behavior=0.001768 condition_grad_cos=0.011283 sec_grad=0.080320 lr=2.977e-06 step_time=1.28s eta=0.21h peak_cuda_rank0=9.34GiB
[training-loss] step=1420/2000 total=0.062517 repr=0.062341 behavior_kd=0.002710 flow_monitor=0.004006 raw_mse=0.050976 white_mse=0.021925 cosine=0.036520 dynamic=0.131025 std_ratio=0.923324
[train-state] step=1420/2000 lambda_behavior=0.064819 condition_grad_repr=0.000431 condition_grad_behavior=0.001752 condition_grad_cos=0.010642 sec_grad=0.077167 lr=2.916e-06 step_time=1.39s eta=0.22h peak_cuda_rank0=9.34GiB
[training-loss] step=1430/2000 total=0.062715 repr=0.062527 behavior_kd=0.003058 flow_monitor=0.004397 raw_mse=0.051123 white_mse=0.022007 cosine=0.036635 dynamic=0.131263 std_ratio=0.922998
[train-state] step=1430/2000 lambda_behavior=0.061783 condition_grad_repr=0.000432 condition_grad_behavior=0.002062 condition_grad_cos=0.010910 sec_grad=0.073315 lr=2.855e-06 step_time=1.24s eta=0.20h peak_cuda_rank0=9.34GiB
[training-loss] step=1440/2000 total=0.062722 repr=0.062553 behavior_kd=0.002799 flow_monitor=0.004034 raw_mse=0.051093 white_mse=0.022029 cosine=0.036606 dynamic=0.131469 std_ratio=0.923283
[train-state] step=1440/2000 lambda_behavior=0.060423 condition_grad_repr=0.000432 condition_grad_behavior=0.001780 condition_grad_cos=0.011490 sec_grad=0.072044 lr=2.795e-06 step_time=1.37s eta=0.21h peak_cuda_rank0=9.34GiB
[training-loss] step=1450/2000 total=0.062430 repr=0.062254 behavior_kd=0.002919 flow_monitor=0.004525 raw_mse=0.050814 white_mse=0.021868 cosine=0.036401 dynamic=0.131595 std_ratio=0.923349
[train-state] step=1450/2000 lambda_behavior=0.060100 condition_grad_repr=0.000432 condition_grad_behavior=0.002110 condition_grad_cos=0.010210 sec_grad=0.070640 lr=2.736e-06 step_time=1.27s eta=0.19h peak_cuda_rank0=9.34GiB
[training-loss] step=1460/2000 total=0.062772 repr=0.062601 behavior_kd=0.002903 flow_monitor=0.004127 raw_mse=0.051112 white_mse=0.022023 cosine=0.036623 dynamic=0.131900 std_ratio=0.923246
[train-state] step=1460/2000 lambda_behavior=0.059665 condition_grad_repr=0.000433 condition_grad_behavior=0.001766 condition_grad_cos=0.011694 sec_grad=0.075614 lr=2.678e-06 step_time=1.39s eta=0.21h peak_cuda_rank0=9.34GiB
[training-loss] step=1470/2000 total=0.062336 repr=0.062159 behavior_kd=0.002836 flow_monitor=0.004056 raw_mse=0.050910 white_mse=0.021926 cosine=0.036470 dynamic=0.129545 std_ratio=0.924051
[train-state] step=1470/2000 lambda_behavior=0.062056 condition_grad_repr=0.000430 condition_grad_behavior=0.001973 condition_grad_cos=0.011431 sec_grad=0.075120 lr=2.620e-06 step_time=1.17s eta=0.17h peak_cuda_rank0=9.34GiB
[training-loss] step=1480/2000 total=0.062922 repr=0.062754 behavior_kd=0.002573 flow_monitor=0.003712 raw_mse=0.051218 white_mse=0.022043 cosine=0.036700 dynamic=0.132666 std_ratio=0.922731
[train-state] step=1480/2000 lambda_behavior=0.065379 condition_grad_repr=0.000433 condition_grad_behavior=0.001565 condition_grad_cos=0.011141 sec_grad=0.067047 lr=2.563e-06 step_time=1.37s eta=0.20h peak_cuda_rank0=9.34GiB
[training-loss] step=1490/2000 total=0.062839 repr=0.062645 behavior_kd=0.002909 flow_monitor=0.004349 raw_mse=0.051114 white_mse=0.021982 cosine=0.036612 dynamic=0.132752 std_ratio=0.922690
[train-state] step=1490/2000 lambda_behavior=0.066937 condition_grad_repr=0.000433 condition_grad_behavior=0.002140 condition_grad_cos=0.011091 sec_grad=0.072844 lr=2.507e-06 step_time=1.24s eta=0.18h peak_cuda_rank0=9.34GiB
[training-loss] step=1500/2000 total=0.063195 repr=0.063025 behavior_kd=0.002914 flow_monitor=0.004215 raw_mse=0.051569 white_mse=0.022201 cosine=0.036956 dynamic=0.131917 std_ratio=0.923107
[train-state] step=1500/2000 lambda_behavior=0.058481 condition_grad_repr=0.000434 condition_grad_behavior=0.002043 condition_grad_cos=0.010617 sec_grad=0.075611 lr=2.452e-06 step_time=1.33s eta=0.18h peak_cuda_rank0=9.34GiB
[checkpoint] saved step=1500
[training-loss] step=1510/2000 total=0.062439 repr=0.062292 behavior_kd=0.002548 flow_monitor=0.004169 raw_mse=0.050896 white_mse=0.021940 cosine=0.036469 dynamic=0.130803 std_ratio=0.923603
[train-state] step=1510/2000 lambda_behavior=0.057506 condition_grad_repr=0.000432 condition_grad_behavior=0.001966 condition_grad_cos=0.010370 sec_grad=0.078870 lr=2.398e-06 step_time=1.76s eta=0.24h peak_cuda_rank0=9.34GiB
[training-loss] step=1520/2000 total=0.062785 repr=0.062609 behavior_kd=0.003060 flow_monitor=0.004386 raw_mse=0.051097 white_mse=0.022004 cosine=0.036601 dynamic=0.132261 std_ratio=0.923060
[train-state] step=1520/2000 lambda_behavior=0.057769 condition_grad_repr=0.000433 condition_grad_behavior=0.002188 condition_grad_cos=0.010447 sec_grad=0.072338 lr=2.344e-06 step_time=1.41s eta=0.19h peak_cuda_rank0=9.34GiB
[training-loss] step=1530/2000 total=0.062394 repr=0.062227 behavior_kd=0.002727 flow_monitor=0.004243 raw_mse=0.050888 white_mse=0.021931 cosine=0.036453 dynamic=0.130288 std_ratio=0.923539
[train-state] step=1530/2000 lambda_behavior=0.061684 condition_grad_repr=0.000431 condition_grad_behavior=0.001752 condition_grad_cos=0.010281 sec_grad=0.068941 lr=2.292e-06 step_time=1.39s eta=0.18h peak_cuda_rank0=9.34GiB
[training-loss] step=1540/2000 total=0.062552 repr=0.062368 behavior_kd=0.002943 flow_monitor=0.004562 raw_mse=0.050895 white_mse=0.021893 cosine=0.036451 dynamic=0.132050 std_ratio=0.923511
[train-state] step=1540/2000 lambda_behavior=0.062671 condition_grad_repr=0.000432 condition_grad_behavior=0.002052 condition_grad_cos=0.010213 sec_grad=0.070715 lr=2.240e-06 step_time=1.43s eta=0.18h peak_cuda_rank0=9.34GiB
[training-loss] step=1550/2000 total=0.062668 repr=0.062501 behavior_kd=0.002576 flow_monitor=0.004057 raw_mse=0.051107 white_mse=0.022001 cosine=0.036613 dynamic=0.131151 std_ratio=0.922910
[train-state] step=1550/2000 lambda_behavior=0.064825 condition_grad_repr=0.000432 condition_grad_behavior=0.001618 condition_grad_cos=0.011837 sec_grad=0.071547 lr=2.189e-06 step_time=1.35s eta=0.17h peak_cuda_rank0=9.34GiB
[training-loss] step=1560/2000 total=0.062499 repr=0.062315 behavior_kd=0.002899 flow_monitor=0.004169 raw_mse=0.050876 white_mse=0.021880 cosine=0.036437 dynamic=0.131751 std_ratio=0.923592
[train-state] step=1560/2000 lambda_behavior=0.063521 condition_grad_repr=0.000432 condition_grad_behavior=0.002080 condition_grad_cos=0.010495 sec_grad=0.069882 lr=2.139e-06 step_time=1.36s eta=0.17h peak_cuda_rank0=9.34GiB
[training-loss] step=1570/2000 total=0.062201 repr=0.062047 behavior_kd=0.002508 flow_monitor=0.004249 raw_mse=0.050780 white_mse=0.021888 cosine=0.036380 dynamic=0.129504 std_ratio=0.924313
[train-state] step=1570/2000 lambda_behavior=0.061556 condition_grad_repr=0.000430 condition_grad_behavior=0.001895 condition_grad_cos=0.009668 sec_grad=0.067721 lr=2.090e-06 step_time=1.39s eta=0.17h peak_cuda_rank0=9.34GiB
[training-loss] step=1580/2000 total=0.062762 repr=0.062606 behavior_kd=0.002630 flow_monitor=0.003956 raw_mse=0.051198 white_mse=0.022043 cosine=0.036684 dynamic=0.131297 std_ratio=0.923044
[train-state] step=1580/2000 lambda_behavior=0.059056 condition_grad_repr=0.000432 condition_grad_behavior=0.001866 condition_grad_cos=0.010868 sec_grad=0.073005 lr=2.042e-06 step_time=1.30s eta=0.15h peak_cuda_rank0=9.34GiB
[training-loss] step=1590/2000 total=0.061950 repr=0.061778 behavior_kd=0.002814 flow_monitor=0.003945 raw_mse=0.050538 white_mse=0.021750 cosine=0.036204 dynamic=0.129487 std_ratio=0.924272
[train-state] step=1590/2000 lambda_behavior=0.061448 condition_grad_repr=0.000429 condition_grad_behavior=0.001918 condition_grad_cos=0.010299 sec_grad=0.073904 lr=1.995e-06 step_time=1.42s eta=0.16h peak_cuda_rank0=9.34GiB
[training-loss] step=1600/2000 total=0.062537 repr=0.062373 behavior_kd=0.002606 flow_monitor=0.003701 raw_mse=0.051023 white_mse=0.021980 cosine=0.036549 dynamic=0.130534 std_ratio=0.923314
[train-state] step=1600/2000 lambda_behavior=0.063233 condition_grad_repr=0.000431 condition_grad_behavior=0.001694 condition_grad_cos=0.011868 sec_grad=0.070470 lr=1.949e-06 step_time=1.30s eta=0.14h peak_cuda_rank0=9.34GiB
[training-loss] step=1610/2000 total=0.062190 repr=0.062018 behavior_kd=0.002919 flow_monitor=0.004130 raw_mse=0.050804 white_mse=0.021876 cosine=0.036386 dynamic=0.129198 std_ratio=0.924401
[train-state] step=1610/2000 lambda_behavior=0.058994 condition_grad_repr=0.000430 condition_grad_behavior=0.002147 condition_grad_cos=0.010166 sec_grad=0.067771 lr=1.904e-06 step_time=1.46s eta=0.16h peak_cuda_rank0=9.34GiB
[training-loss] step=1620/2000 total=0.062382 repr=0.062216 behavior_kd=0.002826 flow_monitor=0.004191 raw_mse=0.050950 white_mse=0.021938 cosine=0.036499 dynamic=0.129787 std_ratio=0.923971
[train-state] step=1620/2000 lambda_behavior=0.058647 condition_grad_repr=0.000431 condition_grad_behavior=0.001918 condition_grad_cos=0.010030 sec_grad=0.067000 lr=1.859e-06 step_time=1.16s eta=0.12h peak_cuda_rank0=9.34GiB
[training-loss] step=1630/2000 total=0.062291 repr=0.062099 behavior_kd=0.002997 flow_monitor=0.004297 raw_mse=0.050702 white_mse=0.021798 cosine=0.036312 dynamic=0.131345 std_ratio=0.923595
[train-state] step=1630/2000 lambda_behavior=0.064124 condition_grad_repr=0.000431 condition_grad_behavior=0.001770 condition_grad_cos=0.011751 sec_grad=0.071589 lr=1.816e-06 step_time=1.49s eta=0.15h peak_cuda_rank0=9.34GiB
[training-loss] step=1640/2000 total=0.062572 repr=0.062382 behavior_kd=0.002780 flow_monitor=0.004149 raw_mse=0.051005 white_mse=0.021966 cosine=0.036539 dynamic=0.130868 std_ratio=0.923655
[train-state] step=1640/2000 lambda_behavior=0.068921 condition_grad_repr=0.000432 condition_grad_behavior=0.001692 condition_grad_cos=0.011185 sec_grad=0.075508 lr=1.774e-06 step_time=1.05s eta=0.10h peak_cuda_rank0=9.34GiB
[training-loss] step=1650/2000 total=0.062474 repr=0.062278 behavior_kd=0.002875 flow_monitor=0.003980 raw_mse=0.050993 white_mse=0.021940 cosine=0.036529 dynamic=0.130144 std_ratio=0.923594
[train-state] step=1650/2000 lambda_behavior=0.068537 condition_grad_repr=0.000431 condition_grad_behavior=0.001982 condition_grad_cos=0.011200 sec_grad=0.071013 lr=1.733e-06 step_time=1.45s eta=0.14h peak_cuda_rank0=9.34GiB
[training-loss] step=1660/2000 total=0.062498 repr=0.062314 behavior_kd=0.002811 flow_monitor=0.003992 raw_mse=0.050962 white_mse=0.021958 cosine=0.036519 dynamic=0.130491 std_ratio=0.924052
[train-state] step=1660/2000 lambda_behavior=0.066019 condition_grad_repr=0.000431 condition_grad_behavior=0.001828 condition_grad_cos=0.011360 sec_grad=0.072481 lr=1.693e-06 step_time=1.27s eta=0.12h peak_cuda_rank0=9.34GiB
[training-loss] step=1670/2000 total=0.062322 repr=0.062152 behavior_kd=0.002636 flow_monitor=0.004108 raw_mse=0.050938 white_mse=0.021960 cosine=0.036494 dynamic=0.128989 std_ratio=0.924274
[train-state] step=1670/2000 lambda_behavior=0.064517 condition_grad_repr=0.000430 condition_grad_behavior=0.002158 condition_grad_cos=0.009224 sec_grad=0.066325 lr=1.653e-06 step_time=1.36s eta=0.13h peak_cuda_rank0=9.34GiB
[training-loss] step=1680/2000 total=0.062616 repr=0.062443 behavior_kd=0.003175 flow_monitor=0.005039 raw_mse=0.051102 white_mse=0.022015 cosine=0.036609 dynamic=0.130468 std_ratio=0.923223
[train-state] step=1680/2000 lambda_behavior=0.054768 condition_grad_repr=0.000432 condition_grad_behavior=0.002560 condition_grad_cos=0.010541 sec_grad=0.075451 lr=1.615e-06 step_time=1.26s eta=0.11h peak_cuda_rank0=9.34GiB
[training-loss] step=1690/2000 total=0.062152 repr=0.062011 behavior_kd=0.002576 flow_monitor=0.003715 raw_mse=0.050710 white_mse=0.021843 cosine=0.036331 dynamic=0.129962 std_ratio=0.924315
[train-state] step=1690/2000 lambda_behavior=0.055013 condition_grad_repr=0.000430 condition_grad_behavior=0.001929 condition_grad_cos=0.009300 sec_grad=0.070051 lr=1.578e-06 step_time=1.41s eta=0.12h peak_cuda_rank0=9.34GiB
[training-loss] step=1700/2000 total=0.062335 repr=0.062175 behavior_kd=0.002918 flow_monitor=0.004655 raw_mse=0.050976 white_mse=0.021954 cosine=0.036525 dynamic=0.129062 std_ratio=0.924183
[train-state] step=1700/2000 lambda_behavior=0.055081 condition_grad_repr=0.000430 condition_grad_behavior=0.002348 condition_grad_cos=0.009510 sec_grad=0.065014 lr=1.542e-06 step_time=1.14s eta=0.09h peak_cuda_rank0=9.34GiB
[training-loss] step=1710/2000 total=0.062460 repr=0.062293 behavior_kd=0.002999 flow_monitor=0.004620 raw_mse=0.050936 white_mse=0.021924 cosine=0.036492 dynamic=0.130763 std_ratio=0.923195
[train-state] step=1710/2000 lambda_behavior=0.055828 condition_grad_repr=0.000431 condition_grad_behavior=0.002372 condition_grad_cos=0.009546 sec_grad=0.069788 lr=1.507e-06 step_time=1.44s eta=0.12h peak_cuda_rank0=9.34GiB
[training-loss] step=1720/2000 total=0.062264 repr=0.062131 behavior_kd=0.002476 flow_monitor=0.003781 raw_mse=0.050909 white_mse=0.021923 cosine=0.036480 dynamic=0.129298 std_ratio=0.924260
[train-state] step=1720/2000 lambda_behavior=0.053458 condition_grad_repr=0.000430 condition_grad_behavior=0.002217 condition_grad_cos=0.009055 sec_grad=0.068004 lr=1.474e-06 step_time=1.18s eta=0.09h peak_cuda_rank0=9.34GiB
[training-loss] step=1730/2000 total=0.061911 repr=0.061761 behavior_kd=0.002843 flow_monitor=0.004420 raw_mse=0.050624 white_mse=0.021790 cosine=0.036257 dynamic=0.128465 std_ratio=0.924575
[train-state] step=1730/2000 lambda_behavior=0.052603 condition_grad_repr=0.000429 condition_grad_behavior=0.003321 condition_grad_cos=0.009070 sec_grad=0.067610 lr=1.441e-06 step_time=1.46s eta=0.11h peak_cuda_rank0=9.34GiB
[training-loss] step=1740/2000 total=0.062730 repr=0.062589 behavior_kd=0.002571 flow_monitor=0.003909 raw_mse=0.050964 white_mse=0.021944 cosine=0.036508 dynamic=0.133370 std_ratio=0.922548
[train-state] step=1740/2000 lambda_behavior=0.054905 condition_grad_repr=0.000433 condition_grad_behavior=0.001680 condition_grad_cos=0.011295 sec_grad=0.066766 lr=1.409e-06 step_time=1.17s eta=0.08h peak_cuda_rank0=9.34GiB
[training-loss] step=1750/2000 total=0.062453 repr=0.062291 behavior_kd=0.002797 flow_monitor=0.004146 raw_mse=0.050990 white_mse=0.021950 cosine=0.036524 dynamic=0.130201 std_ratio=0.924218
[train-state] step=1750/2000 lambda_behavior=0.057839 condition_grad_repr=0.000431 condition_grad_behavior=0.003295 condition_grad_cos=0.007901 sec_grad=0.065831 lr=1.379e-06 step_time=1.45s eta=0.10h peak_cuda_rank0=9.34GiB
[training-loss] step=1760/2000 total=0.062258 repr=0.062092 behavior_kd=0.003071 flow_monitor=0.004401 raw_mse=0.050716 white_mse=0.021821 cosine=0.036321 dynamic=0.130967 std_ratio=0.923666
[train-state] step=1760/2000 lambda_behavior=0.053875 condition_grad_repr=0.000431 condition_grad_behavior=0.001979 condition_grad_cos=0.011154 sec_grad=0.065694 lr=1.350e-06 step_time=1.30s eta=0.09h peak_cuda_rank0=9.34GiB
[training-loss] step=1770/2000 total=0.062069 repr=0.061901 behavior_kd=0.002757 flow_monitor=0.004400 raw_mse=0.050609 white_mse=0.021787 cosine=0.036246 dynamic=0.129973 std_ratio=0.924666
[train-state] step=1770/2000 lambda_behavior=0.061098 condition_grad_repr=0.000430 condition_grad_behavior=0.001640 condition_grad_cos=0.011289 sec_grad=0.069723 lr=1.322e-06 step_time=1.42s eta=0.09h peak_cuda_rank0=9.34GiB
[training-loss] step=1780/2000 total=0.062446 repr=0.062260 behavior_kd=0.002553 flow_monitor=0.004025 raw_mse=0.050968 white_mse=0.021953 cosine=0.036514 dynamic=0.129975 std_ratio=0.923902
[train-state] step=1780/2000 lambda_behavior=0.072747 condition_grad_repr=0.000431 condition_grad_behavior=0.001491 condition_grad_cos=0.010801 sec_grad=0.065206 lr=1.294e-06 step_time=1.33s eta=0.08h peak_cuda_rank0=9.34GiB
[training-loss] step=1790/2000 total=0.062155 repr=0.061978 behavior_kd=0.002667 flow_monitor=0.003855 raw_mse=0.050714 white_mse=0.021837 cosine=0.036312 dynamic=0.129687 std_ratio=0.923879
[train-state] step=1790/2000 lambda_behavior=0.066460 condition_grad_repr=0.000430 condition_grad_behavior=0.001792 condition_grad_cos=0.010414 sec_grad=0.068219 lr=1.269e-06 step_time=1.36s eta=0.08h peak_cuda_rank0=9.34GiB
[training-loss] step=1800/2000 total=0.062027 repr=0.061858 behavior_kd=0.002658 flow_monitor=0.003747 raw_mse=0.050591 white_mse=0.021813 cosine=0.036244 dynamic=0.129377 std_ratio=0.923810
[train-state] step=1800/2000 lambda_behavior=0.063595 condition_grad_repr=0.000430 condition_grad_behavior=0.001809 condition_grad_cos=0.010361 sec_grad=0.067426 lr=1.244e-06 step_time=1.16s eta=0.06h peak_cuda_rank0=9.34GiB
[training-loss] step=1810/2000 total=0.062271 repr=0.062115 behavior_kd=0.002427 flow_monitor=0.003671 raw_mse=0.050740 white_mse=0.021843 cosine=0.036332 dynamic=0.130853 std_ratio=0.924117
[train-state] step=1810/2000 lambda_behavior=0.064149 condition_grad_repr=0.000431 condition_grad_behavior=0.001738 condition_grad_cos=0.010951 sec_grad=0.064358 lr=1.220e-06 step_time=1.06s eta=0.06h peak_cuda_rank0=9.34GiB
[training-loss] step=1820/2000 total=0.062238 repr=0.062057 behavior_kd=0.002830 flow_monitor=0.004388 raw_mse=0.050679 white_mse=0.021843 cosine=0.036305 dynamic=0.130592 std_ratio=0.923728
[train-state] step=1820/2000 lambda_behavior=0.064146 condition_grad_repr=0.000431 condition_grad_behavior=0.001988 condition_grad_cos=0.009884 sec_grad=0.062188 lr=1.198e-06 step_time=1.19s eta=0.06h peak_cuda_rank0=9.34GiB
[training-loss] step=1830/2000 total=0.062160 repr=0.061999 behavior_kd=0.002572 flow_monitor=0.003827 raw_mse=0.050755 white_mse=0.021891 cosine=0.036357 dynamic=0.129128 std_ratio=0.924411
[train-state] step=1830/2000 lambda_behavior=0.062725 condition_grad_repr=0.000430 condition_grad_behavior=0.001714 condition_grad_cos=0.010129 sec_grad=0.068167 lr=1.177e-06 step_time=1.07s eta=0.05h peak_cuda_rank0=9.34GiB
[training-loss] step=1840/2000 total=0.062178 repr=0.062003 behavior_kd=0.003021 flow_monitor=0.004748 raw_mse=0.050704 white_mse=0.021851 cosine=0.036324 dynamic=0.129839 std_ratio=0.924043
[train-state] step=1840/2000 lambda_behavior=0.058090 condition_grad_repr=0.000430 condition_grad_behavior=0.002602 condition_grad_cos=0.008820 sec_grad=0.065630 lr=1.157e-06 step_time=1.18s eta=0.05h peak_cuda_rank0=9.34GiB
[training-loss] step=1850/2000 total=0.062658 repr=0.062501 behavior_kd=0.003136 flow_monitor=0.004725 raw_mse=0.051174 white_mse=0.022054 cosine=0.036663 dynamic=0.130271 std_ratio=0.923496
[train-state] step=1850/2000 lambda_behavior=0.050053 condition_grad_repr=0.000432 condition_grad_behavior=0.002523 condition_grad_cos=0.010026 sec_grad=0.064002 lr=1.138e-06 step_time=1.19s eta=0.05h peak_cuda_rank0=9.34GiB
[training-loss] step=1860/2000 total=0.062581 repr=0.062412 behavior_kd=0.002898 flow_monitor=0.004181 raw_mse=0.050876 white_mse=0.021901 cosine=0.036450 dynamic=0.132500 std_ratio=0.922813
[train-state] step=1860/2000 lambda_behavior=0.058377 condition_grad_repr=0.000432 condition_grad_behavior=0.001745 condition_grad_cos=0.010810 sec_grad=0.059825 lr=1.120e-06 step_time=1.00s eta=0.04h peak_cuda_rank0=9.34GiB
[training-loss] step=1870/2000 total=0.062253 repr=0.062087 behavior_kd=0.002486 flow_monitor=0.003536 raw_mse=0.050659 white_mse=0.021794 cosine=0.036277 dynamic=0.131496 std_ratio=0.923606
[train-state] step=1870/2000 lambda_behavior=0.067062 condition_grad_repr=0.000431 condition_grad_behavior=0.001574 condition_grad_cos=0.011636 sec_grad=0.063848 lr=1.104e-06 step_time=1.20s eta=0.04h peak_cuda_rank0=9.34GiB
[training-loss] step=1880/2000 total=0.062483 repr=0.062288 behavior_kd=0.002866 flow_monitor=0.004304 raw_mse=0.050880 white_mse=0.021913 cosine=0.036449 dynamic=0.131132 std_ratio=0.923575
[train-state] step=1880/2000 lambda_behavior=0.067819 condition_grad_repr=0.000432 condition_grad_behavior=0.001780 condition_grad_cos=0.010955 sec_grad=0.064484 lr=1.088e-06 step_time=1.10s eta=0.04h peak_cuda_rank0=9.34GiB
[training-loss] step=1890/2000 total=0.062131 repr=0.061959 behavior_kd=0.002761 flow_monitor=0.004184 raw_mse=0.050598 white_mse=0.021781 cosine=0.036244 dynamic=0.130667 std_ratio=0.923694
[train-state] step=1890/2000 lambda_behavior=0.062371 condition_grad_repr=0.000430 condition_grad_behavior=0.002415 condition_grad_cos=0.009140 sec_grad=0.065762 lr=1.074e-06 step_time=1.13s eta=0.03h peak_cuda_rank0=9.34GiB
[training-loss] step=1900/2000 total=0.061889 repr=0.061735 behavior_kd=0.002579 flow_monitor=0.004075 raw_mse=0.050574 white_mse=0.021786 cosine=0.036221 dynamic=0.128511 std_ratio=0.924895
[train-state] step=1900/2000 lambda_behavior=0.059882 condition_grad_repr=0.000429 condition_grad_behavior=0.001795 condition_grad_cos=0.010222 sec_grad=0.061479 lr=1.061e-06 step_time=1.18s eta=0.03h peak_cuda_rank0=9.34GiB
[training-loss] step=1910/2000 total=0.062450 repr=0.062265 behavior_kd=0.002992 flow_monitor=0.004360 raw_mse=0.050775 white_mse=0.021862 cosine=0.036372 dynamic=0.131966 std_ratio=0.922899
[train-state] step=1910/2000 lambda_behavior=0.062029 condition_grad_repr=0.000432 condition_grad_behavior=0.001952 condition_grad_cos=0.010995 sec_grad=0.068089 lr=1.050e-06 step_time=1.02s eta=0.03h peak_cuda_rank0=9.34GiB
[training-loss] step=1920/2000 total=0.062191 repr=0.062021 behavior_kd=0.002990 flow_monitor=0.004776 raw_mse=0.050638 white_mse=0.021794 cosine=0.036264 dynamic=0.130956 std_ratio=0.924081
[train-state] step=1920/2000 lambda_behavior=0.056582 condition_grad_repr=0.000431 condition_grad_behavior=0.002387 condition_grad_cos=0.010599 sec_grad=0.063300 lr=1.039e-06 step_time=1.18s eta=0.03h peak_cuda_rank0=9.34GiB
[training-loss] step=1930/2000 total=0.062316 repr=0.062177 behavior_kd=0.002863 flow_monitor=0.004382 raw_mse=0.050773 white_mse=0.021867 cosine=0.036366 dynamic=0.131046 std_ratio=0.923636
[train-state] step=1930/2000 lambda_behavior=0.048501 condition_grad_repr=0.000431 condition_grad_behavior=0.003194 condition_grad_cos=0.008489 sec_grad=0.065664 lr=1.030e-06 step_time=1.12s eta=0.02h peak_cuda_rank0=9.34GiB
[training-loss] step=1940/2000 total=0.062007 repr=0.061851 behavior_kd=0.002830 flow_monitor=0.004030 raw_mse=0.050686 white_mse=0.021812 cosine=0.036305 dynamic=0.128809 std_ratio=0.924304
[train-state] step=1940/2000 lambda_behavior=0.055248 condition_grad_repr=0.000429 condition_grad_behavior=0.001999 condition_grad_cos=0.010354 sec_grad=0.069872 lr=1.022e-06 step_time=1.10s eta=0.02h peak_cuda_rank0=9.34GiB
[training-loss] step=1950/2000 total=0.062342 repr=0.062194 behavior_kd=0.002342 flow_monitor=0.003381 raw_mse=0.050858 white_mse=0.021903 cosine=0.036433 dynamic=0.130404 std_ratio=0.924210
[train-state] step=1950/2000 lambda_behavior=0.063020 condition_grad_repr=0.000431 condition_grad_behavior=0.001920 condition_grad_cos=0.009803 sec_grad=0.068520 lr=1.015e-06 step_time=1.18s eta=0.02h peak_cuda_rank0=9.34GiB
[training-loss] step=1960/2000 total=0.061798 repr=0.061635 behavior_kd=0.002612 flow_monitor=0.003818 raw_mse=0.050413 white_mse=0.021686 cosine=0.036105 dynamic=0.129371 std_ratio=0.924616
[train-state] step=1960/2000 lambda_behavior=0.062697 condition_grad_repr=0.000429 condition_grad_behavior=0.002128 condition_grad_cos=0.009735 sec_grad=0.069540 lr=1.010e-06 step_time=1.04s eta=0.01h peak_cuda_rank0=9.34GiB
[training-loss] step=1970/2000 total=0.062433 repr=0.062266 behavior_kd=0.002700 flow_monitor=0.004031 raw_mse=0.050889 white_mse=0.021924 cosine=0.036456 dynamic=0.130744 std_ratio=0.923621
[train-state] step=1970/2000 lambda_behavior=0.062266 condition_grad_repr=0.000431 condition_grad_behavior=0.001781 condition_grad_cos=0.011123 sec_grad=0.068261 lr=1.006e-06 step_time=1.13s eta=0.01h peak_cuda_rank0=9.34GiB
[training-loss] step=1980/2000 total=0.062122 repr=0.061963 behavior_kd=0.002643 flow_monitor=0.003916 raw_mse=0.050712 white_mse=0.021841 cosine=0.036315 dynamic=0.129506 std_ratio=0.924313
[train-state] step=1980/2000 lambda_behavior=0.060177 condition_grad_repr=0.000430 condition_grad_behavior=0.002166 condition_grad_cos=0.009927 sec_grad=0.063355 lr=1.002e-06 step_time=1.19s eta=0.01h peak_cuda_rank0=9.34GiB
[training-loss] step=1990/2000 total=0.062031 repr=0.061868 behavior_kd=0.002671 flow_monitor=0.004107 raw_mse=0.050647 white_mse=0.021840 cosine=0.036276 dynamic=0.128903 std_ratio=0.924238
[train-state] step=1990/2000 lambda_behavior=0.061520 condition_grad_repr=0.000430 condition_grad_behavior=0.001821 condition_grad_cos=0.010490 sec_grad=0.060278 lr=1.001e-06 step_time=1.02s eta=0.00h peak_cuda_rank0=9.34GiB
[training-loss] step=2000/2000 total=0.062197 repr=0.062031 behavior_kd=0.002951 flow_monitor=0.004570 raw_mse=0.050708 white_mse=0.021833 cosine=0.036319 dynamic=0.130285 std_ratio=0.924146
[train-state] step=2000/2000 lambda_behavior=0.056319 condition_grad_repr=0.000430 condition_grad_behavior=0.002668 condition_grad_cos=0.008462 sec_grad=0.067822 lr=1.000e-06 step_time=1.22s eta=0.00h peak_cuda_rank0=9.34GiB
[checkpoint] saved step=2000
[train] complete elapsed=0.74h
