W0811 16:44:49.205000 1298688 site-packages/torch/distributed/run.py:774] 
W0811 16:44:49.205000 1298688 site-packages/torch/distributed/run.py:774] *****************************************
W0811 16:44:49.205000 1298688 site-packages/torch/distributed/run.py:774] Setting OMP_NUM_THREADS environment variable for each process to be 1 in default, to avoid your system being overloaded, please further tune the variable for optimal performance in your application as needed. 
W0811 16:44:49.205000 1298688 site-packages/torch/distributed/run.py:774] *****************************************
[model] SEC284-L params=76,624,896 world=4 train=24140 val=1749 effective_batch=128
[step] 10/3000 total=2.220222 raw_mse=1.491579 white_mse=1.425034 cosine_loss=0.987983 lr=7.333e-06 elapsed=11.5s
[step] 20/3000 total=1.359748 raw_mse=0.880878 white_mse=0.876227 cosine_loss=0.861648 lr=1.400e-05 elapsed=22.0s
[step] 30/3000 total=1.040167 raw_mse=0.647278 white_mse=0.682508 cosine_loss=0.680387 lr=2.067e-05 elapsed=32.3s
[step] 40/3000 total=0.947885 raw_mse=0.580699 white_mse=0.629662 cosine_loss=0.557461 lr=2.733e-05 elapsed=42.7s
[step] 50/3000 total=0.924135 raw_mse=0.559733 white_mse=0.618686 cosine_loss=0.511650 lr=3.400e-05 elapsed=53.2s
[step] 60/3000 total=0.919387 raw_mse=0.555168 white_mse=0.616573 cosine_loss=0.504587 lr=4.067e-05 elapsed=63.7s
[step] 70/3000 total=0.911135 raw_mse=0.553931 white_mse=0.609357 cosine_loss=0.496261 lr=4.733e-05 elapsed=74.5s
[step] 80/3000 total=0.881441 raw_mse=0.541327 white_mse=0.586465 cosine_loss=0.486251 lr=5.400e-05 elapsed=85.3s
[step] 90/3000 total=0.802081 raw_mse=0.498686 white_mse=0.530011 cosine_loss=0.454551 lr=6.067e-05 elapsed=95.9s
[step] 100/3000 total=0.708074 raw_mse=0.458057 white_mse=0.458541 cosine_loss=0.410102 lr=6.733e-05 elapsed=106.7s
[step] 110/3000 total=0.629047 raw_mse=0.426980 white_mse=0.396828 cosine_loss=0.374577 lr=7.400e-05 elapsed=117.4s
[step] 120/3000 total=0.558534 raw_mse=0.402111 white_mse=0.340108 cosine_loss=0.347404 lr=8.067e-05 elapsed=127.9s
[step] 130/3000 total=0.488051 raw_mse=0.377763 white_mse=0.283061 cosine_loss=0.322177 lr=8.733e-05 elapsed=138.5s
[step] 140/3000 total=0.421509 raw_mse=0.352628 white_mse=0.230337 cosine_loss=0.297154 lr=9.400e-05 elapsed=149.2s
[step] 150/3000 total=0.367596 raw_mse=0.330174 white_mse=0.188736 cosine_loss=0.275458 lr=1.000e-04 elapsed=160.0s
[step] 160/3000 total=0.329335 raw_mse=0.312917 white_mse=0.159916 cosine_loss=0.259192 lr=1.000e-04 elapsed=171.1s
[step] 170/3000 total=0.298197 raw_mse=0.294720 white_mse=0.138729 cosine_loss=0.242160 lr=9.999e-05 elapsed=181.7s
[step] 180/3000 total=0.276941 raw_mse=0.281044 white_mse=0.124941 cosine_loss=0.229557 lr=9.998e-05 elapsed=192.6s
/home/pxchen/miniconda3/envs/flashwam/lib/python3.10/site-packages/torch/distributed/distributed_c10d.py:4807: UserWarning: No device id is provided via `init_process_group` or `barrier `. Using the current device set by the user. 
  warnings.warn(  # warn only once
/home/pxchen/miniconda3/envs/flashwam/lib/python3.10/site-packages/torch/distributed/distributed_c10d.py:4807: UserWarning: No device id is provided via `init_process_group` or `barrier `. Using the current device set by the user. 
  warnings.warn(  # warn only once
/home/pxchen/miniconda3/envs/flashwam/lib/python3.10/site-packages/torch/distributed/distributed_c10d.py:4807: UserWarning: No device id is provided via `init_process_group` or `barrier `. Using the current device set by the user. 
  warnings.warn(  # warn only once
[epoch] 1/20 train={'total': 0.7601575061203317, 'raw_mse': 0.5191618804126343, 'whitened_mse': 0.478042171128649, 'cosine': 0.45068790769561173} val={'total': 0.2514520404205475, 'raw_mse': 0.26143067061356756, 'whitened_mse': 0.11013315576362555, 'cosine': 0.21207098952031025} best=0.251452
/home/pxchen/miniconda3/envs/flashwam/lib/python3.10/site-packages/torch/distributed/distributed_c10d.py:4807: UserWarning: No device id is provided via `init_process_group` or `barrier `. Using the current device set by the user. 
  warnings.warn(  # warn only once
[step] 190/3000 total=0.257865 raw_mse=0.267086 white_mse=0.113472 cosine_loss=0.216993 lr=9.996e-05 elapsed=213.6s
[step] 200/3000 total=0.242543 raw_mse=0.253024 white_mse=0.105788 cosine_loss=0.204861 lr=9.993e-05 elapsed=224.2s
[step] 210/3000 total=0.223752 raw_mse=0.231950 white_mse=0.098396 cosine_loss=0.187602 lr=9.990e-05 elapsed=234.9s
[step] 220/3000 total=0.204797 raw_mse=0.212753 white_mse=0.089874 cosine_loss=0.170934 lr=9.987e-05 elapsed=245.7s
[step] 230/3000 total=0.193273 raw_mse=0.201301 white_mse=0.084583 cosine_loss=0.160801 lr=9.983e-05 elapsed=256.3s
[step] 240/3000 total=0.182876 raw_mse=0.190120 white_mse=0.080276 cosine_loss=0.150799 lr=9.978e-05 elapsed=267.1s
[step] 250/3000 total=0.171426 raw_mse=0.178254 white_mse=0.075276 cosine_loss=0.140465 lr=9.973e-05 elapsed=277.7s
[step] 260/3000 total=0.163669 raw_mse=0.170499 white_mse=0.071738 cosine_loss=0.133610 lr=9.967e-05 elapsed=288.1s
[step] 270/3000 total=0.156009 raw_mse=0.162578 white_mse=0.068381 cosine_loss=0.126779 lr=9.961e-05 elapsed=298.7s
[step] 280/3000 total=0.152641 raw_mse=0.158687 white_mse=0.067128 cosine_loss=0.123383 lr=9.954e-05 elapsed=309.4s
[step] 290/3000 total=0.146021 raw_mse=0.152134 white_mse=0.064065 cosine_loss=0.117787 lr=9.947e-05 elapsed=319.7s
[step] 300/3000 total=0.141965 raw_mse=0.147949 white_mse=0.062279 cosine_loss=0.114239 lr=9.939e-05 elapsed=330.5s
[step] 310/3000 total=0.137917 raw_mse=0.143823 white_mse=0.060471 cosine_loss=0.110693 lr=9.930e-05 elapsed=340.8s
[step] 320/3000 total=0.134045 raw_mse=0.139671 white_mse=0.058849 cosine_loss=0.107212 lr=9.921e-05 elapsed=351.3s
[step] 330/3000 total=0.130039 raw_mse=0.135692 white_mse=0.057000 cosine_loss=0.103857 lr=9.912e-05 elapsed=361.4s
[step] 340/3000 total=0.127402 raw_mse=0.132777 white_mse=0.055942 cosine_loss=0.101433 lr=9.902e-05 elapsed=371.4s
[step] 350/3000 total=0.124860 raw_mse=0.129919 white_mse=0.054953 cosine_loss=0.098959 lr=9.891e-05 elapsed=381.7s
[step] 360/3000 total=0.122941 raw_mse=0.127856 white_mse=0.054151 cosine_loss=0.097246 lr=9.880e-05 elapsed=392.0s
[step] 370/3000 total=0.120400 raw_mse=0.125339 white_mse=0.052973 cosine_loss=0.095162 lr=9.868e-05 elapsed=402.5s
[epoch] 2/20 train={'total': 0.15947292007981462, 'raw_mse': 0.1660054659054793, 'whitened_mse': 0.06996860051468173, 'cosine': 0.13003173541832477} val={'total': 0.11643811484552137, 'raw_mse': 0.12109121465927934, 'whitened_mse': 0.051307221104871466, 'cosine': 0.09170575075055638} best=0.116438
[step] 380/3000 total=0.117976 raw_mse=0.122860 white_mse=0.051891 cosine_loss=0.093099 lr=9.856e-05 elapsed=428.1s
[step] 390/3000 total=0.115198 raw_mse=0.119827 white_mse=0.050755 cosine_loss=0.090591 lr=9.843e-05 elapsed=438.8s
[step] 400/3000 total=0.113254 raw_mse=0.117747 white_mse=0.049935 cosine_loss=0.088924 lr=9.830e-05 elapsed=449.8s
[step] 410/3000 total=0.111078 raw_mse=0.115557 white_mse=0.048944 cosine_loss=0.087122 lr=9.816e-05 elapsed=460.6s
[step] 420/3000 total=0.109444 raw_mse=0.113799 white_mse=0.048261 cosine_loss=0.085660 lr=9.802e-05 elapsed=471.2s
[step] 430/3000 total=0.107738 raw_mse=0.112033 white_mse=0.047509 cosine_loss=0.084248 lr=9.787e-05 elapsed=481.7s
[step] 440/3000 total=0.106165 raw_mse=0.110351 white_mse=0.046847 cosine_loss=0.082857 lr=9.772e-05 elapsed=492.8s
[step] 450/3000 total=0.104950 raw_mse=0.109078 white_mse=0.046320 cosine_loss=0.081816 lr=9.756e-05 elapsed=503.9s
[step] 460/3000 total=0.104836 raw_mse=0.109004 white_mse=0.046246 cosine_loss=0.081766 lr=9.740e-05 elapsed=514.8s
[step] 470/3000 total=0.102745 raw_mse=0.106720 white_mse=0.045390 cosine_loss=0.079898 lr=9.723e-05 elapsed=525.6s
[step] 480/3000 total=0.100928 raw_mse=0.104811 white_mse=0.044606 cosine_loss=0.078348 lr=9.706e-05 elapsed=536.4s
[step] 490/3000 total=0.099575 raw_mse=0.103402 white_mse=0.044013 cosine_loss=0.077211 lr=9.688e-05 elapsed=547.1s
[step] 500/3000 total=0.098747 raw_mse=0.102596 white_mse=0.043620 cosine_loss=0.076591 lr=9.669e-05 elapsed=558.0s
[step] 510/3000 total=0.097437 raw_mse=0.101159 white_mse=0.043086 cosine_loss=0.075426 lr=9.650e-05 elapsed=570.4s
[step] 520/3000 total=0.095644 raw_mse=0.099344 white_mse=0.042275 cosine_loss=0.073952 lr=9.631e-05 elapsed=581.1s
[step] 530/3000 total=0.097112 raw_mse=0.100833 white_mse=0.042938 cosine_loss=0.075164 lr=9.611e-05 elapsed=591.7s
[step] 540/3000 total=0.095769 raw_mse=0.099330 white_mse=0.042405 cosine_loss=0.073961 lr=9.591e-05 elapsed=602.3s
[step] 550/3000 total=0.094178 raw_mse=0.097680 white_mse=0.041707 cosine_loss=0.072635 lr=9.570e-05 elapsed=612.7s
[step] 560/3000 total=0.092594 raw_mse=0.096097 white_mse=0.040978 cosine_loss=0.071357 lr=9.548e-05 elapsed=623.3s
[epoch] 3/20 train={'total': 0.1027169916679726, 'raw_mse': 0.10672384276589815, 'whitened_mse': 0.04535807700371964, 'cosine': 0.07993986520004716} val={'total': 0.09201797803004855, 'raw_mse': 0.09552703053609693, 'whitened_mse': 0.040705361713965736, 'cosine': 0.07098200383115577} best=0.092018
[step] 570/3000 total=0.091467 raw_mse=0.094973 white_mse=0.040457 cosine_loss=0.070480 lr=9.526e-05 elapsed=647.0s
[step] 580/3000 total=0.090804 raw_mse=0.094172 white_mse=0.040226 cosine_loss=0.069846 lr=9.504e-05 elapsed=657.7s
[step] 590/3000 total=0.090587 raw_mse=0.094061 white_mse=0.040069 cosine_loss=0.069753 lr=9.481e-05 elapsed=668.0s
[step] 600/3000 total=0.090120 raw_mse=0.093445 white_mse=0.039935 cosine_loss=0.069242 lr=9.458e-05 elapsed=678.4s
[step] 610/3000 total=0.088191 raw_mse=0.091454 white_mse=0.039079 cosine_loss=0.067686 lr=9.434e-05 elapsed=688.9s
[step] 620/3000 total=0.088818 raw_mse=0.092160 white_mse=0.039325 cosine_loss=0.068254 lr=9.409e-05 elapsed=699.5s
[step] 630/3000 total=0.087356 raw_mse=0.090573 white_mse=0.038720 cosine_loss=0.066996 lr=9.385e-05 elapsed=709.9s
[step] 640/3000 total=0.086160 raw_mse=0.089331 white_mse=0.038194 cosine_loss=0.066002 lr=9.359e-05 elapsed=720.4s
[step] 650/3000 total=0.087157 raw_mse=0.090389 white_mse=0.038620 cosine_loss=0.066848 lr=9.334e-05 elapsed=730.9s
[step] 660/3000 total=0.085415 raw_mse=0.088502 white_mse=0.037896 cosine_loss=0.065367 lr=9.307e-05 elapsed=741.4s
[step] 670/3000 total=0.084402 raw_mse=0.087513 white_mse=0.037417 cosine_loss=0.064576 lr=9.281e-05 elapsed=751.9s
[step] 680/3000 total=0.083620 raw_mse=0.086726 white_mse=0.037059 cosine_loss=0.063977 lr=9.254e-05 elapsed=762.1s
[step] 690/3000 total=0.084430 raw_mse=0.087567 white_mse=0.037414 cosine_loss=0.064632 lr=9.226e-05 elapsed=772.5s
[step] 700/3000 total=0.083184 raw_mse=0.086267 white_mse=0.036871 cosine_loss=0.063600 lr=9.198e-05 elapsed=782.9s
[step] 710/3000 total=0.083287 raw_mse=0.086324 white_mse=0.036942 cosine_loss=0.063652 lr=9.170e-05 elapsed=793.4s
[step] 720/3000 total=0.081885 raw_mse=0.084906 white_mse=0.036304 cosine_loss=0.062552 lr=9.141e-05 elapsed=803.8s
[step] 730/3000 total=0.081660 raw_mse=0.084681 white_mse=0.036201 cosine_loss=0.062372 lr=9.111e-05 elapsed=814.1s
[step] 740/3000 total=0.080923 raw_mse=0.083861 white_mse=0.035907 cosine_loss=0.061702 lr=9.081e-05 elapsed=824.5s
[step] 750/3000 total=0.080903 raw_mse=0.083854 white_mse=0.035890 cosine_loss=0.061726 lr=9.051e-05 elapsed=834.8s
[epoch] 4/20 train={'total': 0.08562126155308586, 'raw_mse': 0.08878890816320446, 'whitened_mse': 0.037947107552293136, 'cosine': 0.06559399348941256} val={'total': 0.08145714017932545, 'raw_mse': 0.08449278742108987, 'whitened_mse': 0.03609846922734829, 'cosine': 0.06224554371871224} best=0.081457
[step] 760/3000 total=0.080165 raw_mse=0.083044 white_mse=0.035589 cosine_loss=0.061083 lr=9.020e-05 elapsed=858.9s
[step] 770/3000 total=0.079322 raw_mse=0.082156 white_mse=0.035225 cosine_loss=0.060388 lr=8.989e-05 elapsed=869.4s
[step] 780/3000 total=0.079141 raw_mse=0.081962 white_mse=0.035148 cosine_loss=0.060250 lr=8.958e-05 elapsed=880.0s
[step] 790/3000 total=0.078449 raw_mse=0.081292 white_mse=0.034817 cosine_loss=0.059726 lr=8.926e-05 elapsed=890.4s
[step] 800/3000 total=0.078810 raw_mse=0.081609 white_mse=0.035006 cosine_loss=0.059986 lr=8.893e-05 elapsed=901.0s
[step] 810/3000 total=0.078026 raw_mse=0.080797 white_mse=0.034661 cosine_loss=0.059341 lr=8.861e-05 elapsed=911.6s
[step] 820/3000 total=0.076991 raw_mse=0.079774 white_mse=0.034177 cosine_loss=0.058544 lr=8.828e-05 elapsed=922.1s
[step] 830/3000 total=0.077104 raw_mse=0.079877 white_mse=0.034235 cosine_loss=0.058618 lr=8.794e-05 elapsed=932.6s
[step] 840/3000 total=0.077157 raw_mse=0.079879 white_mse=0.034287 cosine_loss=0.058610 lr=8.760e-05 elapsed=943.2s
[step] 850/3000 total=0.076535 raw_mse=0.079238 white_mse=0.034010 cosine_loss=0.058120 lr=8.726e-05 elapsed=953.8s
[step] 860/3000 total=0.075942 raw_mse=0.078624 white_mse=0.033747 cosine_loss=0.057655 lr=8.691e-05 elapsed=964.6s
[step] 870/3000 total=0.075505 raw_mse=0.078239 white_mse=0.033517 cosine_loss=0.057357 lr=8.656e-05 elapsed=975.0s
[step] 880/3000 total=0.076079 raw_mse=0.078790 white_mse=0.033795 cosine_loss=0.057782 lr=8.620e-05 elapsed=985.4s
[step] 890/3000 total=0.075292 raw_mse=0.077917 white_mse=0.033479 cosine_loss=0.057096 lr=8.584e-05 elapsed=995.9s
[step] 900/3000 total=0.074767 raw_mse=0.077412 white_mse=0.033225 cosine_loss=0.056730 lr=8.548e-05 elapsed=1006.5s
[step] 910/3000 total=0.074486 raw_mse=0.077162 white_mse=0.033079 cosine_loss=0.056523 lr=8.511e-05 elapsed=1017.1s
[step] 920/3000 total=0.073946 raw_mse=0.076585 white_mse=0.032849 cosine_loss=0.056086 lr=8.474e-05 elapsed=1027.6s
[step] 930/3000 total=0.073409 raw_mse=0.076049 white_mse=0.032601 cosine_loss=0.055669 lr=8.437e-05 elapsed=1037.6s
[step] 940/3000 total=0.072690 raw_mse=0.075260 white_mse=0.032308 cosine_loss=0.055048 lr=8.399e-05 elapsed=1047.6s
[epoch] 5/20 train={'total': 0.07647165382637622, 'raw_mse': 0.07919947813918933, 'whitened_mse': 0.03396682581676051, 'cosine': 0.058101778438790365} val={'total': 0.07436527467447601, 'raw_mse': 0.07712743298648154, 'whitened_mse': 0.03297463229529934, 'cosine': 0.05653853541384685} best=0.074365
[step] 950/3000 total=0.072535 raw_mse=0.075091 white_mse=0.032243 cosine_loss=0.054927 lr=8.361e-05 elapsed=1071.3s
[step] 960/3000 total=0.072671 raw_mse=0.075226 white_mse=0.032307 cosine_loss=0.055038 lr=8.322e-05 elapsed=1081.3s
[step] 970/3000 total=0.072303 raw_mse=0.074885 white_mse=0.032123 cosine_loss=0.054759 lr=8.283e-05 elapsed=1091.4s
[step] 980/3000 total=0.071888 raw_mse=0.074400 white_mse=0.031969 cosine_loss=0.054393 lr=8.244e-05 elapsed=1101.7s
[step] 990/3000 total=0.071410 raw_mse=0.073924 white_mse=0.031747 cosine_loss=0.054027 lr=8.205e-05 elapsed=1112.3s
[step] 1000/3000 total=0.071187 raw_mse=0.073631 white_mse=0.031681 cosine_loss=0.053803 lr=8.165e-05 elapsed=1123.0s
[step] 1010/3000 total=0.071099 raw_mse=0.073585 white_mse=0.031618 cosine_loss=0.053758 lr=8.125e-05 elapsed=1134.8s
[step] 1020/3000 total=0.070514 raw_mse=0.072996 white_mse=0.031351 cosine_loss=0.053317 lr=8.084e-05 elapsed=1145.1s
[step] 1030/3000 total=0.070683 raw_mse=0.073152 white_mse=0.031435 cosine_loss=0.053448 lr=8.044e-05 elapsed=1155.8s
[step] 1040/3000 total=0.070491 raw_mse=0.072940 white_mse=0.031358 cosine_loss=0.053256 lr=8.003e-05 elapsed=1166.3s
[step] 1050/3000 total=0.069997 raw_mse=0.072454 white_mse=0.031126 cosine_loss=0.052884 lr=7.961e-05 elapsed=1176.6s
[step] 1060/3000 total=0.069996 raw_mse=0.072415 white_mse=0.031145 cosine_loss=0.052875 lr=7.920e-05 elapsed=1187.0s
[step] 1070/3000 total=0.069872 raw_mse=0.072280 white_mse=0.031093 cosine_loss=0.052767 lr=7.878e-05 elapsed=1197.6s
[step] 1080/3000 total=0.069330 raw_mse=0.071739 white_mse=0.030843 cosine_loss=0.052349 lr=7.835e-05 elapsed=1208.4s
[step] 1090/3000 total=0.069253 raw_mse=0.071683 white_mse=0.030797 cosine_loss=0.052300 lr=7.793e-05 elapsed=1219.1s
[step] 1100/3000 total=0.068727 raw_mse=0.071118 white_mse=0.030573 cosine_loss=0.051886 lr=7.750e-05 elapsed=1229.7s
[step] 1110/3000 total=0.068584 raw_mse=0.070945 white_mse=0.030524 cosine_loss=0.051734 lr=7.707e-05 elapsed=1240.4s
[step] 1120/3000 total=0.068323 raw_mse=0.070749 white_mse=0.030368 cosine_loss=0.051593 lr=7.664e-05 elapsed=1251.0s
[epoch] 6/20 train={'total': 0.07041410734242898, 'raw_mse': 0.0728743342246781, 'whitened_mse': 0.03131586622367514, 'cosine': 0.05322148045524955} val={'total': 0.07026016035172493, 'raw_mse': 0.07283907043471184, 'whitened_mse': 0.031179524324494137, 'cosine': 0.05322199898716658} best=0.070260
[step] 1130/3000 total=0.068437 raw_mse=0.070796 white_mse=0.030458 cosine_loss=0.051629 lr=7.620e-05 elapsed=1275.3s
[step] 1140/3000 total=0.067973 raw_mse=0.070308 white_mse=0.030256 cosine_loss=0.051249 lr=7.576e-05 elapsed=1286.0s
[step] 1150/3000 total=0.066673 raw_mse=0.068993 white_mse=0.029665 cosine_loss=0.050239 lr=7.532e-05 elapsed=1296.5s
[step] 1160/3000 total=0.067078 raw_mse=0.069422 white_mse=0.029838 cosine_loss=0.050584 lr=7.488e-05 elapsed=1306.9s
[step] 1170/3000 total=0.066686 raw_mse=0.068971 white_mse=0.029689 cosine_loss=0.050231 lr=7.443e-05 elapsed=1317.5s
[step] 1180/3000 total=0.066960 raw_mse=0.069270 white_mse=0.029801 cosine_loss=0.050478 lr=7.398e-05 elapsed=1327.9s
[step] 1190/3000 total=0.066493 raw_mse=0.068800 white_mse=0.029589 cosine_loss=0.050091 lr=7.353e-05 elapsed=1338.5s
[step] 1200/3000 total=0.066157 raw_mse=0.068422 white_mse=0.029455 cosine_loss=0.049818 lr=7.308e-05 elapsed=1348.9s
[step] 1210/3000 total=0.066224 raw_mse=0.068509 white_mse=0.029475 cosine_loss=0.049882 lr=7.262e-05 elapsed=1359.2s
[step] 1220/3000 total=0.066158 raw_mse=0.068474 white_mse=0.029429 cosine_loss=0.049844 lr=7.216e-05 elapsed=1369.5s
[step] 1230/3000 total=0.066094 raw_mse=0.068388 white_mse=0.029410 cosine_loss=0.049794 lr=7.170e-05 elapsed=1380.0s
[step] 1240/3000 total=0.065370 raw_mse=0.067641 white_mse=0.029088 cosine_loss=0.049222 lr=7.124e-05 elapsed=1390.3s
[step] 1250/3000 total=0.065584 raw_mse=0.067872 white_mse=0.029178 cosine_loss=0.049398 lr=7.078e-05 elapsed=1400.7s
[step] 1260/3000 total=0.065643 raw_mse=0.067910 white_mse=0.029216 cosine_loss=0.049430 lr=7.031e-05 elapsed=1411.0s
[step] 1270/3000 total=0.065204 raw_mse=0.067434 white_mse=0.029034 cosine_loss=0.049063 lr=6.985e-05 elapsed=1421.3s
[step] 1280/3000 total=0.065346 raw_mse=0.067612 white_mse=0.029080 cosine_loss=0.049202 lr=6.938e-05 elapsed=1431.7s
[step] 1290/3000 total=0.064796 raw_mse=0.067030 white_mse=0.028843 cosine_loss=0.048752 lr=6.891e-05 elapsed=1442.1s
[step] 1300/3000 total=0.064731 raw_mse=0.066991 white_mse=0.028800 cosine_loss=0.048716 lr=6.843e-05 elapsed=1452.4s
[step] 1310/3000 total=0.064417 raw_mse=0.066641 white_mse=0.028673 cosine_loss=0.048454 lr=6.796e-05 elapsed=1462.8s
[epoch] 7/20 train={'total': 0.0659393408692422, 'raw_mse': 0.06822064584319261, 'whitened_mse': 0.029345964889061896, 'cosine': 0.04966106126084924} val={'total': 0.06684616099209546, 'raw_mse': 0.06931149459456744, 'whitened_mse': 0.029664769551831567, 'cosine': 0.05051289095232884} best=0.066846
[step] 1320/3000 total=0.064311 raw_mse=0.066501 white_mse=0.028643 cosine_loss=0.048355 lr=6.748e-05 elapsed=1486.0s
[step] 1330/3000 total=0.063941 raw_mse=0.066120 white_mse=0.028479 cosine_loss=0.048057 lr=6.701e-05 elapsed=1496.3s
[step] 1340/3000 total=0.063253 raw_mse=0.065434 white_mse=0.028158 cosine_loss=0.047539 lr=6.653e-05 elapsed=1506.5s
[step] 1350/3000 total=0.062994 raw_mse=0.065224 white_mse=0.028013 cosine_loss=0.047371 lr=6.605e-05 elapsed=1516.6s
[step] 1360/3000 total=0.063112 raw_mse=0.065287 white_mse=0.028097 cosine_loss=0.047423 lr=6.557e-05 elapsed=1527.1s
[step] 1370/3000 total=0.063406 raw_mse=0.065600 white_mse=0.028222 cosine_loss=0.047673 lr=6.508e-05 elapsed=1537.3s
[step] 1380/3000 total=0.063832 raw_mse=0.066027 white_mse=0.028419 cosine_loss=0.047990 lr=6.460e-05 elapsed=1547.7s
[step] 1390/3000 total=0.062690 raw_mse=0.064816 white_mse=0.027928 cosine_loss=0.047080 lr=6.411e-05 elapsed=1558.0s
[step] 1400/3000 total=0.062350 raw_mse=0.064508 white_mse=0.027755 cosine_loss=0.046838 lr=6.363e-05 elapsed=1568.3s
[step] 1410/3000 total=0.062340 raw_mse=0.064519 white_mse=0.027739 cosine_loss=0.046842 lr=6.314e-05 elapsed=1578.7s
[step] 1420/3000 total=0.062560 raw_mse=0.064763 white_mse=0.027826 cosine_loss=0.047041 lr=6.265e-05 elapsed=1589.1s
[step] 1430/3000 total=0.062235 raw_mse=0.064381 white_mse=0.027707 cosine_loss=0.046747 lr=6.216e-05 elapsed=1599.6s
[step] 1440/3000 total=0.062093 raw_mse=0.064207 white_mse=0.027659 cosine_loss=0.046609 lr=6.167e-05 elapsed=1609.9s
[step] 1450/3000 total=0.061620 raw_mse=0.063761 white_mse=0.027426 cosine_loss=0.046276 lr=6.118e-05 elapsed=1620.1s
[step] 1460/3000 total=0.061828 raw_mse=0.063951 white_mse=0.027531 cosine_loss=0.046425 lr=6.069e-05 elapsed=1630.3s
[step] 1470/3000 total=0.061497 raw_mse=0.063631 white_mse=0.027372 cosine_loss=0.046180 lr=6.020e-05 elapsed=1640.6s
[step] 1480/3000 total=0.061560 raw_mse=0.063711 white_mse=0.027392 cosine_loss=0.046235 lr=5.970e-05 elapsed=1650.7s
[step] 1490/3000 total=0.061580 raw_mse=0.063738 white_mse=0.027399 cosine_loss=0.046249 lr=5.921e-05 elapsed=1660.9s
[step] 1500/3000 total=0.062010 raw_mse=0.064150 white_mse=0.027606 cosine_loss=0.046569 lr=5.872e-05 elapsed=1671.1s
[epoch] 8/20 train={'total': 0.06250692972358554, 'raw_mse': 0.06466729617479475, 'whitened_mse': 0.027825257862283986, 'cosine': 0.04696047635491382} val={'total': 0.06473282226212493, 'raw_mse': 0.06716096465003817, 'whitened_mse': 0.028708961339386767, 'cosine': 0.04886756477596825} best=0.064733
[step] 1510/3000 total=0.060984 raw_mse=0.063038 white_mse=0.027179 cosine_loss=0.045731 lr=5.822e-05 elapsed=1696.0s
[step] 1520/3000 total=0.061079 raw_mse=0.063164 white_mse=0.027207 cosine_loss=0.045810 lr=5.773e-05 elapsed=1706.6s
[step] 1530/3000 total=0.060654 raw_mse=0.062702 white_mse=0.027030 cosine_loss=0.045466 lr=5.723e-05 elapsed=1716.8s
[step] 1540/3000 total=0.060492 raw_mse=0.062609 white_mse=0.026917 cosine_loss=0.045398 lr=5.674e-05 elapsed=1726.7s
[step] 1550/3000 total=0.060639 raw_mse=0.062733 white_mse=0.026998 cosine_loss=0.045495 lr=5.624e-05 elapsed=1736.7s
[step] 1560/3000 total=0.060057 raw_mse=0.062154 white_mse=0.026728 cosine_loss=0.045047 lr=5.574e-05 elapsed=1746.8s
[step] 1570/3000 total=0.059973 raw_mse=0.062011 white_mse=0.026720 cosine_loss=0.044954 lr=5.525e-05 elapsed=1756.9s
[step] 1580/3000 total=0.060116 raw_mse=0.062191 white_mse=0.026766 cosine_loss=0.045085 lr=5.475e-05 elapsed=1767.1s
[step] 1590/3000 total=0.059337 raw_mse=0.061399 white_mse=0.026413 cosine_loss=0.044498 lr=5.426e-05 elapsed=1777.2s
[step] 1600/3000 total=0.059827 raw_mse=0.061894 white_mse=0.026638 cosine_loss=0.044853 lr=5.376e-05 elapsed=1787.3s
[step] 1610/3000 total=0.059736 raw_mse=0.061803 white_mse=0.026595 cosine_loss=0.044787 lr=5.326e-05 elapsed=1797.9s
[step] 1620/3000 total=0.059590 raw_mse=0.061659 white_mse=0.026527 cosine_loss=0.044679 lr=5.277e-05 elapsed=1808.7s
[step] 1630/3000 total=0.059139 raw_mse=0.061244 white_mse=0.026299 cosine_loss=0.044369 lr=5.227e-05 elapsed=1819.6s
[step] 1640/3000 total=0.059430 raw_mse=0.061476 white_mse=0.026465 cosine_loss=0.044546 lr=5.178e-05 elapsed=1830.4s
[step] 1650/3000 total=0.059343 raw_mse=0.061421 white_mse=0.026407 cosine_loss=0.044503 lr=5.128e-05 elapsed=1841.1s
[step] 1660/3000 total=0.059237 raw_mse=0.061275 white_mse=0.026379 cosine_loss=0.044406 lr=5.079e-05 elapsed=1851.7s
[step] 1670/3000 total=0.059334 raw_mse=0.061371 white_mse=0.026425 cosine_loss=0.044469 lr=5.030e-05 elapsed=1862.3s
[step] 1680/3000 total=0.059259 raw_mse=0.061295 white_mse=0.026391 cosine_loss=0.044406 lr=4.980e-05 elapsed=1873.0s
[step] 1690/3000 total=0.058663 raw_mse=0.060678 white_mse=0.026126 cosine_loss=0.043953 lr=4.931e-05 elapsed=1883.6s
[epoch] 9/20 train={'total': 0.05980345839634538, 'raw_mse': 0.06186782259573328, 'whitened_mse': 0.02662749965229329, 'cosine': 0.04484095060801569} val={'total': 0.06258985401050413, 'raw_mse': 0.06492466283919604, 'whitened_mse': 0.027769298139602355, 'cosine': 0.04716449099078298} best=0.062590
[step] 1700/3000 total=0.058579 raw_mse=0.060580 white_mse=0.026096 cosine_loss=0.043874 lr=4.882e-05 elapsed=1908.0s
[step] 1710/3000 total=0.058380 raw_mse=0.060396 white_mse=0.025995 cosine_loss=0.043730 lr=4.833e-05 elapsed=1918.8s
[step] 1720/3000 total=0.058472 raw_mse=0.060498 white_mse=0.026032 cosine_loss=0.043823 lr=4.784e-05 elapsed=1929.7s
[step] 1730/3000 total=0.057904 raw_mse=0.059900 white_mse=0.025786 cosine_loss=0.043356 lr=4.735e-05 elapsed=1940.3s
[step] 1740/3000 total=0.058329 raw_mse=0.060356 white_mse=0.025966 cosine_loss=0.043698 lr=4.686e-05 elapsed=1951.2s
[step] 1750/3000 total=0.058137 raw_mse=0.060154 white_mse=0.025882 cosine_loss=0.043544 lr=4.637e-05 elapsed=1962.0s
[step] 1760/3000 total=0.057759 raw_mse=0.059791 white_mse=0.025700 cosine_loss=0.043270 lr=4.589e-05 elapsed=1972.9s
[step] 1770/3000 total=0.057563 raw_mse=0.059567 white_mse=0.025624 cosine_loss=0.043106 lr=4.540e-05 elapsed=1983.7s
[step] 1780/3000 total=0.058037 raw_mse=0.060048 white_mse=0.025839 cosine_loss=0.043471 lr=4.492e-05 elapsed=1994.4s
[step] 1790/3000 total=0.057486 raw_mse=0.059467 white_mse=0.025602 cosine_loss=0.043014 lr=4.443e-05 elapsed=2005.1s
[step] 1800/3000 total=0.057487 raw_mse=0.059443 white_mse=0.025614 cosine_loss=0.043023 lr=4.395e-05 elapsed=2016.0s
[step] 1810/3000 total=0.057374 raw_mse=0.059372 white_mse=0.025540 cosine_loss=0.042947 lr=4.347e-05 elapsed=2026.5s
[step] 1820/3000 total=0.057199 raw_mse=0.059153 white_mse=0.025483 cosine_loss=0.042799 lr=4.299e-05 elapsed=2037.3s
[step] 1830/3000 total=0.057272 raw_mse=0.059226 white_mse=0.025516 cosine_loss=0.042851 lr=4.252e-05 elapsed=2047.9s
[step] 1840/3000 total=0.057208 raw_mse=0.059175 white_mse=0.025479 cosine_loss=0.042818 lr=4.204e-05 elapsed=2058.5s
[step] 1850/3000 total=0.057552 raw_mse=0.059522 white_mse=0.025637 cosine_loss=0.043067 lr=4.157e-05 elapsed=2069.1s
[step] 1860/3000 total=0.057066 raw_mse=0.059054 white_mse=0.025403 cosine_loss=0.042725 lr=4.109e-05 elapsed=2079.7s
[step] 1870/3000 total=0.056841 raw_mse=0.058856 white_mse=0.025285 cosine_loss=0.042566 lr=4.062e-05 elapsed=2090.3s
[step] 1880/3000 total=0.056992 raw_mse=0.058968 white_mse=0.025375 cosine_loss=0.042657 lr=4.015e-05 elapsed=2101.1s
[epoch] 10/20 train={'total': 0.057645958075498015, 'raw_mse': 0.05963978318973107, 'whitened_mse': 0.025668021853755604, 'cosine': 0.04316089366205988} val={'total': 0.06135947128000869, 'raw_mse': 0.06370813748267688, 'whitened_mse': 0.027193339741427333, 'cosine': 0.046241254698842355} best=0.061359
[step] 1890/3000 total=0.056292 raw_mse=0.058234 white_mse=0.025070 cosine_loss=0.042108 lr=3.969e-05 elapsed=2125.4s
[step] 1900/3000 total=0.056206 raw_mse=0.058145 white_mse=0.025031 cosine_loss=0.042039 lr=3.922e-05 elapsed=2136.1s
[step] 1910/3000 total=0.056440 raw_mse=0.058401 white_mse=0.025129 cosine_loss=0.042222 lr=3.876e-05 elapsed=2146.6s
[step] 1920/3000 total=0.056273 raw_mse=0.058225 white_mse=0.025056 cosine_loss=0.042092 lr=3.830e-05 elapsed=2157.2s
[step] 1930/3000 total=0.056265 raw_mse=0.058208 white_mse=0.025057 cosine_loss=0.042081 lr=3.784e-05 elapsed=2167.9s
[step] 1940/3000 total=0.056067 raw_mse=0.058026 white_mse=0.024957 cosine_loss=0.041946 lr=3.738e-05 elapsed=2178.4s
[step] 1950/3000 total=0.056157 raw_mse=0.058099 white_mse=0.025007 cosine_loss=0.042004 lr=3.692e-05 elapsed=2189.0s
[step] 1960/3000 total=0.055642 raw_mse=0.057599 white_mse=0.024761 cosine_loss=0.041633 lr=3.647e-05 elapsed=2199.6s
[step] 1970/3000 total=0.056077 raw_mse=0.058019 white_mse=0.024970 cosine_loss=0.041940 lr=3.602e-05 elapsed=2210.1s
[step] 1980/3000 total=0.055843 raw_mse=0.057776 white_mse=0.024868 cosine_loss=0.041751 lr=3.557e-05 elapsed=2220.6s
[step] 1990/3000 total=0.055810 raw_mse=0.057711 white_mse=0.024869 cosine_loss=0.041708 lr=3.512e-05 elapsed=2231.1s
[step] 2000/3000 total=0.055694 raw_mse=0.057631 white_mse=0.024796 cosine_loss=0.041651 lr=3.468e-05 elapsed=2241.7s
[step] 2010/3000 total=0.056060 raw_mse=0.058002 white_mse=0.024962 cosine_loss=0.041933 lr=3.424e-05 elapsed=2253.5s
[step] 2020/3000 total=0.055958 raw_mse=0.057866 white_mse=0.024934 cosine_loss=0.041812 lr=3.380e-05 elapsed=2264.1s
[step] 2030/3000 total=0.055255 raw_mse=0.057164 white_mse=0.024609 cosine_loss=0.041295 lr=3.336e-05 elapsed=2274.7s
[step] 2040/3000 total=0.055486 raw_mse=0.057414 white_mse=0.024705 cosine_loss=0.041491 lr=3.293e-05 elapsed=2285.3s
[step] 2050/3000 total=0.055850 raw_mse=0.057762 white_mse=0.024882 cosine_loss=0.041755 lr=3.250e-05 elapsed=2295.8s
[step] 2060/3000 total=0.055526 raw_mse=0.057471 white_mse=0.024714 cosine_loss=0.041523 lr=3.207e-05 elapsed=2306.4s
[epoch] 11/20 train={'total': 0.05591211501667474, 'raw_mse': 0.05784768602275785, 'whitened_mse': 0.02489767765794742, 'cosine': 0.04181188616921452} val={'total': 0.0602813822102465, 'raw_mse': 0.0626223174149179, 'whitened_mse': 0.02669908424635252, 'cosine': 0.0454227797959221} best=0.060281
[step] 2070/3000 total=0.055266 raw_mse=0.057188 white_mse=0.024606 cosine_loss=0.041320 lr=3.165e-05 elapsed=2330.4s
[step] 2080/3000 total=0.054839 raw_mse=0.056763 white_mse=0.024408 cosine_loss=0.040988 lr=3.122e-05 elapsed=2341.2s
[step] 2090/3000 total=0.054811 raw_mse=0.056709 white_mse=0.024409 cosine_loss=0.040959 lr=3.080e-05 elapsed=2351.8s
[step] 2100/3000 total=0.055252 raw_mse=0.057143 white_mse=0.024616 cosine_loss=0.041288 lr=3.039e-05 elapsed=2362.4s
[step] 2110/3000 total=0.054861 raw_mse=0.056741 white_mse=0.024442 cosine_loss=0.040981 lr=2.997e-05 elapsed=2373.0s
[step] 2120/3000 total=0.054840 raw_mse=0.056729 white_mse=0.024427 cosine_loss=0.040967 lr=2.956e-05 elapsed=2383.6s
[step] 2130/3000 total=0.054774 raw_mse=0.056682 white_mse=0.024387 cosine_loss=0.040928 lr=2.916e-05 elapsed=2394.0s
[step] 2140/3000 total=0.054495 raw_mse=0.056391 white_mse=0.024263 cosine_loss=0.040717 lr=2.875e-05 elapsed=2404.0s
[step] 2150/3000 total=0.054629 raw_mse=0.056505 white_mse=0.024336 cosine_loss=0.040807 lr=2.835e-05 elapsed=2413.9s
[step] 2160/3000 total=0.054199 raw_mse=0.056084 white_mse=0.024132 cosine_loss=0.040496 lr=2.795e-05 elapsed=2423.9s
[step] 2170/3000 total=0.054910 raw_mse=0.056797 white_mse=0.024461 cosine_loss=0.041012 lr=2.756e-05 elapsed=2433.9s
[step] 2180/3000 total=0.054428 raw_mse=0.056345 white_mse=0.024222 cosine_loss=0.040679 lr=2.717e-05 elapsed=2443.8s
[step] 2190/3000 total=0.054454 raw_mse=0.056355 white_mse=0.024243 cosine_loss=0.040681 lr=2.678e-05 elapsed=2453.7s
[step] 2200/3000 total=0.054461 raw_mse=0.056338 white_mse=0.024258 cosine_loss=0.040685 lr=2.639e-05 elapsed=2463.5s
[step] 2210/3000 total=0.054039 raw_mse=0.055910 white_mse=0.024066 cosine_loss=0.040372 lr=2.601e-05 elapsed=2474.2s
[step] 2220/3000 total=0.053590 raw_mse=0.055486 white_mse=0.023844 cosine_loss=0.040042 lr=2.563e-05 elapsed=2484.8s
[step] 2230/3000 total=0.054149 raw_mse=0.056017 white_mse=0.024119 cosine_loss=0.040436 lr=2.526e-05 elapsed=2495.4s
[step] 2240/3000 total=0.054540 raw_mse=0.056418 white_mse=0.024294 cosine_loss=0.040740 lr=2.489e-05 elapsed=2505.9s
[step] 2250/3000 total=0.054207 raw_mse=0.056065 white_mse=0.024151 cosine_loss=0.040468 lr=2.452e-05 elapsed=2516.4s
[epoch] 12/20 train={'total': 0.05452089729481079, 'raw_mse': 0.056409513904772536, 'whitened_mse': 0.02427955481540808, 'cosine': 0.04073171187786663} val={'total': 0.05970429319497113, 'raw_mse': 0.062069026434360304, 'whitened_mse': 0.026420341232646954, 'cosine': 0.04498877352928598} best=0.059704
[step] 2260/3000 total=0.054051 raw_mse=0.055917 white_mse=0.024074 cosine_loss=0.040370 lr=2.416e-05 elapsed=2540.6s
[step] 2270/3000 total=0.053935 raw_mse=0.055794 white_mse=0.024025 cosine_loss=0.040266 lr=2.380e-05 elapsed=2551.1s
[step] 2280/3000 total=0.053831 raw_mse=0.055676 white_mse=0.023983 cosine_loss=0.040183 lr=2.344e-05 elapsed=2561.6s
[step] 2290/3000 total=0.053570 raw_mse=0.055431 white_mse=0.023855 cosine_loss=0.039981 lr=2.309e-05 elapsed=2572.3s
[step] 2300/3000 total=0.053774 raw_mse=0.055630 white_mse=0.023952 cosine_loss=0.040144 lr=2.274e-05 elapsed=2583.0s
[step] 2310/3000 total=0.053724 raw_mse=0.055588 white_mse=0.023924 cosine_loss=0.040112 lr=2.240e-05 elapsed=2593.7s
[step] 2320/3000 total=0.053529 raw_mse=0.055360 white_mse=0.023851 cosine_loss=0.039957 lr=2.206e-05 elapsed=2604.4s
[step] 2330/3000 total=0.053445 raw_mse=0.055310 white_mse=0.023794 cosine_loss=0.039910 lr=2.172e-05 elapsed=2615.1s
[step] 2340/3000 total=0.053233 raw_mse=0.055086 white_mse=0.023703 cosine_loss=0.039734 lr=2.139e-05 elapsed=2625.9s
[step] 2350/3000 total=0.053379 raw_mse=0.055223 white_mse=0.023776 cosine_loss=0.039836 lr=2.107e-05 elapsed=2636.7s
[step] 2360/3000 total=0.053221 raw_mse=0.055061 white_mse=0.023704 cosine_loss=0.039724 lr=2.074e-05 elapsed=2647.4s
[step] 2370/3000 total=0.053067 raw_mse=0.054907 white_mse=0.023633 cosine_loss=0.039610 lr=2.042e-05 elapsed=2658.1s
[step] 2380/3000 total=0.053515 raw_mse=0.055341 white_mse=0.023847 cosine_loss=0.039940 lr=2.011e-05 elapsed=2668.8s
[step] 2390/3000 total=0.053111 raw_mse=0.054971 white_mse=0.023643 cosine_loss=0.039647 lr=1.980e-05 elapsed=2679.5s
[step] 2400/3000 total=0.052988 raw_mse=0.054837 white_mse=0.023592 cosine_loss=0.039547 lr=1.949e-05 elapsed=2690.1s
[step] 2410/3000 total=0.053281 raw_mse=0.055135 white_mse=0.023724 cosine_loss=0.039782 lr=1.919e-05 elapsed=2700.7s
[step] 2420/3000 total=0.053551 raw_mse=0.055415 white_mse=0.023844 cosine_loss=0.039990 lr=1.889e-05 elapsed=2711.3s
[step] 2430/3000 total=0.053287 raw_mse=0.055141 white_mse=0.023728 cosine_loss=0.039775 lr=1.859e-05 elapsed=2721.9s
[step] 2440/3000 total=0.052866 raw_mse=0.054689 white_mse=0.023549 cosine_loss=0.039443 lr=1.830e-05 elapsed=2732.6s
[epoch] 13/20 train={'total': 0.05339677256353675, 'raw_mse': 0.05524611186255959, 'whitened_mse': 0.023780752847743954, 'cosine': 0.03985927567044471} val={'total': 0.05881382187309603, 'raw_mse': 0.06113492785506461, 'whitened_mse': 0.02603240070447802, 'cosine': 0.04427914094332963} best=0.058814
[step] 2450/3000 total=0.052908 raw_mse=0.054741 white_mse=0.023563 cosine_loss=0.039485 lr=1.802e-05 elapsed=2756.9s
[step] 2460/3000 total=0.052596 raw_mse=0.054433 white_mse=0.023417 cosine_loss=0.039246 lr=1.774e-05 elapsed=2767.6s
[step] 2470/3000 total=0.052567 raw_mse=0.054382 white_mse=0.023415 cosine_loss=0.039214 lr=1.746e-05 elapsed=2778.1s
[step] 2480/3000 total=0.052803 raw_mse=0.054628 white_mse=0.023519 cosine_loss=0.039398 lr=1.719e-05 elapsed=2788.8s
[step] 2490/3000 total=0.052608 raw_mse=0.054430 white_mse=0.023430 cosine_loss=0.039242 lr=1.693e-05 elapsed=2799.4s
[step] 2500/3000 total=0.052586 raw_mse=0.054423 white_mse=0.023413 cosine_loss=0.039232 lr=1.666e-05 elapsed=2810.0s
[step] 2510/3000 total=0.052868 raw_mse=0.054698 white_mse=0.023547 cosine_loss=0.039450 lr=1.641e-05 elapsed=2821.9s
[step] 2520/3000 total=0.052286 raw_mse=0.054081 white_mse=0.023296 cosine_loss=0.038997 lr=1.615e-05 elapsed=2832.6s
[step] 2530/3000 total=0.052567 raw_mse=0.054406 white_mse=0.023403 cosine_loss=0.039230 lr=1.591e-05 elapsed=2843.1s
[step] 2540/3000 total=0.052842 raw_mse=0.054636 white_mse=0.023554 cosine_loss=0.039409 lr=1.566e-05 elapsed=2853.5s
[step] 2550/3000 total=0.052571 raw_mse=0.054371 white_mse=0.023425 cosine_loss=0.039206 lr=1.542e-05 elapsed=2863.7s
[step] 2560/3000 total=0.052519 raw_mse=0.054326 white_mse=0.023398 cosine_loss=0.039175 lr=1.519e-05 elapsed=2874.0s
[step] 2570/3000 total=0.052557 raw_mse=0.054380 white_mse=0.023406 cosine_loss=0.039210 lr=1.496e-05 elapsed=2884.4s
[step] 2580/3000 total=0.052413 raw_mse=0.054236 white_mse=0.023340 cosine_loss=0.039102 lr=1.474e-05 elapsed=2895.0s
[step] 2590/3000 total=0.052180 raw_mse=0.053989 white_mse=0.023239 cosine_loss=0.038927 lr=1.452e-05 elapsed=2905.5s
[step] 2600/3000 total=0.052576 raw_mse=0.054409 white_mse=0.023410 cosine_loss=0.039227 lr=1.430e-05 elapsed=2915.9s
[step] 2610/3000 total=0.052414 raw_mse=0.054242 white_mse=0.023338 cosine_loss=0.039103 lr=1.409e-05 elapsed=2926.3s
[step] 2620/3000 total=0.052361 raw_mse=0.054157 white_mse=0.023331 cosine_loss=0.039044 lr=1.389e-05 elapsed=2936.6s
[step] 2630/3000 total=0.052219 raw_mse=0.054052 white_mse=0.023245 cosine_loss=0.038958 lr=1.369e-05 elapsed=2947.0s
[epoch] 14/20 train={'total': 0.052540425409344914, 'raw_mse': 0.05435986259080311, 'whitened_mse': 0.023400724702019322, 'cosine': 0.039195389239157136} val={'total': 0.0584812361840584, 'raw_mse': 0.06081213950940735, 'whitened_mse': 0.025873607481706497, 'cosine': 0.044031178340587986} best=0.058481
[step] 2640/3000 total=0.052091 raw_mse=0.053895 white_mse=0.023201 cosine_loss=0.038849 lr=1.350e-05 elapsed=2971.0s
[step] 2650/3000 total=0.052189 raw_mse=0.054006 white_mse=0.023239 cosine_loss=0.038936 lr=1.331e-05 elapsed=2981.7s
[step] 2660/3000 total=0.052134 raw_mse=0.053931 white_mse=0.023225 cosine_loss=0.038881 lr=1.312e-05 elapsed=2992.3s
[step] 2670/3000 total=0.052155 raw_mse=0.053967 white_mse=0.023227 cosine_loss=0.038895 lr=1.294e-05 elapsed=3002.7s
[step] 2680/3000 total=0.051980 raw_mse=0.053758 white_mse=0.023163 cosine_loss=0.038752 lr=1.277e-05 elapsed=3013.2s
[step] 2690/3000 total=0.052048 raw_mse=0.053847 white_mse=0.023184 cosine_loss=0.038819 lr=1.260e-05 elapsed=3023.7s
[step] 2700/3000 total=0.051985 raw_mse=0.053765 white_mse=0.023165 cosine_loss=0.038746 lr=1.244e-05 elapsed=3034.1s
[step] 2710/3000 total=0.051919 raw_mse=0.053721 white_mse=0.023123 cosine_loss=0.038716 lr=1.228e-05 elapsed=3044.5s
[step] 2720/3000 total=0.051735 raw_mse=0.053506 white_mse=0.023054 cosine_loss=0.038561 lr=1.213e-05 elapsed=3055.2s
[step] 2730/3000 total=0.051636 raw_mse=0.053406 white_mse=0.023009 cosine_loss=0.038482 lr=1.198e-05 elapsed=3065.7s
[step] 2740/3000 total=0.052048 raw_mse=0.053866 white_mse=0.023174 cosine_loss=0.038822 lr=1.184e-05 elapsed=3076.0s
[step] 2750/3000 total=0.051831 raw_mse=0.053610 white_mse=0.023094 cosine_loss=0.038632 lr=1.170e-05 elapsed=3086.0s
[step] 2760/3000 total=0.051808 raw_mse=0.053600 white_mse=0.023076 cosine_loss=0.038629 lr=1.157e-05 elapsed=3095.9s
[step] 2770/3000 total=0.051764 raw_mse=0.053554 white_mse=0.023058 cosine_loss=0.038592 lr=1.144e-05 elapsed=3106.0s
[step] 2780/3000 total=0.051752 raw_mse=0.053538 white_mse=0.023054 cosine_loss=0.038578 lr=1.132e-05 elapsed=3116.0s
[step] 2790/3000 total=0.051797 raw_mse=0.053588 white_mse=0.023072 cosine_loss=0.038610 lr=1.120e-05 elapsed=3125.9s
[step] 2800/3000 total=0.051558 raw_mse=0.053363 white_mse=0.022954 cosine_loss=0.038443 lr=1.109e-05 elapsed=3136.0s
[step] 2810/3000 total=0.051721 raw_mse=0.053491 white_mse=0.023048 cosine_loss=0.038548 lr=1.098e-05 elapsed=3145.8s
[step] 2820/3000 total=0.051448 raw_mse=0.053287 white_mse=0.022885 cosine_loss=0.038382 lr=1.088e-05 elapsed=3156.2s
[epoch] 15/20 train={'total': 0.05187676556190436, 'raw_mse': 0.053671397927633306, 'whitened_mse': 0.023107075533690923, 'cosine': 0.03867982149599714} val={'total': 0.058091256104103504, 'raw_mse': 0.06041677046107919, 'whitened_mse': 0.02569623096935349, 'cosine': 0.04373280021902089} best=0.058091
[step] 2830/3000 total=0.051332 raw_mse=0.053118 white_mse=0.022860 cosine_loss=0.038263 lr=1.079e-05 elapsed=3179.7s
[step] 2840/3000 total=0.051696 raw_mse=0.053471 white_mse=0.023035 cosine_loss=0.038525 lr=1.070e-05 elapsed=3190.2s
[step] 2850/3000 total=0.051488 raw_mse=0.053257 white_mse=0.022941 cosine_loss=0.038372 lr=1.061e-05 elapsed=3200.8s
[step] 2860/3000 total=0.051326 raw_mse=0.053107 white_mse=0.022860 cosine_loss=0.038262 lr=1.053e-05 elapsed=3211.3s
[step] 2870/3000 total=0.051475 raw_mse=0.053260 white_mse=0.022927 cosine_loss=0.038366 lr=1.046e-05 elapsed=3222.0s
[step] 2880/3000 total=0.051198 raw_mse=0.052967 white_mse=0.022806 cosine_loss=0.038163 lr=1.039e-05 elapsed=3232.7s
[step] 2890/3000 total=0.051420 raw_mse=0.053191 white_mse=0.022909 cosine_loss=0.038314 lr=1.033e-05 elapsed=3243.3s
[step] 2900/3000 total=0.051628 raw_mse=0.053390 white_mse=0.023010 cosine_loss=0.038463 lr=1.027e-05 elapsed=3253.9s
[step] 2910/3000 total=0.051402 raw_mse=0.053194 white_mse=0.022889 cosine_loss=0.038328 lr=1.022e-05 elapsed=3264.4s
[step] 2920/3000 total=0.051545 raw_mse=0.053331 white_mse=0.022958 cosine_loss=0.038424 lr=1.017e-05 elapsed=3275.0s
[step] 2930/3000 total=0.051262 raw_mse=0.053021 white_mse=0.022841 cosine_loss=0.038199 lr=1.013e-05 elapsed=3285.5s
[step] 2940/3000 total=0.051445 raw_mse=0.053226 white_mse=0.022916 cosine_loss=0.038335 lr=1.010e-05 elapsed=3296.0s
[step] 2950/3000 total=0.051174 raw_mse=0.052952 white_mse=0.022791 cosine_loss=0.038144 lr=1.007e-05 elapsed=3306.6s
[step] 2960/3000 total=0.051152 raw_mse=0.052927 white_mse=0.022782 cosine_loss=0.038123 lr=1.004e-05 elapsed=3317.0s
[step] 2970/3000 total=0.051200 raw_mse=0.052979 white_mse=0.022803 cosine_loss=0.038155 lr=1.002e-05 elapsed=3327.5s
[step] 2980/3000 total=0.051178 raw_mse=0.052961 white_mse=0.022790 cosine_loss=0.038147 lr=1.001e-05 elapsed=3337.8s
[step] 2990/3000 total=0.051410 raw_mse=0.053183 white_mse=0.022903 cosine_loss=0.038314 lr=1.000e-05 elapsed=3348.4s
[step] 3000/3000 total=0.051472 raw_mse=0.053240 white_mse=0.022934 cosine_loss=0.038367 lr=1.000e-05 elapsed=3358.8s
[epoch] 16/20 train={'total': 0.05137798603003224, 'raw_mse': 0.05315405382878251, 'whitened_mse': 0.02288633760375281, 'cosine': 0.038292429353007015} val={'total': 0.05794465663889636, 'raw_mse': 0.06027594692664876, 'whitened_mse': 0.02562522546486019, 'cosine': 0.04362915335520762} best=0.058091
[train] reached max_steps=3000
